Archive member included to satisfy reference by file (symbol)

C:/ST/STM32CubeIDE_1.19.0/STM32CubeIDE/plugins/com.st.stm32cube.ide.mcu.externaltools.gnu-tools-for-stm32.14.3.rel1.win32_1.0.100.202602081740/tools/bin/../lib/gcc/arm-none-eabi/14.3.1/../../../../arm-none-eabi/lib/thumb/v7e-m+fp/hard\libc_nano.a(libc_a-exit.o)
                              C:/ST/STM32CubeIDE_1.19.0/STM32CubeIDE/plugins/com.st.stm32cube.ide.mcu.externaltools.gnu-tools-for-stm32.14.3.rel1.win32_1.0.100.202602081740/tools/bin/../lib/gcc/arm-none-eabi/14.3.1/../../../../arm-none-eabi/lib/thumb/v7e-m+fp/hard/crt0.o (exit)
C:/ST/STM32CubeIDE_1.19.0/STM32CubeIDE/plugins/com.st.stm32cube.ide.mcu.externaltools.gnu-tools-for-stm32.14.3.rel1.win32_1.0.100.202602081740/tools/bin/../lib/gcc/arm-none-eabi/14.3.1/../../../../arm-none-eabi/lib/thumb/v7e-m+fp/hard\libc_nano.a(libc_a-findfp.o)
                              ./Middlewares/Third_Party/FreeRTOS/Source/tasks.o (__sf)
C:/ST/STM32CubeIDE_1.19.0/STM32CubeIDE/plugins/com.st.stm32cube.ide.mcu.externaltools.gnu-tools-for-stm32.14.3.rel1.win32_1.0.100.202602081740/tools/bin/../lib/gcc/arm-none-eabi/14.3.1/../../../../arm-none-eabi/lib/thumb/v7e-m+fp/hard\libc_nano.a(libc_a-fwalk.o)
                              C:/ST/STM32CubeIDE_1.19.0/STM32CubeIDE/plugins/com.st.stm32cube.ide.mcu.externaltools.gnu-tools-for-stm32.14.3.rel1.win32_1.0.100.202602081740/tools/bin/../lib/gcc/arm-none-eabi/14.3.1/../../../../arm-none-eabi/lib/thumb/v7e-m+fp/hard\libc_nano.a(libc_a-findfp.o) (_fwalk_sglue)
C:/ST/STM32CubeIDE_1.19.0/STM32CubeIDE/plugins/com.st.stm32cube.ide.mcu.externaltools.gnu-tools-for-stm32.14.3.rel1.win32_1.0.100.202602081740/tools/bin/../lib/gcc/arm-none-eabi/14.3.1/../../../../arm-none-eabi/lib/thumb/v7e-m+fp/hard\libc_nano.a(libc_a-stdio.o)
                              C:/ST/STM32CubeIDE_1.19.0/STM32CubeIDE/plugins/com.st.stm32cube.ide.mcu.externaltools.gnu-tools-for-stm32.14.3.rel1.win32_1.0.100.202602081740/tools/bin/../lib/gcc/arm-none-eabi/14.3.1/../../../../arm-none-eabi/lib/thumb/v7e-m+fp/hard\libc_nano.a(libc_a-findfp.o) (__sread)
C:/ST/STM32CubeIDE_1.19.0/STM32CubeIDE/plugins/com.st.stm32cube.ide.mcu.externaltools.gnu-tools-for-stm32.14.3.rel1.win32_1.0.100.202602081740/tools/bin/../lib/gcc/arm-none-eabi/14.3.1/../../../../arm-none-eabi/lib/thumb/v7e-m+fp/hard\libc_nano.a(libc_a-memset.o)
                              C:/ST/STM32CubeIDE_1.19.0/STM32CubeIDE/plugins/com.st.stm32cube.ide.mcu.externaltools.gnu-tools-for-stm32.14.3.rel1.win32_1.0.100.202602081740/tools/bin/../lib/gcc/arm-none-eabi/14.3.1/../../../../arm-none-eabi/lib/thumb/v7e-m+fp/hard/crt0.o (memset)
C:/ST/STM32CubeIDE_1.19.0/STM32CubeIDE/plugins/com.st.stm32cube.ide.mcu.externaltools.gnu-tools-for-stm32.14.3.rel1.win32_1.0.100.202602081740/tools/bin/../lib/gcc/arm-none-eabi/14.3.1/../../../../arm-none-eabi/lib/thumb/v7e-m+fp/hard\libc_nano.a(libc_a-closer.o)
                              C:/ST/STM32CubeIDE_1.19.0/STM32CubeIDE/plugins/com.st.stm32cube.ide.mcu.externaltools.gnu-tools-for-stm32.14.3.rel1.win32_1.0.100.202602081740/tools/bin/../lib/gcc/arm-none-eabi/14.3.1/../../../../arm-none-eabi/lib/thumb/v7e-m+fp/hard\libc_nano.a(libc_a-stdio.o) (_close_r)
C:/ST/STM32CubeIDE_1.19.0/STM32CubeIDE/plugins/com.st.stm32cube.ide.mcu.externaltools.gnu-tools-for-stm32.14.3.rel1.win32_1.0.100.202602081740/tools/bin/../lib/gcc/arm-none-eabi/14.3.1/../../../../arm-none-eabi/lib/thumb/v7e-m+fp/hard\libc_nano.a(libc_a-reent.o)
                              ./Middlewares/Third_Party/FreeRTOS/Source/tasks.o (_reclaim_reent)
C:/ST/STM32CubeIDE_1.19.0/STM32CubeIDE/plugins/com.st.stm32cube.ide.mcu.externaltools.gnu-tools-for-stm32.14.3.rel1.win32_1.0.100.202602081740/tools/bin/../lib/gcc/arm-none-eabi/14.3.1/../../../../arm-none-eabi/lib/thumb/v7e-m+fp/hard\libc_nano.a(libc_a-impure.o)
                              ./Middlewares/Third_Party/FreeRTOS/Source/tasks.o (_impure_ptr)
C:/ST/STM32CubeIDE_1.19.0/STM32CubeIDE/plugins/com.st.stm32cube.ide.mcu.externaltools.gnu-tools-for-stm32.14.3.rel1.win32_1.0.100.202602081740/tools/bin/../lib/gcc/arm-none-eabi/14.3.1/../../../../arm-none-eabi/lib/thumb/v7e-m+fp/hard\libc_nano.a(libc_a-lseekr.o)
                              C:/ST/STM32CubeIDE_1.19.0/STM32CubeIDE/plugins/com.st.stm32cube.ide.mcu.externaltools.gnu-tools-for-stm32.14.3.rel1.win32_1.0.100.202602081740/tools/bin/../lib/gcc/arm-none-eabi/14.3.1/../../../../arm-none-eabi/lib/thumb/v7e-m+fp/hard\libc_nano.a(libc_a-stdio.o) (_lseek_r)
C:/ST/STM32CubeIDE_1.19.0/STM32CubeIDE/plugins/com.st.stm32cube.ide.mcu.externaltools.gnu-tools-for-stm32.14.3.rel1.win32_1.0.100.202602081740/tools/bin/../lib/gcc/arm-none-eabi/14.3.1/../../../../arm-none-eabi/lib/thumb/v7e-m+fp/hard\libc_nano.a(libc_a-readr.o)
[...]
Memory Configuration

Name             Origin             Length             Attributes
RAM              0x20000000         0x00020000         xrw
FLASH            0x08000000         0x00080000         xr
*default*        0x00000000         0xffffffff

Linker script and memory map

LOAD C:/ST/STM32CubeIDE_1.19.0/STM32CubeIDE/plugins/com.st.stm32cube.ide.mcu.externaltools.gnu-tools-for-stm32.14.3.rel1.win32_1.0.100.202602081740/tools/bin/../lib/gcc/arm-none-eabi/14.3.1/thumb/v7e-m+fp/hard/crti.o
LOAD C:/ST/STM32CubeIDE_1.19.0/STM32CubeIDE/plugins/com.st.stm32cube.ide.mcu.externaltools.gnu-tools-for-stm32.14.3.rel1.win32_1.0.100.202602081740/tools/bin/../lib/gcc/arm-none-eabi/14.3.1/thumb/v7e-m+fp/hard/crtbegin.o
LOAD C:/ST/STM32CubeIDE_1.19.0/STM32CubeIDE/plugins/com.st.stm32cube.ide.mcu.externaltools.gnu-tools-for-stm32.14.3.rel1.win32_1.0.100.202602081740/tools/bin/../lib/gcc/arm-none-eabi/14.3.1/../../../../arm-none-eabi/lib/thumb/v7e-m+fp/hard/crt0.o
LOAD ./Core/Src/app_freertos.o
LOAD ./Core/Src/gpio.o
LOAD ./Core/Src/i2c.o
LOAD ./Core/Src/main.o
LOAD ./Core/Src/spi.o
LOAD ./Core/Src/stm32g4xx_hal_msp.o
LOAD ./Core/Src/stm32g4xx_hal_timebase_tim.o
LOAD ./Core/Src/stm32g4xx_it.o
LOAD ./Core/Src/syscalls.o
LOAD ./Core/Src/sysmem.o
LOAD ./Core/Src/system_stm32g4xx.o
LOAD ./Core/Src/usart.o
LOAD ./Core/Startup/startup_stm32g474retx.o
LOAD ./Drivers/STM32G4xx_HAL_Driver/Src/stm32g4xx_hal.o
LOAD ./Drivers/STM32G4xx_HAL_Driver/Src/stm32g4xx_hal_cortex.o
LOAD ./Drivers/STM32G4xx_HAL_Driver/Src/stm32g4xx_hal_dma.o
LOAD ./Drivers/STM32G4xx_HAL_Driver/Src/stm32g4xx_hal_dma_ex.o
LOAD ./Drivers/STM32G4xx_HAL_Driver/Src/stm32g4xx_hal_exti.o
LOAD ./Drivers/STM32G4xx_HAL_Driver/Src/stm32g4xx_hal_flash.o
LOAD ./Drivers/STM32G4xx_HAL_Driver/Src/stm32g4xx_hal_flash_ex.o
LOAD ./Drivers/STM32G4xx_HAL_Driver/Src/stm32g4xx_hal_flash_ramfunc.o
LOAD ./Drivers/STM32G4xx_HAL_Driver/Src/stm32g4xx_hal_gpio.o
LOAD ./Drivers/STM32G4xx_HAL_Driver/Src/stm32g4xx_hal_i2c.o
LOAD ./Drivers/STM32G4xx_HAL_Driver/Src/stm32g4xx_hal_i2c_ex.o
LOAD ./Drivers/STM32G4xx_HAL_Driver/Src/stm32g4xx_hal_pwr.o
LOAD ./Drivers/STM32G4xx_HAL_Driver/Src/stm32g4xx_hal_pwr_ex.o
LOAD ./Drivers/STM32G4xx_HAL_Driver/Src/stm32g4xx_hal_rcc.o
LOAD ./Drivers/STM32G4xx_HAL_Driver/Src/stm32g4xx_hal_rcc_ex.o
LOAD ./Drivers/STM32G4xx_HAL_Driver/Src/stm32g4xx_hal_spi.o
LOAD ./Drivers/STM32G4xx_HAL_Driver/Src/stm32g4xx_hal_spi_ex.o
LOAD ./Drivers/STM32G4xx_HAL_Driver/Src/stm32g4xx_hal_tim.o
LOAD ./Drivers/STM32G4xx_HAL_Driver/Src/stm32g4xx_hal_tim_ex.o
LOAD ./Drivers/STM32G4xx_HAL_Driver/Src/stm32g4xx_hal_uart.o
LOAD ./Drivers/STM32G4xx_HAL_Driver/Src/stm32g4xx_hal_uart_ex.o
LOAD ./Middlewares/Third_Party/FreeRTOS/Source/CMSIS_RTOS_V2/cmsis_os2.o
LOAD ./Middlewares/Third_Party/FreeRTOS/Source/croutine.o
LOAD ./Middlewares/Third_Party/FreeRTOS/Source/event_groups.o
LOAD ./Middlewares/Third_Party/FreeRTOS/Source/list.o
LOAD ./Middlewares/Third_Party/FreeRTOS/Source/queue.o
LOAD ./Middlewares/Third_Party/FreeRTOS/Source/stream_buffer.o
LOAD ./Middlewares/Third_Party/FreeRTOS/Source/tasks.o
LOAD ./Middlewares/Third_Party/FreeRTOS/Source/timers.o
LOAD ./Middlewares/Third_Party/FreeRTOS/Source/portable/GCC/ARM_CM4F/port.o
LOAD ./Middlewares/Third_Party/FreeRTOS/Source/portable/MemMang/heap_4.o
START GROUP
LOAD C:/ST/STM32CubeIDE_1.19.0/STM32CubeIDE/plugins/com.st.stm32cube.ide.mcu.externaltools.gnu-tools-for-stm32.14.3.rel1.win32_1.0.100.202602081740/tools/bin/../lib/gcc/arm-none-eabi/14.3.1/../../../../arm-none-eabi/lib/thumb/v7e-m+fp/hard\libc_nano.a
LOAD C:/ST/STM32CubeIDE_1.19.0/STM32CubeIDE/plugins/com.st.stm32cube.ide.mcu.externaltools.gnu-tools-for-stm32.14.3.rel1.win32_1.0.100.202602081740/tools/bin/../lib/gcc/arm-none-eabi/14.3.1/../../../../arm-none-eabi/lib/thumb/v7e-m+fp/hard\libm.a
END GROUP
START GROUP
LOAD C:/ST/STM32CubeIDE_1.19.0/STM32CubeIDE/plugins/com.st.stm32cube.ide.mcu.externaltools.gnu-tools-for-stm32.14.3.rel1.win32_1.0.100.202602081740/tools/bin/../lib/gcc/arm-none-eabi/14.3.1/thumb/v7e-m+fp/hard\libgcc.a
LOAD C:/ST/STM32CubeIDE_1.19.0/STM32CubeIDE/plugins/com.st.stm32cube.ide.mcu.externaltools.gnu-tools-for-stm32.14.3.rel1.win32_1.0.100.202602081740/tools/bin/../lib/gcc/arm-none-eabi/14.3.1/../../../../arm-none-eabi/lib/thumb/v7e-m+fp/hard\libc_nano.a
END GROUP
START GROUP
LOAD C:/ST/STM32CubeIDE_1.19.0/STM32CubeIDE/plugins/com.st.stm32cube.ide.mcu.externaltools.gnu-tools-for-stm32.14.3.rel1.win32_1.0.100.202602081740/tools/bin/../lib/gcc/arm-none-eabi/14.3.1/thumb/v7e-m+fp/hard\libgcc.a
LOAD C:/ST/STM32CubeIDE_1.19.0/STM32CubeIDE/plugins/com.st.stm32cube.ide.mcu.externaltools.gnu-tools-for-stm32.14.3.rel1.win32_1.0.100.202602081740/tools/bin/../lib/gcc/arm-none-eabi/14.3.1/../../../../arm-none-eabi/lib/thumb/v7e-m+fp/hard\libc_nano.a
LOAD C:/ST/STM32CubeIDE_1.19.0/STM32CubeIDE/plugins/com.st.stm32cube.ide.mcu.externaltools.gnu-tools-for-stm32.14.3.rel1.win32_1.0.100.202602081740/tools/bin/../lib/gcc/arm-none-eabi/14.3.1/../../../../arm-none-eabi/lib/thumb/v7e-m+fp/hard\libnosys.a
END GROUP
START GROUP
LOAD C:/ST/STM32CubeIDE_1.19.0/STM32CubeIDE/plugins/com.st.stm32cube.ide.mcu.externaltools.gnu-tools-for-stm32.14.3.rel1.win32_1.0.100.202602081740/tools/bin/../lib/gcc/arm-none-eabi/14.3.1/thumb/v7e-m+fp/hard\libgcc.a
LOAD C:/ST/STM32CubeIDE_1.19.0/STM32CubeIDE/plugins/com.st.stm32cube.ide.mcu.externaltools.gnu-tools-for-stm32.14.3.rel1.win32_1.0.100.202602081740/tools/bin/../lib/gcc/arm-none-eabi/14.3.1/../../../../arm-none-eabi/lib/thumb/v7e-m+fp/hard\libc_nano.a
LOAD C:/ST/STM32CubeIDE_1.19.0/STM32CubeIDE/plugins/com.st.stm32cube.ide.mcu.externaltools.gnu-tools-for-stm32.14.3.rel1.win32_1.0.100.202602081740/tools/bin/../lib/gcc/arm-none-eabi/14.3.1/../../../../arm-none-eabi/lib/thumb/v7e-m+fp/hard\libnosys.a
END GROUP
LOAD C:/ST/STM32CubeIDE_1.19.0/STM32CubeIDE/plugins/com.st.stm32cube.ide.mcu.externaltools.gnu-tools-for-stm32.14.3.rel1.win32_1.0.100.202602081740/tools/bin/../lib/gcc/arm-none-eabi/14.3.1/thumb/v7e-m+fp/hard/crtend.o
LOAD C:/ST/STM32CubeIDE_1.19.0/STM32CubeIDE/plugins/com.st.stm32cube.ide.mcu.externaltools.gnu-tools-for-stm32.14.3.rel1.win32_1.0.100.202602081740/tools/bin/../lib/gcc/arm-none-eabi/14.3.1/thumb/v7e-m+fp/hard/crtn.o
                0x20020000                        _estack = (ORIGIN (RAM) + LENGTH (RAM))
                0x00000200                        _Min_Heap_Size = 0x200
                0x00000400                        _Min_Stack_Size = 0x400

.isr_vector     0x08000000      0x1d8
                0x08000000                        . = ALIGN (0x4)
 *(.isr_vector)
 .isr_vector    0x08000000      0x1d8 ./Core/Startup/startup_stm32g474retx.o
                0x08000000                g_pfnVectors
                0x080001d8                        . = ALIGN (0x4)

.text           0x080001e0     0x6be0
                0x080001e0                        . = ALIGN (0x4)
 *(.text)
 .text          0x080001e0       0x40 C:/ST/STM32CubeIDE_1.19.0/STM32CubeIDE/plugins/com.st.stm32cube.ide.mcu.externaltools.gnu-tools-for-stm32.14.3.rel1.win32_1.0.100.202602081740/tools/bin/../lib/gcc/arm-none-eabi/14.3.1/thumb/v7e-m+fp/hard/crtbegin.o
 .text          0x08000220       0x30 C:/ST/STM32CubeIDE_1.19.0/STM32CubeIDE/plugins/com.st.stm32cube.ide.mcu.externaltools.gnu-tools-for-stm32.14.3.rel1.win32_1.0.100.202602081740/tools/bin/../lib/gcc/arm-none-eabi/14.3.1/thumb/v7e-m+fp/hard\libgcc.a(_aeabi_uldivmod.o)
                0x08000220                __aeabi_uldivmod
 .text          0x08000250      0x2f8 C:/ST/STM32CubeIDE_1.19.0/STM32CubeIDE/plugins/com.st.stm32cube.ide.mcu.externaltools.gnu-tools-for-stm32.14.3.rel1.win32_1.0.100.202602081740/tools/bin/../lib/gcc/arm-none-eabi/14.3.1/thumb/v7e-m+fp/hard\libgcc.a(_udivmoddi4.o)
                0x08000250                __udivmoddi4
 .text          0x08000548        0x4 C:/ST/STM32CubeIDE_1.19.0/STM32CubeIDE/plugins/com.st.stm32cube.ide.mcu.externaltools.gnu-tools-for-stm32.14.3.rel1.win32_1.0.100.202602081740/tools/bin/../lib/gcc/arm-none-eabi/14.3.1/thumb/v7e-m+fp/hard\libgcc.a(_dvmd_tls.o)
                0x08000548                __aeabi_idiv0
                0x08000548                __aeabi_ldiv0
 *(.text*)
 .text.MX_FREERTOS_Init
                0x0800054c       0x24 ./Core/Src/app_freertos.o
                0x0800054c                MX_FREERTOS_Init
 .text.StartDefaultTask
                0x08000570       0x10 ./Core/Src/app_freertos.o
                0x08000570                StartDefaultTask
 .text.MX_GPIO_Init
                0x08000580      0x15c ./Core/Src/gpio.o
                0x08000580                MX_GPIO_Init
 .text.MX_I2C2_Init
                0x080006dc       0x80 ./Core/Src/i2c.o
                0x080006dc                MX_I2C2_Init
 .text.MX_I2C3_Init
                0x0800075c       0x80 ./Core/Src/i2c.o
                0x0800075c                MX_I2C3_Init
 .text.HAL_I2C_MspInit
                0x080007dc      0x178 ./Core/Src/i2c.o
                0x080007dc                HAL_I2C_MspInit
 .text.main     0x08000954       0x40 ./Core/Src/main.o
                0x08000954                main
 .text.SystemClock_Config
                0x08000994       0x94 ./Core/Src/main.o
                0x08000994                SystemClock_Config
 .text.HAL_TIM_PeriodElapsedCallback
                0x08000a28       0x24 ./Core/Src/main.o
                0x08000a28                HAL_TIM_PeriodElapsedCallback
 .text.Error_Handler
                0x08000a4c        0xc ./Core/Src/main.o
                0x08000a4c                Error_Handler
 .text.MX_SPI1_Init
                0x08000a58       0x7c ./Core/Src/spi.o
                0x08000a58                MX_SPI1_Init
 .text.MX_SPI2_Init
                0x08000ad4       0x7c ./Core/Src/spi.o
                0x08000ad4                MX_SPI2_Init
 .text.MX_SPI3_Init
                0x08000b50       0x7c ./Core/Src/spi.o
                0x08000b50                MX_SPI3_Init
 .text.HAL_SPI_MspInit
                0x08000bcc      0x14c ./Core/Src/spi.o
                0x08000bcc                HAL_SPI_MspInit
 .text.HAL_MspInit
                0x08000d18       0x54 ./Core/Src/stm32g4xx_hal_msp.o
                0x08000d18                HAL_MspInit
 .text.HAL_InitTick
                0x08000d6c       0xd8 ./Core/Src/stm32g4xx_hal_timebase_tim.o
                0x08000d6c                HAL_InitTick
 .text.NMI_Handler
                0x08000e44        0x8 ./Core/Src/stm32g4xx_it.o
                0x08000e44                NMI_Handler
 .text.HardFault_Handler
                0x08000e4c        0x8 ./Core/Src/stm32g4xx_it.o
                0x08000e4c                HardFault_Handler
 .text.MemManage_Handler
                0x08000e54        0x8 ./Core/Src/stm32g4xx_it.o
                0x08000e54                MemManage_Handler
 .text.BusFault_Handler
                0x08000e5c        0x8 ./Core/Src/stm32g4xx_it.o
                0x08000e5c                BusFault_Handler
 .text.UsageFault_Handler
                0x08000e64        0x8 ./Core/Src/stm32g4xx_it.o
                0x08000e64                UsageFault_Handler
 .text.DebugMon_Handler
                0x08000e6c        0xe ./Core/Src/stm32g4xx_it.o
                0x08000e6c                DebugMon_Handler
 *fill*         0x08000e7a        0x2 
 .text.TIM1_UP_TIM16_IRQHandler
                0x08000e7c       0x14 ./Core/Src/stm32g4xx_it.o
                0x08000e7c                TIM1_UP_TIM16_IRQHandler
 .text.SystemInit
                0x08000e90       0x24 ./Core/Src/system_stm32g4xx.o
                0x08000e90                SystemInit
 .text.MX_UART4_Init
                0x08000eb4       0x98 ./Core/Src/usart.o
                0x08000eb4                MX_UART4_Init
 .text.MX_USART2_UART_Init
                0x08000f4c       0x98 ./Core/Src/usart.o
                0x08000f4c                MX_USART2_UART_Init
 .text.MX_USART3_UART_Init
                0x08000fe4       0x98 ./Core/Src/usart.o
                0x08000fe4                MX_USART3_UART_Init
 .text.HAL_UART_MspInit
                0x0800107c      0x1c0 ./Core/Src/usart.o
                0x0800107c                HAL_UART_MspInit
 .text.Reset_Handler
                0x0800123c       0x50 ./Core/Startup/startup_stm32g474retx.o
                0x0800123c                Reset_Handler
 .text.Default_Handler
                0x0800128c        0x2 ./Core/Startup/startup_stm32g474retx.o
                0x0800128c                RTC_Alarm_IRQHandler
                0x0800128c                EXTI2_IRQHandler
                0x0800128c                TIM8_TRG_COM_IRQHandler
                0x0800128c                TIM8_CC_IRQHandler
                0x0800128c                HRTIM1_Master_IRQHandler
                0x0800128c                SPI4_IRQHandler
                0x0800128c                FDCAN3_IT0_IRQHandler
                0x0800128c                TIM1_CC_IRQHandler
                0x0800128c                HRTIM1_FLT_IRQHandler
                0x0800128c                HRTIM1_TIMF_IRQHandler
                0x0800128c                USB_HP_IRQHandler
                0x0800128c                CORDIC_IRQHandler
                0x0800128c                HRTIM1_TIMD_IRQHandler
                0x0800128c                DMA2_Channel8_IRQHandler
                0x0800128c                EXTI3_IRQHandler
                0x0800128c                I2C3_ER_IRQHandler
                0x0800128c                EXTI0_IRQHandler
                0x0800128c                I2C2_EV_IRQHandler
                0x0800128c                FPU_IRQHandler
                0x0800128c                FDCAN1_IT1_IRQHandler
                0x0800128c                ADC1_2_IRQHandler
                0x0800128c                HRTIM1_TIME_IRQHandler
                0x0800128c                SPI1_IRQHandler
                0x0800128c                TIM6_DAC_IRQHandler
                0x0800128c                HRTIM1_TIMC_IRQHandler
                0x0800128c                TIM8_UP_IRQHandler
                0x0800128c                DMA2_Channel2_IRQHandler
                0x0800128c                DMA1_Channel4_IRQHandler
                0x0800128c                TIM20_TRG_COM_IRQHandler
                0x0800128c                USART3_IRQHandler
                0x0800128c                DMA1_Channel7_IRQHandler
                0x0800128c                UART5_IRQHandler
                0x0800128c                ADC3_IRQHandler
                0x0800128c                TIM4_IRQHandler
                0x0800128c                DMA2_Channel1_IRQHandler
                0x0800128c                QUADSPI_IRQHandler
                0x0800128c                I2C1_EV_IRQHandler
                0x0800128c                DMA1_Channel6_IRQHandler
                0x0800128c                UART4_IRQHandler
                0x0800128c                DMA2_Channel4_IRQHandler
                0x0800128c                TIM3_IRQHandler
                0x0800128c                RCC_IRQHandler
                0x0800128c                TIM20_UP_IRQHandler
                0x0800128c                DMA1_Channel1_IRQHandler
                0x0800128c                Default_Handler
                0x0800128c                DMA2_Channel7_IRQHandler
                0x0800128c                RTC_TAMP_LSECSS_IRQHandler
                0x0800128c                FMAC_IRQHandler
                0x0800128c                EXTI15_10_IRQHandler
                0x0800128c                DMA1_Channel8_IRQHandler
                0x0800128c                HRTIM1_TIMA_IRQHandler
                0x0800128c                TIM7_DAC_IRQHandler
                0x0800128c                FDCAN3_IT1_IRQHandler
                0x0800128c                TIM5_IRQHandler
                0x0800128c                UCPD1_IRQHandler
                0x0800128c                I2C3_EV_IRQHandler
                0x0800128c                EXTI9_5_IRQHandler
                0x0800128c                RTC_WKUP_IRQHandler
                0x0800128c                PVD_PVM_IRQHandler
                0x0800128c                SPI2_IRQHandler
                0x0800128c                ADC5_IRQHandler
                0x0800128c                DMA2_Channel5_IRQHandler
                0x0800128c                CRS_IRQHandler
                0x0800128c                DMA1_Channel5_IRQHandler
                0x0800128c                USB_LP_IRQHandler
                0x0800128c                EXTI4_IRQHandler
                0x0800128c                RNG_IRQHandler
                0x0800128c                HRTIM1_TIMB_IRQHandler
                0x0800128c                TIM1_TRG_COM_TIM17_IRQHandler
                0x0800128c                FDCAN2_IT1_IRQHandler
                0x0800128c                DMA1_Channel3_IRQHandler
                0x0800128c                ADC4_IRQHandler
                0x0800128c                WWDG_IRQHandler
                0x0800128c                I2C4_EV_IRQHandler
                0x0800128c                FDCAN2_IT0_IRQHandler
                0x0800128c                LPUART1_IRQHandler
                0x0800128c                DMA2_Channel6_IRQHandler
                0x0800128c                FDCAN1_IT0_IRQHandler
                0x0800128c                TIM2_IRQHandler
                0x0800128c                COMP7_IRQHandler
                0x0800128c                COMP1_2_3_IRQHandler
                0x0800128c                EXTI1_IRQHandler
                0x0800128c                USART2_IRQHandler
                0x0800128c                COMP4_5_6_IRQHandler
                0x0800128c                TIM20_BRK_IRQHandler
                0x0800128c                I2C2_ER_IRQHandler
                0x0800128c                DMA1_Channel2_IRQHandler
                0x0800128c                TIM8_BRK_IRQHandler
                0x0800128c                FLASH_IRQHandler
                0x0800128c                TIM20_CC_IRQHandler
                0x0800128c                USART1_IRQHandler
                0x0800128c                SPI3_IRQHandler
                0x0800128c                I2C1_ER_IRQHandler
                0x0800128c                FMC_IRQHandler
                0x0800128c                LPTIM1_IRQHandler
                0x0800128c                DMAMUX_OVR_IRQHandler
                0x0800128c                I2C4_ER_IRQHandler
                0x0800128c                USBWakeUp_IRQHandler
                0x0800128c                SAI1_IRQHandler
                0x0800128c                DMA2_Channel3_IRQHandler
                0x0800128c                TIM1_BRK_TIM15_IRQHandler
 .text.HAL_Init
                0x0800128e       0x30 ./Drivers/STM32G4xx_HAL_Driver/Src/stm32g4xx_hal.o
                0x0800128e                HAL_Init
 *fill*         0x080012be        0x2 
 .text.HAL_IncTick
                0x080012c0       0x24 ./Drivers/STM32G4xx_HAL_Driver/Src/stm32g4xx_hal.o
                0x080012c0                HAL_IncTick
 .text.HAL_GetTick
                0x080012e4       0x18 ./Drivers/STM32G4xx_HAL_Driver/Src/stm32g4xx_hal.o
                0x080012e4                HAL_GetTick
 .text.__NVIC_SetPriorityGrouping
                0x080012fc       0x48 ./Drivers/STM32G4xx_HAL_Driver/Src/stm32g4xx_hal_cortex.o
 .text.__NVIC_GetPriorityGrouping
                0x08001344       0x1c ./Drivers/STM32G4xx_HAL_Driver/Src/stm32g4xx_hal_cortex.o
 .text.__NVIC_EnableIRQ
                0x08001360       0x3c ./Drivers/STM32G4xx_HAL_Driver/Src/stm32g4xx_hal_cortex.o
 .text.__NVIC_SetPriority
                0x0800139c       0x54 ./Drivers/STM32G4xx_HAL_Driver/Src/stm32g4xx_hal_cortex.o
 .text.NVIC_EncodePriority
                0x080013f0       0x66 ./Drivers/STM32G4xx_HAL_Driver/Src/stm32g4xx_hal_cortex.o
 .text.HAL_NVIC_SetPriorityGrouping
                0x08001456       0x16 ./Drivers/STM32G4xx_HAL_Driver/Src/stm32g4xx_hal_cortex.o
                0x08001456                HAL_NVIC_SetPriorityGrouping
 .text.HAL_NVIC_SetPriority
                0x0800146c       0x34 ./Drivers/STM32G4xx_HAL_Driver/Src/stm32g4xx_hal_cortex.o
                0x0800146c                HAL_NVIC_SetPriority
 .text.HAL_NVIC_EnableIRQ
                0x080014a0       0x1c ./Drivers/STM32G4xx_HAL_Driver/Src/stm32g4xx_hal_cortex.o
                0x080014a0                HAL_NVIC_EnableIRQ
 .text.HAL_GPIO_Init
                0x080014bc      0x318 ./Drivers/STM32G4xx_HAL_Driver/Src/stm32g4xx_hal_gpio.o
                0x080014bc                HAL_GPIO_Init
 .text.HAL_GPIO_WritePin
                0x080017d4       0x30 ./Drivers/STM32G4xx_HAL_Driver/Src/stm32g4xx_hal_gpio.o
                0x080017d4                HAL_GPIO_WritePin
 .text.HAL_I2C_Init
                0x08001804      0x136 ./Drivers/STM32G4xx_HAL_Driver/Src/stm32g4xx_hal_i2c.o
                0x08001804                HAL_I2C_Init
 .text.HAL_I2CEx_ConfigAnalogFilter
                0x0800193a       0x96 ./Drivers/STM32G4xx_HAL_Driver/Src/stm32g4xx_hal_i2c_ex.o
                0x0800193a                HAL_I2CEx_ConfigAnalogFilter
 .text.HAL_I2CEx_ConfigDigitalFilter
                0x080019d0       0x98 ./Drivers/STM32G4xx_HAL_Driver/Src/stm32g4xx_hal_i2c_ex.o
                0x080019d0                HAL_I2CEx_ConfigDigitalFilter
 .text.HAL_PWREx_ControlVoltageScaling
                0x08001a68      0x148 ./Drivers/STM32G4xx_HAL_Driver/Src/stm32g4xx_hal_pwr_ex.o
                0x08001a68                HAL_PWREx_ControlVoltageScaling
 .text.HAL_PWREx_DisableUCPDDeadBattery
                0x08001bb0       0x20 ./Drivers/STM32G4xx_HAL_Driver/Src/stm32g4xx_hal_pwr_ex.o
                0x08001bb0                HAL_PWREx_DisableUCPDDeadBattery
 .text.HAL_RCC_OscConfig
                0x08001bd0      0x624 ./Drivers/STM32G4xx_HAL_Driver/Src/stm32g4xx_hal_rcc.o
                0x08001bd0                HAL_RCC_OscConfig
 .text.HAL_RCC_ClockConfig
                0x080021f4      0x278 ./Drivers/STM32G4xx_HAL_Driver/Src/stm32g4xx_hal_rcc.o
                0x080021f4                HAL_RCC_ClockConfig
 .text.HAL_RCC_GetSysClockFreq
                0x0800246c       0xc0 ./Drivers/STM32G4xx_HAL_Driver/Src/stm32g4xx_hal_rcc.o
                0x0800246c                HAL_RCC_GetSysClockFreq
 .text.HAL_RCC_GetHCLKFreq
                0x0800252c       0x18 ./Drivers/STM32G4xx_HAL_Driver/Src/stm32g4xx_hal_rcc.o
                0x0800252c                HAL_RCC_GetHCLKFreq
 .text.HAL_RCC_GetPCLK1Freq
                0x08002544       0x2c ./Drivers/STM32G4xx_HAL_Driver/Src/stm32g4xx_hal_rcc.o
                0x08002544                HAL_RCC_GetPCLK1Freq
 .text.HAL_RCC_GetPCLK2Freq
                0x08002570       0x2c ./Drivers/STM32G4xx_HAL_Driver/Src/stm32g4xx_hal_rcc.o
                0x08002570                HAL_RCC_GetPCLK2Freq
 .text.HAL_RCC_GetClockConfig
                0x0800259c       0x64 ./Drivers/STM32G4xx_HAL_Driver/Src/stm32g4xx_hal_rcc.o
                0x0800259c                HAL_RCC_GetClockConfig
 .text.RCC_GetSysClockFreqFromPLLSource
                0x08002600       0x88 ./Drivers/STM32G4xx_HAL_Driver/Src/stm32g4xx_hal_rcc.o
 .text.HAL_RCCEx_PeriphCLKConfig
                0x08002688      0x49c ./Drivers/STM32G4xx_HAL_Driver/Src/stm32g4xx_hal_rcc_ex.o
                0x08002688                HAL_RCCEx_PeriphCLKConfig
 .text.HAL_SPI_Init
                0x08002b24      0x156 ./Drivers/STM32G4xx_HAL_Driver/Src/stm32g4xx_hal_spi.o
                0x08002b24                HAL_SPI_Init
 .text.HAL_TIM_Base_Init
                0x08002c7a       0xae ./Drivers/STM32G4xx_HAL_Driver/Src/stm32g4xx_hal_tim.o
                0x08002c7a                HAL_TIM_Base_Init
 .text.HAL_TIM_Base_MspInit
                0x08002d28       0x14 ./Drivers/STM32G4xx_HAL_Driver/Src/stm32g4xx_hal_tim.o
                0x08002d28                HAL_TIM_Base_MspInit
 .text.HAL_TIM_Base_Start_IT
                0x08002d3c       0xf0 ./Drivers/STM32G4xx_HAL_Driver/Src/stm32g4xx_hal_tim.o
                0x08002d3c                HAL_TIM_Base_Start_IT
 .text.HAL_TIM_IRQHandler
                0x08002e2c      0x29e ./Drivers/STM32G4xx_HAL_Driver/Src/stm32g4xx_hal_tim.o
                0x08002e2c                HAL_TIM_IRQHandler
 .text.HAL_TIM_OC_DelayElapsedCallback
                0x080030ca       0x14 ./Drivers/STM32G4xx_HAL_Driver/Src/stm32g4xx_hal_tim.o
                0x080030ca                HAL_TIM_OC_DelayElapsedCallback
 .text.HAL_TIM_IC_CaptureCallback
                0x080030de       0x14 ./Drivers/STM32G4xx_HAL_Driver/Src/stm32g4xx_hal_tim.o
                0x080030de                HAL_TIM_IC_CaptureCallback
 .text.HAL_TIM_PWM_PulseFinishedCallback
                0x080030f2       0x14 ./Drivers/STM32G4xx_HAL_Driver/Src/stm32g4xx_hal_tim.o
                0x080030f2                HAL_TIM_PWM_PulseFinishedCallback
 .text.HAL_TIM_TriggerCallback
                0x08003106       0x14 ./Drivers/STM32G4xx_HAL_Driver/Src/stm32g4xx_hal_tim.o
                0x08003106                HAL_TIM_TriggerCallback
 *fill*         0x0800311a        0x2 
 .text.TIM_Base_SetConfig
                0x0800311c      0x15c ./Drivers/STM32G4xx_HAL_Driver/Src/stm32g4xx_hal_tim.o
                0x0800311c                TIM_Base_SetConfig
 .text.HAL_TIMEx_CommutCallback
                0x08003278       0x14 ./Drivers/STM32G4xx_HAL_Driver/Src/stm32g4xx_hal_tim_ex.o
                0x08003278                HAL_TIMEx_CommutCallback
 .text.HAL_TIMEx_BreakCallback
                0x0800328c       0x14 ./Drivers/STM32G4xx_HAL_Driver/Src/stm32g4xx_hal_tim_ex.o
                0x0800328c                HAL_TIMEx_BreakCallback
 .text.HAL_TIMEx_Break2Callback
                0x080032a0       0x14 ./Drivers/STM32G4xx_HAL_Driver/Src/stm32g4xx_hal_tim_ex.o
                0x080032a0                HAL_TIMEx_Break2Callback
 .text.HAL_TIMEx_EncoderIndexCallback
                0x080032b4       0x14 ./Drivers/STM32G4xx_HAL_Driver/Src/stm32g4xx_hal_tim_ex.o
                0x080032b4                HAL_TIMEx_EncoderIndexCallback
 .text.HAL_TIMEx_DirectionChangeCallback
                0x080032c8       0x14 ./Drivers/STM32G4xx_HAL_Driver/Src/stm32g4xx_hal_tim_ex.o
                0x080032c8                HAL_TIMEx_DirectionChangeCallback
 .text.HAL_TIMEx_IndexErrorCallback
                0x080032dc       0x14 ./Drivers/STM32G4xx_HAL_Driver/Src/stm32g4xx_hal_tim_ex.o
                0x080032dc                HAL_TIMEx_IndexErrorCallback
 .text.HAL_TIMEx_TransitionErrorCallback
                0x080032f0       0x14 ./Drivers/STM32G4xx_HAL_Driver/Src/stm32g4xx_hal_tim_ex.o
                0x080032f0                HAL_TIMEx_TransitionErrorCallback
 .text.HAL_UART_Init
                0x08003304       0xa0 ./Drivers/STM32G4xx_HAL_Driver/Src/stm32g4xx_hal_uart.o
                0x08003304                HAL_UART_Init
 .text.UART_SetConfig
                0x080033a4      0x5f8 ./Drivers/STM32G4xx_HAL_Driver/Src/stm32g4xx_hal_uart.o
                0x080033a4                UART_SetConfig
 .text.UART_AdvFeatureConfig
                0x0800399c      0x144 ./Drivers/STM32G4xx_HAL_Driver/Src/stm32g4xx_hal_uart.o
                0x0800399c                UART_AdvFeatureConfig
 .text.UART_CheckIdleState
                0x08003ae0      0x154 ./Drivers/STM32G4xx_HAL_Driver/Src/stm32g4xx_hal_uart.o
                0x08003ae0                UART_CheckIdleState
 .text.UART_WaitOnFlagUntilTimeout
                0x08003c34       0xda ./Drivers/STM32G4xx_HAL_Driver/Src/stm32g4xx_hal_uart.o
                0x08003c34                UART_WaitOnFlagUntilTimeout
 .text.UART_EndRxTransfer
                0x08003d0e       0xcc ./Drivers/STM32G4xx_HAL_Driver/Src/stm32g4xx_hal_uart.o
 .text.HAL_UARTEx_DisableFifoMode
                0x08003dda       0x72 ./Drivers/STM32G4xx_HAL_Driver/Src/stm32g4xx_hal_uart_ex.o
                0x08003dda                HAL_UARTEx_DisableFifoMode
 .text.HAL_UARTEx_SetTxFifoThreshold
                0x08003e4c       0x7c ./Drivers/STM32G4xx_HAL_Driver/Src/stm32g4xx_hal_uart_ex.o
                0x08003e4c                HAL_UARTEx_SetTxFifoThreshold
 .text.HAL_UARTEx_SetRxFifoThreshold
                0x08003ec8       0x7c ./Drivers/STM32G4xx_HAL_Driver/Src/stm32g4xx_hal_uart_ex.o
                0x08003ec8                HAL_UARTEx_SetRxFifoThreshold
 .text.UARTEx_SetNbDataToProcess
                0x08003f44       0x9c ./Drivers/STM32G4xx_HAL_Driver/Src/stm32g4xx_hal_uart_ex.o
 .text.__NVIC_SetPriority
                0x08003fe0       0x54 ./Middlewares/Third_Party/FreeRTOS/Source/CMSIS_RTOS_V2/cmsis_os2.o
 .text.SysTick_Handler
                0x08004034       0x20 ./Middlewares/Third_Party/FreeRTOS/Source/CMSIS_RTOS_V2/cmsis_os2.o
                0x08004034                SysTick_Handler
 .text.SVC_Setup
                0x08004054       0x12 ./Middlewares/Third_Party/FreeRTOS/Source/CMSIS_RTOS_V2/cmsis_os2.o
 *fill*         0x08004066        0x2 
 .text.osKernelInitialize
                0x08004068       0x48 ./Middlewares/Third_Party/FreeRTOS/Source/CMSIS_RTOS_V2/cmsis_os2.o
                0x08004068                osKernelInitialize
 .text.osKernelStart
                0x080040b0       0x4c ./Middlewares/Third_Party/FreeRTOS/Source/CMSIS_RTOS_V2/cmsis_os2.o
                0x080040b0                osKernelStart
 .text.osThreadNew
                0x080040fc      0x124 ./Middlewares/Third_Party/FreeRTOS/Source/CMSIS_RTOS_V2/cmsis_os2.o
                0x080040fc                osThreadNew
 .text.osDelay  0x08004220       0x36 ./Middlewares/Third_Party/FreeRTOS/Source/CMSIS_RTOS_V2/cmsis_os2.o
                0x08004220                osDelay
 *fill*         0x08004256        0x2 
 .text.vApplicationGetIdleTaskMemory
                0x08004258       0x34 ./Middlewares/Third_Party/FreeRTOS/Source/CMSIS_RTOS_V2/cmsis_os2.o
                0x08004258                vApplicationGetIdleTaskMemory
 .text.vApplicationGetTimerTaskMemory
                0x0800428c       0x34 ./Middlewares/Third_Party/FreeRTOS/Source/CMSIS_RTOS_V2/cmsis_os2.o
                0x0800428c                vApplicationGetTimerTaskMemory
 .text.vListInitialise
                0x080042c0       0x40 ./Middlewares/Third_Party/FreeRTOS/Source/list.o
                0x080042c0                vListInitialise
 .text.vListInitialiseItem
                0x08004300       0x1a ./Middlewares/Third_Party/FreeRTOS/Source/list.o
                0x08004300                vListInitialiseItem
 .text.vListInsertEnd
                0x0800431a       0x48 ./Middlewares/Third_Party/FreeRTOS/Source/list.o
                0x0800431a                vListInsertEnd
 .text.vListInsert
                0x08004362       0x72 ./Middlewares/Third_Party/FreeRTOS/Source/list.o
                0x08004362                vListInsert
 .text.uxListRemove
                0x080043d4       0x54 ./Middlewares/Third_Party/FreeRTOS/Source/list.o
                0x080043d4                uxListRemove
 .text.xQueueGenericReset
                0x08004428       0xd4 ./Middlewares/Third_Party/FreeRTOS/Source/queue.o
                0x08004428                xQueueGenericReset
 .text.xQueueGenericCreateStatic
                0x080044fc       0xfa ./Middlewares/Third_Party/FreeRTOS/Source/queue.o
                0x080044fc                xQueueGenericCreateStatic
 .text.prvInitialiseNewQueue
                0x080045f6       0x46 ./Middlewares/Third_Party/FreeRTOS/Source/queue.o
 .text.xQueueGenericSend
                0x0800463c      0x204 ./Middlewares/Third_Party/FreeRTOS/Source/queue.o
                0x0800463c                xQueueGenericSend
 .text.xQueueGenericSendFromISR
                0x08004840      0x13c ./Middlewares/Third_Party/FreeRTOS/Source/queue.o
                0x08004840                xQueueGenericSendFromISR
 .text.xQueueReceive
                0x0800497c      0x1c4 ./Middlewares/Third_Party/FreeRTOS/Source/queue.o
                0x0800497c                xQueueReceive
 .text.prvCopyDataToQueue
                0x08004b40       0xd4 ./Middlewares/Third_Party/FreeRTOS/Source/queue.o
 .text.prvCopyDataFromQueue
                0x08004c14       0x4c ./Middlewares/Third_Party/FreeRTOS/Source/queue.o
 .text.prvUnlockQueue
                0x08004c60       0xa4 ./Middlewares/Third_Party/FreeRTOS/Source/queue.o
 .text.prvIsQueueEmpty
                0x08004d04       0x2c ./Middlewares/Third_Party/FreeRTOS/Source/queue.o
 .text.prvIsQueueFull
                0x08004d30       0x30 ./Middlewares/Third_Party/FreeRTOS/Source/queue.o
 .text.vQueueAddToRegistry
                0x08004d60       0x54 ./Middlewares/Third_Party/FreeRTOS/Source/queue.o
                0x08004d60                vQueueAddToRegistry
 .text.vQueueWaitForMessageRestricted
                0x08004db4       0x68 ./Middlewares/Third_Party/FreeRTOS/Source/queue.o
                0x08004db4                vQueueWaitForMessageRestricted
 .text.xTaskCreateStatic
                0x08004e1c       0xc0 ./Middlewares/Third_Party/FreeRTOS/Source/tasks.o
                0x08004e1c                xTaskCreateStatic
 .text.xTaskCreate
                0x08004edc       0x8a ./Middlewares/Third_Party/FreeRTOS/Source/tasks.o
                0x08004edc                xTaskCreate
 *fill*         0x08004f66        0x2 
 .text.prvInitialiseNewTask
                0x08004f68      0x150 ./Middlewares/Third_Party/FreeRTOS/Source/tasks.o
 .text.prvAddNewTaskToReadyList
                0x080050b8       0xe0 ./Middlewares/Third_Party/FreeRTOS/Source/tasks.o
 .text.vTaskDelay
                0x08005198       0x6c ./Middlewares/Third_Party/FreeRTOS/Source/tasks.o
                0x08005198                vTaskDelay
 .text.vTaskStartScheduler
                0x08005204       0xe0 ./Middlewares/Third_Party/FreeRTOS/Source/tasks.o
                0x08005204                vTaskStartScheduler
 .text.vTaskSuspendAll
                0x080052e4       0x1c ./Middlewares/Third_Party/FreeRTOS/Source/tasks.o
                0x080052e4                vTaskSuspendAll
 .text.xTaskResumeAll
                0x08005300      0x13c ./Middlewares/Third_Party/FreeRTOS/Source/tasks.o
                0x08005300                xTaskResumeAll
 .text.xTaskGetTickCount
                0x0800543c       0x20 ./Middlewares/Third_Party/FreeRTOS/Source/tasks.o
                0x0800543c                xTaskGetTickCount
 .text.xTaskIncrementTick
                0x0800545c      0x174 ./Middlewares/Third_Party/FreeRTOS/Source/tasks.o
                0x0800545c                xTaskIncrementTick
 .text.vTaskSwitchContext
                0x080055d0       0xcc ./Middlewares/Third_Party/FreeRTOS/Source/tasks.o
                0x080055d0                vTaskSwitchContext
 .text.vTaskPlaceOnEventList
                0x0800569c       0x4c ./Middlewares/Third_Party/FreeRTOS/Source/tasks.o
                0x0800569c                vTaskPlaceOnEventList
 .text.vTaskPlaceOnEventListRestricted
                0x080056e8       0x58 ./Middlewares/Third_Party/FreeRTOS/Source/tasks.o
                0x080056e8                vTaskPlaceOnEventListRestricted
 .text.xTaskRemoveFromEventList
                0x08005740       0xc8 ./Middlewares/Third_Party/FreeRTOS/Source/tasks.o
                0x08005740                xTaskRemoveFromEventList
 .text.vTaskInternalSetTimeOutState
                0x08005808       0x2c ./Middlewares/Third_Party/FreeRTOS/Source/tasks.o
                0x08005808                vTaskInternalSetTimeOutState
 .text.xTaskCheckForTimeOut
                0x08005834       0xc8 ./Middlewares/Third_Party/FreeRTOS/Source/tasks.o
                0x08005834                xTaskCheckForTimeOut
 .text.vTaskMissedYield
                0x080058fc       0x18 ./Middlewares/Third_Party/FreeRTOS/Source/tasks.o
                0x080058fc                vTaskMissedYield
 .text.prvIdleTask
                0x08005914       0x30 ./Middlewares/Third_Party/FreeRTOS/Source/tasks.o
 .text.prvInitialiseTaskLists
                0x08005944       0x80 ./Middlewares/Third_Party/FreeRTOS/Source/tasks.o
 .text.prvCheckTasksWaitingTermination
                0x080059c4       0x5c ./Middlewares/Third_Party/FreeRTOS/Source/tasks.o
 .text.prvDeleteTCB
                0x08005a20       0x6a ./Middlewares/Third_Party/FreeRTOS/Source/tasks.o
 *fill*         0x08005a8a        0x2 
 .text.prvResetNextTaskUnblockTime
                0x08005a8c       0x40 ./Middlewares/Third_Party/FreeRTOS/Source/tasks.o
 .text.xTaskGetSchedulerState
                0x08005acc       0x3c ./Middlewares/Third_Party/FreeRTOS/Source/tasks.o
                0x08005acc                xTaskGetSchedulerState
 .text.xTaskPriorityDisinherit
                0x08005b08       0xe0 ./Middlewares/Third_Party/FreeRTOS/Source/tasks.o
                0x08005b08                xTaskPriorityDisinherit
 .text.prvAddCurrentTaskToDelayedList
                0x08005be8       0xa8 ./Middlewares/Third_Party/FreeRTOS/Source/tasks.o
 .text.xTimerCreateTimerTask
                0x08005c90       0x94 ./Middlewares/Third_Party/FreeRTOS/Source/timers.o
                0x08005c90                xTimerCreateTimerTask
 .text.xTimerGenericCommand
                0x08005d24       0x9c ./Middlewares/Third_Party/FreeRTOS/Source/timers.o
                0x08005d24                xTimerGenericCommand
 .text.prvProcessExpiredTimer
                0x08005dc0       0x9c ./Middlewares/Third_Party/FreeRTOS/Source/timers.o
 .text.prvTimerTask
                0x08005e5c       0x26 ./Middlewares/Third_Party/FreeRTOS/Source/timers.o
 *fill*         0x08005e82        0x2 
 .text.prvProcessTimerOrBlockTask
                0x08005e84       0x9c ./Middlewares/Third_Party/FreeRTOS/Source/timers.o
 .text.prvGetNextExpireTime
                0x08005f20       0x48 ./Middlewares/Third_Party/FreeRTOS/Source/timers.o
 .text.prvSampleTimeNow
                0x08005f68       0x40 ./Middlewares/Third_Party/FreeRTOS/Source/timers.o
 .text.prvInsertTimerInActiveList
                0x08005fa8       0x84 ./Middlewares/Third_Party/FreeRTOS/Source/timers.o
 .text.prvProcessReceivedCommands
                0x0800602c      0x1cc ./Middlewares/Third_Party/FreeRTOS/Source/timers.o
 .text.prvSwitchTimerLists
                0x080061f8       0xcc ./Middlewares/Third_Party/FreeRTOS/Source/timers.o
 .text.prvCheckForValidListAndQueue
                0x080062c4       0x80 ./Middlewares/Third_Party/FreeRTOS/Source/timers.o
 .text.pxPortInitialiseStack
                0x08006344       0x68 ./Middlewares/Third_Party/FreeRTOS/Source/portable/GCC/ARM_CM4F/port.o
                0x08006344                pxPortInitialiseStack
 .text.prvTaskExitError
                0x080063ac       0x5c ./Middlewares/Third_Party/FreeRTOS/Source/portable/GCC/ARM_CM4F/port.o
 *fill*         0x08006408        0x8 
 .text.SVC_Handler
                0x08006410       0x28 ./Middlewares/Third_Party/FreeRTOS/Source/portable/GCC/ARM_CM4F/port.o
                0x08006410                SVC_Handler
 .text.prvPortStartFirstTask
                0x08006438       0x28 ./Middlewares/Third_Party/FreeRTOS/Source/portable/GCC/ARM_CM4F/port.o
 .text.xPortStartScheduler
                0x08006460      0x148 ./Middlewares/Third_Party/FreeRTOS/Source/portable/GCC/ARM_CM4F/port.o
                0x08006460                xPortStartScheduler
 .text.vPortEnterCritical
                0x080065a8       0x64 ./Middlewares/Third_Party/FreeRTOS/Source/portable/GCC/ARM_CM4F/port.o
                0x080065a8                vPortEnterCritical
 .text.vPortExitCritical
                0x0800660c       0x54 ./Middlewares/Third_Party/FreeRTOS/Source/portable/GCC/ARM_CM4F/port.o
                0x0800660c                vPortExitCritical
 .text.PendSV_Handler
                0x08006660       0x68 ./Middlewares/Third_Party/FreeRTOS/Source/portable/GCC/ARM_CM4F/port.o
                0x08006660                PendSV_Handler
 .text.xPortSysTickHandler
                0x080066c8       0x44 ./Middlewares/Third_Party/FreeRTOS/Source/portable/GCC/ARM_CM4F/port.o
                0x080066c8                xPortSysTickHandler
 .text.vPortSetupTimerInterrupt
                0x0800670c       0x48 ./Middlewares/Third_Party/FreeRTOS/Source/portable/GCC/ARM_CM4F/port.o
                0x0800670c                vPortSetupTimerInterrupt
 .text.vPortEnableVFP
                0x08006754       0x14 ./Middlewares/Third_Party/FreeRTOS/Source/portable/GCC/ARM_CM4F/port.o
 .text.vPortValidateInterruptPriority
                0x08006768       0x84 ./Middlewares/Third_Party/FreeRTOS/Source/portable/GCC/ARM_CM4F/port.o
                0x08006768                vPortValidateInterruptPriority
 .text.pvPortMalloc
                0x080067ec      0x19c ./Middlewares/Third_Party/FreeRTOS/Source/portable/MemMang/heap_4.o
                0x080067ec                pvPortMalloc
 .text.vPortFree
                0x08006988       0xc8 ./Middlewares/Third_Party/FreeRTOS/Source/portable/MemMang/heap_4.o
                0x08006988                vPortFree
 .text.prvHeapInit
                0x08006a50       0xc4 ./Middlewares/Third_Party/FreeRTOS/Source/portable/MemMang/heap_4.o
 .text.prvInsertBlockIntoFreeList
                0x08006b14       0xb4 ./Middlewares/Third_Party/FreeRTOS/Source/portable/MemMang/heap_4.o
 .text.memset   0x08006bc8       0x10 C:/ST/STM32CubeIDE_1.19.0/STM32CubeIDE/plugins/com.st.stm32cube.ide.mcu.externaltools.gnu-tools-for-stm32.14.3.rel1.win32_1.0.100.202602081740/tools/bin/../lib/gcc/arm-none-eabi/14.3.1/../../../../arm-none-eabi/lib/thumb/v7e-m+fp/hard\libc_nano.a(libc_a-memset.o)
                0x08006bc8                memset
 .text._reclaim_reent
                0x08006bd8       0xbc C:/ST/STM32CubeIDE_1.19.0/STM32CubeIDE/plugins/com.st.stm32cube.ide.mcu.externaltools.gnu-tools-for-stm32.14.3.rel1.win32_1.0.100.202602081740/tools/bin/../lib/gcc/arm-none-eabi/14.3.1/../../../../arm-none-eabi/lib/thumb/v7e-m+fp/hard\libc_nano.a(libc_a-reent.o)
                0x08006bd8                _reclaim_reent
 .text.__libc_init_array
                0x08006c94       0x48 C:/ST/STM32CubeIDE_1.19.0/STM32CubeIDE/plugins/com.st.stm32cube.ide.mcu.externaltools.gnu-tools-for-stm32.14.3.rel1.win32_1.0.100.202602081740/tools/bin/../lib/gcc/arm-none-eabi/14.3.1/../../../../arm-none-eabi/lib/thumb/v7e-m+fp/hard\libc_nano.a(libc_a-init.o)
                0x08006c94                __libc_init_array
 .text.__retarget_lock_acquire_recursive
                0x08006cdc        0x2 C:/ST/STM32CubeIDE_1.19.0/STM32CubeIDE/plugins/com.st.stm32cube.ide.mcu.externaltools.gnu-tools-for-stm32.14.3.rel1.win32_1.0.100.202602081740/tools/bin/../lib/gcc/arm-none-eabi/14.3.1/../../../../arm-none-eabi/lib/thumb/v7e-m+fp/hard\libc_nano.a(libc_a-lock.o)
                0x08006cdc                __retarget_lock_acquire_recursive
 .text.__retarget_lock_release_recursive
                0x08006cde        0x2 C:/ST/STM32CubeIDE_1.19.0/STM32CubeIDE/plugins/com.st.stm32cube.ide.mcu.externaltools.gnu-tools-for-stm32.14.3.rel1.win32_1.0.100.202602081740/tools/bin/../lib/gcc/arm-none-eabi/14.3.1/../../../../arm-none-eabi/lib/thumb/v7e-m+fp/hard\libc_nano.a(libc_a-lock.o)
                0x08006cde                __retarget_lock_release_recursive
 .text.memcpy   0x08006ce0       0x1c C:/ST/STM32CubeIDE_1.19.0/STM32CubeIDE/plugins/com.st.stm32cube.ide.mcu.externaltools.gnu-tools-for-stm32.14.3.rel1.win32_1.0.100.202602081740/tools/bin/../lib/gcc/arm-none-eabi/14.3.1/../../../../arm-none-eabi/lib/thumb/v7e-m+fp/hard\libc_nano.a(libc_a-memcpy-stub.o)
                0x08006ce0                memcpy
 .text._free_r  0x08006cfc       0x94 C:/ST/STM32CubeIDE_1.19.0/STM32CubeIDE/plugins/com.st.stm32cube.ide.mcu.externaltools.gnu-tools-for-stm32.14.3.rel1.win32_1.0.100.202602081740/tools/bin/../lib/gcc/arm-none-eabi/14.3.1/../../../../arm-none-eabi/lib/thumb/v7e-m+fp/hard\libc_nano.a(libc_a-freer.o)
                0x08006cfc                _free_r
 .text.__malloc_lock
                0x08006d90        0xc C:/ST/STM32CubeIDE_1.19.0/STM32CubeIDE/plugins/com.st.stm32cube.ide.mcu.externaltools.gnu-tools-for-stm32.14.3.rel1.win32_1.0.100.202602081740/tools/bin/../lib/gcc/arm-none-eabi/14.3.1/../../../../arm-none-eabi/lib/thumb/v7e-m+fp/hard\libc_nano.a(libc_a-mlock.o)
                0x08006d90                __malloc_lock
 .text.__malloc_unlock
                0x08006d9c        0xc C:/ST/STM32CubeIDE_1.19.0/STM32CubeIDE/plugins/com.st.stm32cube.ide.mcu.externaltools.gnu-tools-for-stm32.14.3.rel1.win32_1.0.100.202602081740/tools/bin/../lib/gcc/arm-none-eabi/14.3.1/../../../../arm-none-eabi/lib/thumb/v7e-m+fp/hard\libc_nano.a(libc_a-mlock.o)
                0x08006d9c                __malloc_unlock
 *(.glue_7)
 .glue_7        0x08006da8        0x0 linker stubs
 *(.glue_7t)
 .glue_7t       0x08006da8        0x0 linker stubs
 *(.eh_frame)
 .eh_frame      0x08006da8        0x0 C:/ST/STM32CubeIDE_1.19.0/STM32CubeIDE/plugins/com.st.stm32cube.ide.mcu.externaltools.gnu-tools-for-stm32.14.3.rel1.win32_1.0.100.202602081740/tools/bin/../lib/gcc/arm-none-eabi/14.3.1/thumb/v7e-m+fp/hard/crtbegin.o
 *(.init)
 .init          0x08006da8        0x4 C:/ST/STM32CubeIDE_1.19.0/STM32CubeIDE/plugins/com.st.stm32cube.ide.mcu.externaltools.gnu-tools-for-stm32.14.3.rel1.win32_1.0.100.202602081740/tools/bin/../lib/gcc/arm-none-eabi/14.3.1/thumb/v7e-m+fp/hard/crti.o
                0x08006da8                _init
 .init          0x08006dac        0x8 C:/ST/STM32CubeIDE_1.19.0/STM32CubeIDE/plugins/com.st.stm32cube.ide.mcu.externaltools.gnu-tools-for-stm32.14.3.rel1.win32_1.0.100.202602081740/tools/bin/../lib/gcc/arm-none-eabi/14.3.1/thumb/v7e-m+fp/hard/crtn.o
 *(.fini)
 .fini          0x08006db4        0x4 C:/ST/STM32CubeIDE_1.19.0/STM32CubeIDE/plugins/com.st.stm32cube.ide.mcu.externaltools.gnu-tools-for-stm32.14.3.rel1.win32_1.0.100.202602081740/tools/bin/../lib/gcc/arm-none-eabi/14.3.1/thumb/v7e-m+fp/hard/crti.o
                0x08006db4                _fini
 .fini          0x08006db8        0x8 C:/ST/STM32CubeIDE_1.19.0/STM32CubeIDE/plugins/com.st.stm32cube.ide.mcu.externaltools.gnu-tools-for-stm32.14.3.rel1.win32_1.0.100.202602081740/tools/bin/../lib/gcc/arm-none-eabi/14.3.1/thumb/v7e-m+fp/hard/crtn.o
                0x08006dc0                        . = ALIGN (0x4)
                0x08006dc0                        _etext = .

.vfp11_veneer   0x08006dc0        0x0
 .vfp11_veneer  0x08006dc0        0x0 linker stubs

.v4_bx          0x08006dc0        0x0
 .v4_bx         0x08006dc0        0x0 linker stubs

.iplt           0x08006dc0        0x0
 .iplt          0x08006dc0        0x0 C:/ST/STM32CubeIDE_1.19.0/STM32CubeIDE/plugins/com.st.stm32cube.ide.mcu.externaltools.gnu-tools-for-stm32.14.3.rel1.win32_1.0.100.202602081740/tools/bin/../lib/gcc/arm-none-eabi/14.3.1/thumb/v7e-m+fp/hard/crtbegin.o

.rodata         0x08006dc0       0x88
                0x08006dc0                        . = ALIGN (0x4)
 *(.rodata)
 .rodata        0x08006dc0        0xc ./Core/Src/app_freertos.o
 .rodata        0x08006dcc        0x5 ./Middlewares/Third_Party/FreeRTOS/Source/tasks.o
 *fill*         0x08006dd1        0x3 
 .rodata        0x08006dd4        0xd ./Middlewares/Third_Party/FreeRTOS/Source/timers.o
 *(.rodata*)
 *fill*         0x08006de1        0x3 
 .rodata.defaultTask_attributes
                0x08006de4       0x24 ./Core/Src/app_freertos.o
                0x08006de4                defaultTask_attributes
 .rodata.AHBPrescTable
                0x08006e08       0x10 ./Core/Src/system_stm32g4xx.o
                0x08006e08                AHBPrescTable
 .rodata.APBPrescTable
                0x08006e18        0x8 ./Core/Src/system_stm32g4xx.o
                0x08006e18                APBPrescTable
 .rodata.UARTPrescTable
                0x08006e20       0x18 ./Drivers/STM32G4xx_HAL_Driver/Src/stm32g4xx_hal_uart.o
                0x08006e20                UARTPrescTable
 .rodata.numerator.1
                0x08006e38        0x8 ./Drivers/STM32G4xx_HAL_Driver/Src/stm32g4xx_hal_uart_ex.o
 .rodata.denominator.0
                0x08006e40        0x8 ./Drivers/STM32G4xx_HAL_Driver/Src/stm32g4xx_hal_uart_ex.o
                0x08006e48                        . = ALIGN (0x4)

.ARM.extab      0x08006e48        0x0
                0x08006e48                        . = ALIGN (0x4)
 *(.ARM.extab* .gnu.linkonce.armextab.*)
                0x08006e48                        . = ALIGN (0x4)

.ARM            0x08006e48        0x8
                0x08006e48                        . = ALIGN (0x4)
                0x08006e48                        __exidx_start = .
 *(.ARM.exidx*)
 .ARM.exidx     0x08006e48        0x8 C:/ST/STM32CubeIDE_1.19.0/STM32CubeIDE/plugins/com.st.stm32cube.ide.mcu.externaltools.gnu-tools-for-stm32.14.3.rel1.win32_1.0.100.202602081740/tools/bin/../lib/gcc/arm-none-eabi/14.3.1/thumb/v7e-m+fp/hard\libgcc.a(_udivmoddi4.o)
                0x08006e50                        __exidx_end = .
                0x08006e50                        . = ALIGN (0x4)

.preinit_array  0x08006e50        0x0
                0x08006e50                        . = ALIGN (0x4)
                0x08006e50                        PROVIDE (__preinit_array_start = .)
 *(.preinit_array*)
                0x08006e50                        PROVIDE (__preinit_array_end = .)
                0x08006e50                        . = ALIGN (0x4)

.init_array     0x08006e50        0x4
                0x08006e50                        . = ALIGN (0x4)
                0x08006e50                        PROVIDE (__init_array_start = .)
 *(SORT_BY_NAME(.init_array.*))
 *(.init_array*)
 .init_array    0x08006e50        0x4 C:/ST/STM32CubeIDE_1.19.0/STM32CubeIDE/plugins/com.st.stm32cube.ide.mcu.externaltools.gnu-tools-for-stm32.14.3.rel1.win32_1.0.100.202602081740/tools/bin/../lib/gcc/arm-none-eabi/14.3.1/thumb/v7e-m+fp/hard/crtbegin.o
                0x08006e54                        PROVIDE (__init_array_end = .)
                0x08006e54                        . = ALIGN (0x4)

.fini_array     0x08006e54        0x4
                0x08006e54                        . = ALIGN (0x4)
                [!provide]                        PROVIDE (__fini_array_start = .)
 *(SORT_BY_NAME(.fini_array.*))
 *(.fini_array*)
 .fini_array    0x08006e54        0x4 C:/ST/STM32CubeIDE_1.19.0/STM32CubeIDE/plugins/com.st.stm32cube.ide.mcu.externaltools.gnu-tools-for-stm32.14.3.rel1.win32_1.0.100.202602081740/tools/bin/../lib/gcc/arm-none-eabi/14.3.1/thumb/v7e-m+fp/hard/crtbegin.o
                [!provide]                        PROVIDE (__fini_array_end = .)
                0x08006e58                        . = ALIGN (0x4)
                0x08006e58                        _sidata = LOADADDR (.data)

.rel.dyn        0x08006e58        0x0
 .rel.iplt      0x08006e58        0x0 C:/ST/STM32CubeIDE_1.19.0/STM32CubeIDE/plugins/com.st.stm32cube.ide.mcu.externaltools.gnu-tools-for-stm32.14.3.rel1.win32_1.0.100.202602081740/tools/bin/../lib/gcc/arm-none-eabi/14.3.1/thumb/v7e-m+fp/hard/crtbegin.o

.data           0x20000000       0x60 load address 0x08006e58
                0x20000000                        . = ALIGN (0x4)
                0x20000000                        _sdata = .
 *(.data)
 *(.data*)
 .data.SystemCoreClock
                0x20000000        0x4 ./Core/Src/system_stm32g4xx.o
                0x20000000                SystemCoreClock
 .data.uwTickPrio
                0x20000004        0x4 ./Drivers/STM32G4xx_HAL_Driver/Src/stm32g4xx_hal.o
                0x20000004                uwTickPrio
 .data.uwTickFreq
                0x20000008        0x4 ./Drivers/STM32G4xx_HAL_Driver/Src/stm32g4xx_hal.o
                0x20000008                uwTickFreq
 .data.uxCriticalNesting
                0x2000000c        0x4 ./Middlewares/Third_Party/FreeRTOS/Source/portable/GCC/ARM_CM4F/port.o
 .data._impure_ptr
                0x20000010        0x4 C:/ST/STM32CubeIDE_1.19.0/STM32CubeIDE/plugins/com.st.stm32cube.ide.mcu.externaltools.gnu-tools-for-stm32.14.3.rel1.win32_1.0.100.202602081740/tools/bin/../lib/gcc/arm-none-eabi/14.3.1/../../../../arm-none-eabi/lib/thumb/v7e-m+fp/hard\libc_nano.a(libc_a-impure.o)
                0x20000010                _impure_ptr
 .data._impure_data
                0x20000014       0x4c C:/ST/STM32CubeIDE_1.19.0/STM32CubeIDE/plugins/com.st.stm32cube.ide.mcu.externaltools.gnu-tools-for-stm32.14.3.rel1.win32_1.0.100.202602081740/tools/bin/../lib/gcc/arm-none-eabi/14.3.1/../../../../arm-none-eabi/lib/thumb/v7e-m+fp/hard\libc_nano.a(libc_a-impure.o)
                0x20000014                _impure_data
 *(.RamFunc)
 *(.RamFunc*)
                0x20000060                        . = ALIGN (0x4)
                0x20000060                        _edata = .

.igot.plt       0x20000060        0x0 load address 0x08006eb8
 .igot.plt      0x20000060        0x0 C:/ST/STM32CubeIDE_1.19.0/STM32CubeIDE/plugins/com.st.stm32cube.ide.mcu.externaltools.gnu-tools-for-stm32.14.3.rel1.win32_1.0.100.202602081740/tools/bin/../lib/gcc/arm-none-eabi/14.3.1/thumb/v7e-m+fp/hard/crtbegin.o
                0x20000060                        . = ALIGN (0x4)

.bss            0x20000060     0x1f28 load address 0x08006eb8
                0x20000060                        _sbss = .
                0x20000060                        __bss_start__ = _sbss
 *(.bss)
 .bss           0x20000060       0x1c C:/ST/STM32CubeIDE_1.19.0/STM32CubeIDE/plugins/com.st.stm32cube.ide.mcu.externaltools.gnu-tools-for-stm32.14.3.rel1.win32_1.0.100.202602081740/tools/bin/../lib/gcc/arm-none-eabi/14.3.1/thumb/v7e-m+fp/hard/crtbegin.o
 *(.bss*)
 .bss.defaultTaskHandle
                0x2000007c        0x4 ./Core/Src/app_freertos.o
                0x2000007c                defaultTaskHandle
 .bss.hi2c2     0x20000080       0x54 ./Core/Src/i2c.o
                0x20000080                hi2c2
 .bss.hi2c3     0x200000d4       0x54 ./Core/Src/i2c.o
                0x200000d4                hi2c3
 .bss.hspi1     0x20000128       0x64 ./Core/Src/spi.o
                0x20000128                hspi1
 .bss.hspi2     0x2000018c       0x64 ./Core/Src/spi.o
                0x2000018c                hspi2
 .bss.hspi3     0x200001f0       0x64 ./Core/Src/spi.o
                0x200001f0                hspi3
 .bss.htim1     0x20000254       0x4c ./Core/Src/stm32g4xx_hal_timebase_tim.o
                0x20000254                htim1
 .bss.huart4    0x200002a0       0x94 ./Core/Src/usart.o
                0x200002a0                huart4
 .bss.huart2    0x20000334       0x94 ./Core/Src/usart.o
                0x20000334                huart2
 .bss.huart3    0x200003c8       0x94 ./Core/Src/usart.o
                0x200003c8                huart3
 .bss.uwTick    0x2000045c        0x4 ./Drivers/STM32G4xx_HAL_Driver/Src/stm32g4xx_hal.o
                0x2000045c                uwTick
 .bss.KernelState
                0x20000460        0x4 ./Middlewares/Third_Party/FreeRTOS/Source/CMSIS_RTOS_V2/cmsis_os2.o
 .bss.Idle_TCB.3
                0x20000464       0xa8 ./Middlewares/Third_Party/FreeRTOS/Source/CMSIS_RTOS_V2/cmsis_os2.o
 .bss.Idle_Stack.2
                0x2000050c      0x200 ./Middlewares/Third_Party/FreeRTOS/Source/CMSIS_RTOS_V2/cmsis_os2.o
 .bss.Timer_TCB.1
                0x2000070c       0xa8 ./Middlewares/Third_Party/FreeRTOS/Source/CMSIS_RTOS_V2/cmsis_os2.o
 .bss.Timer_Stack.0
                0x200007b4      0x400 ./Middlewares/Third_Party/FreeRTOS/Source/CMSIS_RTOS_V2/cmsis_os2.o
 .bss.xQueueRegistry
                0x20000bb4       0x40 ./Middlewares/Third_Party/FreeRTOS/Source/queue.o
                0x20000bb4                xQueueRegistry
 .bss.pxCurrentTCB
                0x20000bf4        0x4 ./Middlewares/Third_Party/FreeRTOS/Source/tasks.o
                0x20000bf4                pxCurrentTCB
 .bss.pxReadyTasksLists
                0x20000bf8      0x460 ./Middlewares/Third_Party/FreeRTOS/Source/tasks.o
 .bss.xDelayedTaskList1
                0x20001058       0x14 ./Middlewares/Third_Party/FreeRTOS/Source/tasks.o
 .bss.xDelayedTaskList2
                0x2000106c       0x14 ./Middlewares/Third_Party/FreeRTOS/Source/tasks.o
 .bss.pxDelayedTaskList
                0x20001080        0x4 ./Middlewares/Third_Party/FreeRTOS/Source/tasks.o
 .bss.pxOverflowDelayedTaskList
                0x20001084        0x4 ./Middlewares/Third_Party/FreeRTOS/Source/tasks.o
 .bss.xPendingReadyList
                0x20001088       0x14 ./Middlewares/Third_Party/FreeRTOS/Source/tasks.o
 .bss.xTasksWaitingTermination
                0x2000109c       0x14 ./Middlewares/Third_Party/FreeRTOS/Source/tasks.o
 .bss.uxDeletedTasksWaitingCleanUp
                0x200010b0        0x4 ./Middlewares/Third_Party/FreeRTOS/Source/tasks.o
 .bss.xSuspendedTaskList
                0x200010b4       0x14 ./Middlewares/Third_Party/FreeRTOS/Source/tasks.o
 .bss.uxCurrentNumberOfTasks
                0x200010c8        0x4 ./Middlewares/Third_Party/FreeRTOS/Source/tasks.o
 .bss.xTickCount
                0x200010cc        0x4 ./Middlewares/Third_Party/FreeRTOS/Source/tasks.o
 .bss.uxTopReadyPriority
                0x200010d0        0x4 ./Middlewares/Third_Party/FreeRTOS/Source/tasks.o
 .bss.xSchedulerRunning
                0x200010d4        0x4 ./Middlewares/Third_Party/FreeRTOS/Source/tasks.o
 .bss.xPendedTicks
                0x200010d8        0x4 ./Middlewares/Third_Party/FreeRTOS/Source/tasks.o
 .bss.xYieldPending
                0x200010dc        0x4 ./Middlewares/Third_Party/FreeRTOS/Source/tasks.o
 .bss.xNumOfOverflows
                0x200010e0        0x4 ./Middlewares/Third_Party/FreeRTOS/Source/tasks.o
 .bss.uxTaskNumber
                0x200010e4        0x4 ./Middlewares/Third_Party/FreeRTOS/Source/tasks.o
 .bss.xNextTaskUnblockTime
                0x200010e8        0x4 ./Middlewares/Third_Party/FreeRTOS/Source/tasks.o
 .bss.xIdleTaskHandle
                0x200010ec        0x4 ./Middlewares/Third_Party/FreeRTOS/Source/tasks.o
 .bss.uxSchedulerSuspended
                0x200010f0        0x4 ./Middlewares/Third_Party/FreeRTOS/Source/tasks.o
 .bss.xActiveTimerList1
                0x200010f4       0x14 ./Middlewares/Third_Party/FreeRTOS/Source/timers.o
 .bss.xActiveTimerList2
                0x20001108       0x14 ./Middlewares/Third_Party/FreeRTOS/Source/timers.o
 .bss.pxCurrentTimerList
                0x2000111c        0x4 ./Middlewares/Third_Party/FreeRTOS/Source/timers.o
 .bss.pxOverflowTimerList
                0x20001120        0x4 ./Middlewares/Third_Party/FreeRTOS/Source/timers.o
 .bss.xTimerQueue
                0x20001124        0x4 ./Middlewares/Third_Party/FreeRTOS/Source/timers.o
 .bss.xTimerTaskHandle
                0x20001128        0x4 ./Middlewares/Third_Party/FreeRTOS/Source/timers.o
 .bss.xLastTime.2
                0x2000112c        0x4 ./Middlewares/Third_Party/FreeRTOS/Source/timers.o
 .bss.ucStaticTimerQueueStorage.1
                0x20001130       0xa0 ./Middlewares/Third_Party/FreeRTOS/Source/timers.o
 .bss.xStaticTimerQueue.0
                0x200011d0       0x50 ./Middlewares/Third_Party/FreeRTOS/Source/timers.o
 .bss.ucMaxSysCallPriority
                0x20001220        0x1 ./Middlewares/Third_Party/FreeRTOS/Source/portable/GCC/ARM_CM4F/port.o
 *fill*         0x20001221        0x3 
 .bss.ulMaxPRIGROUPValue
                0x20001224        0x4 ./Middlewares/Third_Party/FreeRTOS/Source/portable/GCC/ARM_CM4F/port.o
 .bss.ucHeap    0x20001228      0xc00 ./Middlewares/Third_Party/FreeRTOS/Source/portable/MemMang/heap_4.o
 .bss.xStart    0x20001e28        0x8 ./Middlewares/Third_Party/FreeRTOS/Source/portable/MemMang/heap_4.o
 .bss.pxEnd     0x20001e30        0x4 ./Middlewares/Third_Party/FreeRTOS/Source/portable/MemMang/heap_4.o
 .bss.xFreeBytesRemaining
                0x20001e34        0x4 ./Middlewares/Third_Party/FreeRTOS/Source/portable/MemMang/heap_4.o
 .bss.xMinimumEverFreeBytesRemaining
                0x20001e38        0x4 ./Middlewares/Third_Party/FreeRTOS/Source/portable/MemMang/heap_4.o
 .bss.xNumberOfSuccessfulAllocations
                0x20001e3c        0x4 ./Middlewares/Third_Party/FreeRTOS/Source/portable/MemMang/heap_4.o
 .bss.xNumberOfSuccessfulFrees
                0x20001e40        0x4 ./Middlewares/Third_Party/FreeRTOS/Source/portable/MemMang/heap_4.o
 .bss.xBlockAllocatedBit
                0x20001e44        0x4 ./Middlewares/Third_Party/FreeRTOS/Source/portable/MemMang/heap_4.o
 .bss.__sf      0x20001e48      0x138 C:/ST/STM32CubeIDE_1.19.0/STM32CubeIDE/plugins/com.st.stm32cube.ide.mcu.externaltools.gnu-tools-for-stm32.14.3.rel1.win32_1.0.100.202602081740/tools/bin/../lib/gcc/arm-none-eabi/14.3.1/../../../../arm-none-eabi/lib/thumb/v7e-m+fp/hard\libc_nano.a(libc_a-findfp.o)
                0x20001e48                __sf
 .bss.__lock___malloc_recursive_mutex
                0x20001f80        0x1 C:/ST/STM32CubeIDE_1.19.0/STM32CubeIDE/plugins/com.st.stm32cube.ide.mcu.externaltools.gnu-tools-for-stm32.14.3.rel1.win32_1.0.100.202602081740/tools/bin/../lib/gcc/arm-none-eabi/14.3.1/../../../../arm-none-eabi/lib/thumb/v7e-m+fp/hard\libc_nano.a(libc_a-lock.o)
                0x20001f80                __lock___malloc_recursive_mutex
 *fill*         0x20001f81        0x3 
 .bss.__malloc_free_list
                0x20001f84        0x4 C:/ST/STM32CubeIDE_1.19.0/STM32CubeIDE/plugins/com.st.stm32cube.ide.mcu.externaltools.gnu-tools-for-stm32.14.3.rel1.win32_1.0.100.202602081740/tools/bin/../lib/gcc/arm-none-eabi/14.3.1/../../../../arm-none-eabi/lib/thumb/v7e-m+fp/hard\libc_nano.a(libc_a-mallocr.o)
                0x20001f84                __malloc_free_list
 *(COMMON)
                0x20001f88                        . = ALIGN (0x4)
                0x20001f88                        _ebss = .
                0x20001f88                        __bss_end__ = _ebss

._user_heap_stack
                0x20001f88      0x600 load address 0x08006eb8
                0x20001f88                        . = ALIGN (0x8)
                [!provide]                        PROVIDE (end = .)
                0x20001f88                        PROVIDE (_end = .)
                0x20002188                        . = (. + _Min_Heap_Size)
 *fill*         0x20001f88      0x200 
                0x20002588                        . = (. + _Min_Stack_Size)
 *fill*         0x20002188      0x400 
                0x20002588                        . = ALIGN (0x8)

/DISCARD/
 libc.a(*)
 libm.a(*)
 libgcc.a(*)

.ARM.attributes
                0x00000000       0x30
 *(.ARM.attributes)
 .ARM.attributes
                0x00000000       0x22 C:/ST/STM32CubeIDE_1.19.0/STM32CubeIDE/plugins/com.st.stm32cube.ide.mcu.externaltools.gnu-tools-for-stm32.14.3.rel1.win32_1.0.100.202602081740/tools/bin/../lib/gcc/arm-none-eabi/14.3.1/thumb/v7e-m+fp/hard/crti.o
 .ARM.attributes
                0x00000022       0x34 C:/ST/STM32CubeIDE_1.19.0/STM32CubeIDE/plugins/com.st.stm32cube.ide.mcu.externaltools.gnu-tools-for-stm32.14.3.rel1.win32_1.0.100.202602081740/tools/bin/../lib/gcc/arm-none-eabi/14.3.1/thumb/v7e-m+fp/hard/crtbegin.o
 .ARM.attributes
                0x00000056       0x34 ./Core/Src/app_freertos.o
 .ARM.attributes
                0x0000008a       0x34 ./Core/Src/gpio.o
 .ARM.attributes
                0x000000be       0x34 ./Core/Src/i2c.o
 .ARM.attributes
                0x000000f2       0x34 ./Core/Src/main.o
 .ARM.attributes
                0x00000126       0x34 ./Core/Src/spi.o
 .ARM.attributes
                0x0000015a       0x34 ./Core/Src/stm32g4xx_hal_msp.o
 .ARM.attributes
                0x0000018e       0x34 ./Core/Src/stm32g4xx_hal_timebase_tim.o
 .ARM.attributes
                0x000001c2       0x34 ./Core/Src/stm32g4xx_it.o
 .ARM.attributes
                0x000001f6       0x34 ./Core/Src/system_stm32g4xx.o
 .ARM.attributes
                0x0000022a       0x34 ./Core/Src/usart.o
 .ARM.attributes
                0x0000025e       0x21 ./Core/Startup/startup_stm32g474retx.o
 .ARM.attributes
                0x0000027f       0x34 ./Drivers/STM32G4xx_HAL_Driver/Src/stm32g4xx_hal.o
 .ARM.attributes
                0x000002b3       0x34 ./Drivers/STM32G4xx_HAL_Driver/Src/stm32g4xx_hal_cortex.o
 .ARM.attributes
                0x000002e7       0x34 ./Drivers/STM32G4xx_HAL_Driver/Src/stm32g4xx_hal_gpio.o
 .ARM.attributes
                0x0000031b       0x34 ./Drivers/STM32G4xx_HAL_Driver/Src/stm32g4xx_hal_i2c.o
 .ARM.attributes
                0x0000034f       0x34 ./Drivers/STM32G4xx_HAL_Driver/Src/stm32g4xx_hal_i2c_ex.o
 .ARM.attributes
                0x00000383       0x34 ./Drivers/STM32G4xx_HAL_Driver/Src/stm32g4xx_hal_pwr_ex.o
 .ARM.attributes
                0x000003b7       0x34 ./Drivers/STM32G4xx_HAL_Driver/Src/stm32g4xx_hal_rcc.o
 .ARM.attributes
                0x000003eb       0x34 ./Drivers/STM32G4xx_HAL_Driver/Src/stm32g4xx_hal_rcc_ex.o
 .ARM.attributes
                0x0000041f       0x34 ./Drivers/STM32G4xx_HAL_Driver/Src/stm32g4xx_hal_spi.o
 .ARM.attributes
                0x00000453       0x34 ./Drivers/STM32G4xx_HAL_Driver/Src/stm32g4xx_hal_tim.o
 .ARM.attributes
                0x00000487       0x34 ./Drivers/STM32G4xx_HAL_Driver/Src/stm32g4xx_hal_tim_ex.o
 .ARM.attributes
                0x000004bb       0x34 ./Drivers/STM32G4xx_HAL_Driver/Src/stm32g4xx_hal_uart.o
 .ARM.attributes
                0x000004ef       0x34 ./Drivers/STM32G4xx_HAL_Driver/Src/stm32g4xx_hal_uart_ex.o
 .ARM.attributes
                0x00000523       0x34 ./Middlewares/Third_Party/FreeRTOS/Source/CMSIS_RTOS_V2/cmsis_os2.o
 .ARM.attributes
                0x00000557       0x34 ./Middlewares/Third_Party/FreeRTOS/Source/list.o
 .ARM.attributes
                0x0000058b       0x34 ./Middlewares/Third_Party/FreeRTOS/Source/queue.o
 .ARM.attributes
                0x000005bf       0x34 ./Middlewares/Third_Party/FreeRTOS/Source/tasks.o
 .ARM.attributes
                0x000005f3       0x34 ./Middlewares/Third_Party/FreeRTOS/Source/timers.o
 .ARM.attributes
                0x00000627       0x34 ./Middlewares/Third_Party/FreeRTOS/Source/portable/GCC/ARM_CM4F/port.o
 .ARM.attributes
                0x0000065b       0x34 ./Middlewares/Third_Party/FreeRTOS/Source/portable/MemMang/heap_4.o
 .ARM.attributes
                0x0000068f       0x34 C:/ST/STM32CubeIDE_1.19.0/STM32CubeIDE/plugins/com.st.stm32cube.ide.mcu.externaltools.gnu-tools-for-stm32.14.3.rel1.win32_1.0.100.202602081740/tools/bin/../lib/gcc/arm-none-eabi/14.3.1/../../../../arm-none-eabi/lib/thumb/v7e-m+fp/hard\libc_nano.a(libc_a-findfp.o)
 .ARM.attributes
                0x000006c3       0x34 C:/ST/STM32CubeIDE_1.19.0/STM32CubeIDE/plugins/com.st.stm32cube.ide.mcu.externaltools.gnu-tools-for-stm32.14.3.rel1.win32_1.0.100.202602081740/tools/bin/../lib/gcc/arm-none-eabi/14.3.1/../../../../arm-none-eabi/lib/thumb/v7e-m+fp/hard\libc_nano.a(libc_a-memset.o)
 .ARM.attributes
                0x000006f7       0x34 C:/ST/STM32CubeIDE_1.19.0/STM32CubeIDE/plugins/com.st.stm32cube.ide.mcu.externaltools.gnu-tools-for-stm32.14.3.rel1.win32_1.0.100.202602081740/tools/bin/../lib/gcc/arm-none-eabi/14.3.1/../../../../arm-none-eabi/lib/thumb/v7e-m+fp/hard\libc_nano.a(libc_a-reent.o)
 .ARM.attributes
                0x0000072b       0x34 C:/ST/STM32CubeIDE_1.19.0/STM32CubeIDE/plugins/com.st.stm32cube.ide.mcu.externaltools.gnu-tools-for-stm32.14.3.rel1.win32_1.0.100.202602081740/tools/bin/../lib/gcc/arm-none-eabi/14.3.1/../../../../arm-none-eabi/lib/thumb/v7e-m+fp/hard\libc_nano.a(libc_a-impure.o)
 .ARM.attributes
                0x0000075f       0x34 C:/ST/STM32CubeIDE_1.19.0/STM32CubeIDE/plugins/com.st.stm32cube.ide.mcu.externaltools.gnu-tools-for-stm32.14.3.rel1.win32_1.0.100.202602081740/tools/bin/../lib/gcc/arm-none-eabi/14.3.1/../../../../arm-none-eabi/lib/thumb/v7e-m+fp/hard\libc_nano.a(libc_a-init.o)
 .ARM.attributes
                0x00000793       0x34 C:/ST/STM32CubeIDE_1.19.0/STM32CubeIDE/plugins/com.st.stm32cube.ide.mcu.externaltools.gnu-tools-for-stm32.14.3.rel1.win32_1.0.100.202602081740/tools/bin/../lib/gcc/arm-none-eabi/14.3.1/../../../../arm-none-eabi/lib/thumb/v7e-m+fp/hard\libc_nano.a(libc_a-lock.o)
 .ARM.attributes
                0x000007c7       0x34 C:/ST/STM32CubeIDE_1.19.0/STM32CubeIDE/plugins/com.st.stm32cube.ide.mcu.externaltools.gnu-tools-for-stm32.14.3.rel1.win32_1.0.100.202602081740/tools/bin/../lib/gcc/arm-none-eabi/14.3.1/../../../../arm-none-eabi/lib/thumb/v7e-m+fp/hard\libc_nano.a(libc_a-memcpy-stub.o)
 .ARM.attributes
                0x000007fb       0x34 C:/ST/STM32CubeIDE_1.19.0/STM32CubeIDE/plugins/com.st.stm32cube.ide.mcu.externaltools.gnu-tools-for-stm32.14.3.rel1.win32_1.0.100.202602081740/tools/bin/../lib/gcc/arm-none-eabi/14.3.1/../../../../arm-none-eabi/lib/thumb/v7e-m+fp/hard\libc_nano.a(libc_a-freer.o)
 .ARM.attributes
                0x0000082f       0x34 C:/ST/STM32CubeIDE_1.19.0/STM32CubeIDE/plugins/com.st.stm32cube.ide.mcu.externaltools.gnu-tools-for-stm32.14.3.rel1.win32_1.0.100.202602081740/tools/bin/../lib/gcc/arm-none-eabi/14.3.1/../../../../arm-none-eabi/lib/thumb/v7e-m+fp/hard\libc_nano.a(libc_a-mallocr.o)
 .ARM.attributes
                0x00000863       0x34 C:/ST/STM32CubeIDE_1.19.0/STM32CubeIDE/plugins/com.st.stm32cube.ide.mcu.externaltools.gnu-tools-for-stm32.14.3.rel1.win32_1.0.100.202602081740/tools/bin/../lib/gcc/arm-none-eabi/14.3.1/../../../../arm-none-eabi/lib/thumb/v7e-m+fp/hard\libc_nano.a(libc_a-mlock.o)
 .ARM.attributes
                0x00000897       0x22 C:/ST/STM32CubeIDE_1.19.0/STM32CubeIDE/plugins/com.st.stm32cube.ide.mcu.externaltools.gnu-tools-for-stm32.14.3.rel1.win32_1.0.100.202602081740/tools/bin/../lib/gcc/arm-none-eabi/14.3.1/thumb/v7e-m+fp/hard\libgcc.a(_aeabi_uldivmod.o)
 .ARM.attributes
                0x000008b9       0x34 C:/ST/STM32CubeIDE_1.19.0/STM32CubeIDE/plugins/com.st.stm32cube.ide.mcu.externaltools.gnu-tools-for-stm32.14.3.rel1.win32_1.0.100.202602081740/tools/bin/../lib/gcc/arm-none-eabi/14.3.1/thumb/v7e-m+fp/hard\libgcc.a(_udivmoddi4.o)
 .ARM.attributes
                0x000008ed       0x22 C:/ST/STM32CubeIDE_1.19.0/STM32CubeIDE/plugins/com.st.stm32cube.ide.mcu.externaltools.gnu-tools-for-stm32.14.3.rel1.win32_1.0.100.202602081740/tools/bin/../lib/gcc/arm-none-eabi/14.3.1/thumb/v7e-m+fp/hard\libgcc.a(_dvmd_tls.o)
 .ARM.attributes
                0x0000090f       0x22 C:/ST/STM32CubeIDE_1.19.0/STM32CubeIDE/plugins/com.st.stm32cube.ide.mcu.externaltools.gnu-tools-for-stm32.14.3.rel1.win32_1.0.100.202602081740/tools/bin/../lib/gcc/arm-none-eabi/14.3.1/thumb/v7e-m+fp/hard/crtn.o
OUTPUT(HT_MK1.elf elf32-littlearm)
LOAD linker stubs
LOAD C:/ST/STM32CubeIDE_1.19.0/STM32CubeIDE/plugins/com.st.stm32cube.ide.mcu.externaltools.gnu-tools-for-stm32.14.3.rel1.win32_1.0.100.202602081740/tools/bin/../lib/gcc/arm-none-eabi/14.3.1/../../../../arm-none-eabi/lib/thumb/v7e-m+fp/hard\libc.a
LOAD C:/ST/STM32CubeIDE_1.19.0/STM32CubeIDE/plugins/com.st.stm32cube.ide.mcu.externaltools.gnu-tools-for-stm32.14.3.rel1.win32_1.0.100.202602081740/tools/bin/../lib/gcc/arm-none-eabi/14.3.1/../../../../arm-none-eabi/lib/thumb/v7e-m+fp/hard\libm.a
LOAD C:/ST/STM32CubeIDE_1.19.0/STM32CubeIDE/plugins/com.st.stm32cube.ide.mcu.externaltools.gnu-tools-for-stm32.14.3.rel1.win32_1.0.100.202602081740/tools/bin/../lib/gcc/arm-none-eabi/14.3.1/thumb/v7e-m+fp/hard\libgcc.a

.debug_info     0x00000000    0x231d4
 .debug_info    0x00000000      0x38d ./Core/Src/app_freertos.o
 .debug_info    0x0000038d      0x4a0 ./Core/Src/gpio.o
 .debug_info    0x0000082d      0xd24 ./Core/Src/i2c.o
 .debug_info    0x00001551      0xaee ./Core/Src/main.o
 .debug_info    0x0000203f      0xbb1 ./Core/Src/spi.o
 .debug_info    0x00002bf0      0x5a6 ./Core/Src/stm32g4xx_hal_msp.o
 .debug_info    0x00003196      0xe78 ./Core/Src/stm32g4xx_hal_timebase_tim.o
 .debug_info    0x0000400e      0x841 ./Core/Src/stm32g4xx_it.o
 .debug_info    0x0000484f      0x58e ./Core/Src/system_stm32g4xx.o
 .debug_info    0x00004ddd      0xe6e ./Core/Src/usart.o
 .debug_info    0x00005c4b       0x30 ./Core/Startup/startup_stm32g474retx.o
 .debug_info    0x00005c7b      0xb95 ./Drivers/STM32G4xx_HAL_Driver/Src/stm32g4xx_hal.o
 .debug_info    0x00006810      0xdf9 ./Drivers/STM32G4xx_HAL_Driver/Src/stm32g4xx_hal_cortex.o
 .debug_info    0x00007609      0x772 ./Drivers/STM32G4xx_HAL_Driver/Src/stm32g4xx_hal_gpio.o
 .debug_info    0x00007d7b     0x21ea ./Drivers/STM32G4xx_HAL_Driver/Src/stm32g4xx_hal_i2c.o
 .debug_info    0x00009f65      0xad6 ./Drivers/STM32G4xx_HAL_Driver/Src/stm32g4xx_hal_i2c_ex.o
 .debug_info    0x0000aa3b      0x944 ./Drivers/STM32G4xx_HAL_Driver/Src/stm32g4xx_hal_pwr_ex.o
 .debug_info    0x0000b37f      0xbf9 ./Drivers/STM32G4xx_HAL_Driver/Src/stm32g4xx_hal_rcc.o
 .debug_info    0x0000bf78      0xc5d ./Drivers/STM32G4xx_HAL_Driver/Src/stm32g4xx_hal_rcc_ex.o
 .debug_info    0x0000cbd5     0x1677 ./Drivers/STM32G4xx_HAL_Driver/Src/stm32g4xx_hal_spi.o
 .debug_info    0x0000e24c     0x2c52 ./Drivers/STM32G4xx_HAL_Driver/Src/stm32g4xx_hal_tim.o
 .debug_info    0x00010e9e     0x1d95 ./Drivers/STM32G4xx_HAL_Driver/Src/stm32g4xx_hal_tim_ex.o
 .debug_info    0x00012c33     0x4854 ./Drivers/STM32G4xx_HAL_Driver/Src/stm32g4xx_hal_uart.o
 .debug_info    0x00017487      0xfdc ./Drivers/STM32G4xx_HAL_Driver/Src/stm32g4xx_hal_uart_ex.o
 .debug_info    0x00018463     0x4185 ./Middlewares/Third_Party/FreeRTOS/Source/CMSIS_RTOS_V2/cmsis_os2.o
 .debug_info    0x0001c5e8      0x2af ./Middlewares/Third_Party/FreeRTOS/Source/list.o
 .debug_info    0x0001c897     0x1b79 ./Middlewares/Third_Party/FreeRTOS/Source/queue.o
 .debug_info    0x0001e410     0x28c1 ./Middlewares/Third_Party/FreeRTOS/Source/tasks.o
 .debug_info    0x00020cd1     0x1b50 ./Middlewares/Third_Party/FreeRTOS/Source/timers.o
 .debug_info    0x00022821      0x4de ./Middlewares/Third_Party/FreeRTOS/Source/portable/GCC/ARM_CM4F/port.o
 .debug_info    0x00022cff      0x4d5 ./Middlewares/Third_Party/FreeRTOS/Source/portable/MemMang/heap_4.o

.debug_abbrev   0x00000000     0x47ad
 .debug_abbrev  0x00000000      0x12c ./Core/Src/app_freertos.o
 .debug_abbrev  0x0000012c      0x159 ./Core/Src/gpio.o
 .debug_abbrev  0x00000285      0x220 ./Core/Src/i2c.o
 .debug_abbrev  0x000004a5      0x264 ./Core/Src/main.o
 .debug_abbrev  0x00000709      0x1fc ./Core/Src/spi.o
 .debug_abbrev  0x00000905      0x11a ./Core/Src/stm32g4xx_hal_msp.o
 .debug_abbrev  0x00000a1f      0x223 ./Core/Src/stm32g4xx_hal_timebase_tim.o
 .debug_abbrev  0x00000c42      0x1ad ./Core/Src/stm32g4xx_it.o
 .debug_abbrev  0x00000def      0x11a ./Core/Src/system_stm32g4xx.o
 .debug_abbrev  0x00000f09      0x23c ./Core/Src/usart.o
 .debug_abbrev  0x00001145       0x24 ./Core/Startup/startup_stm32g474retx.o
 .debug_abbrev  0x00001169      0x271 ./Drivers/STM32G4xx_HAL_Driver/Src/stm32g4xx_hal.o
 .debug_abbrev  0x000013da      0x31c ./Drivers/STM32G4xx_HAL_Driver/Src/stm32g4xx_hal_cortex.o
 .debug_abbrev  0x000016f6      0x1d2 ./Drivers/STM32G4xx_HAL_Driver/Src/stm32g4xx_hal_gpio.o
 .debug_abbrev  0x000018c8      0x25e ./Drivers/STM32G4xx_HAL_Driver/Src/stm32g4xx_hal_i2c.o
 .debug_abbrev  0x00001b26      0x1c0 ./Drivers/STM32G4xx_HAL_Driver/Src/stm32g4xx_hal_i2c_ex.o
 .debug_abbrev  0x00001ce6      0x22c ./Drivers/STM32G4xx_HAL_Driver/Src/stm32g4xx_hal_pwr_ex.o
 .debug_abbrev  0x00001f12      0x2c9 ./Drivers/STM32G4xx_HAL_Driver/Src/stm32g4xx_hal_rcc.o
 .debug_abbrev  0x000021db      0x261 ./Drivers/STM32G4xx_HAL_Driver/Src/stm32g4xx_hal_rcc_ex.o
 .debug_abbrev  0x0000243c      0x25d ./Drivers/STM32G4xx_HAL_Driver/Src/stm32g4xx_hal_spi.o
 .debug_abbrev  0x00002699      0x2a7 ./Drivers/STM32G4xx_HAL_Driver/Src/stm32g4xx_hal_tim.o
 .debug_abbrev  0x00002940      0x2c5 ./Drivers/STM32G4xx_HAL_Driver/Src/stm32g4xx_hal_tim_ex.o
 .debug_abbrev  0x00002c05      0x304 ./Drivers/STM32G4xx_HAL_Driver/Src/stm32g4xx_hal_uart.o
 .debug_abbrev  0x00002f09      0x2d2 ./Drivers/STM32G4xx_HAL_Driver/Src/stm32g4xx_hal_uart_ex.o
 .debug_abbrev  0x000031db      0x548 ./Middlewares/Third_Party/FreeRTOS/Source/CMSIS_RTOS_V2/cmsis_os2.o
 .debug_abbrev  0x00003723       0xf5 ./Middlewares/Third_Party/FreeRTOS/Source/list.o
 .debug_abbrev  0x00003818      0x3b6 ./Middlewares/Third_Party/FreeRTOS/Source/queue.o
 .debug_abbrev  0x00003bce      0x3fe ./Middlewares/Third_Party/FreeRTOS/Source/tasks.o
 .debug_abbrev  0x00003fcc      0x368 ./Middlewares/Third_Party/FreeRTOS/Source/timers.o
 .debug_abbrev  0x00004334      0x25c ./Middlewares/Third_Party/FreeRTOS/Source/portable/GCC/ARM_CM4F/port.o
 .debug_abbrev  0x00004590      0x21d ./Middlewares/Third_Party/FreeRTOS/Source/portable/MemMang/heap_4.o

.debug_aranges  0x00000000     0x1d60
 .debug_aranges
                0x00000000       0x28 ./Core/Src/app_freertos.o
 .debug_aranges
                0x00000028       0x20 ./Core/Src/gpio.o
 .debug_aranges
                0x00000048       0x38 ./Core/Src/i2c.o
 .debug_aranges
                0x00000080       0x38 ./Core/Src/main.o
 .debug_aranges
                0x000000b8       0x40 ./Core/Src/spi.o
 .debug_aranges
                0x000000f8       0x20 ./Core/Src/stm32g4xx_hal_msp.o
 .debug_aranges
                0x00000118       0x30 ./Core/Src/stm32g4xx_hal_timebase_tim.o
 .debug_aranges
                0x00000148       0x50 ./Core/Src/stm32g4xx_it.o
 .debug_aranges
                0x00000198       0x28 ./Core/Src/system_stm32g4xx.o
 .debug_aranges
                0x000001c0       0x40 ./Core/Src/usart.o
 .debug_aranges
                0x00000200       0x28 ./Core/Startup/startup_stm32g474retx.o
 .debug_aranges
                0x00000228      0x148 ./Drivers/STM32G4xx_HAL_Driver/Src/stm32g4xx_hal.o
 .debug_aranges
                0x00000370      0x128 ./Drivers/STM32G4xx_HAL_Driver/Src/stm32g4xx_hal_cortex.o
 .debug_aranges
                0x00000498       0x58 ./Drivers/STM32G4xx_HAL_Driver/Src/stm32g4xx_hal_gpio.o
 .debug_aranges
                0x000004f0      0x2a0 ./Drivers/STM32G4xx_HAL_Driver/Src/stm32g4xx_hal_i2c.o
 .debug_aranges
                0x00000790       0x48 ./Drivers/STM32G4xx_HAL_Driver/Src/stm32g4xx_hal_i2c_ex.o
 .debug_aranges
                0x000007d8      0x140 ./Drivers/STM32G4xx_HAL_Driver/Src/stm32g4xx_hal_pwr_ex.o
 .debug_aranges
                0x00000918       0x98 ./Drivers/STM32G4xx_HAL_Driver/Src/stm32g4xx_hal_rcc.o
 .debug_aranges
                0x000009b0       0xb0 ./Drivers/STM32G4xx_HAL_Driver/Src/stm32g4xx_hal_rcc_ex.o
 .debug_aranges
                0x00000a60      0x1d8 ./Drivers/STM32G4xx_HAL_Driver/Src/stm32g4xx_hal_spi.o
 .debug_aranges
                0x00000c38      0x3e0 ./Drivers/STM32G4xx_HAL_Driver/Src/stm32g4xx_hal_tim.o
 .debug_aranges
                0x00001018      0x240 ./Drivers/STM32G4xx_HAL_Driver/Src/stm32g4xx_hal_tim_ex.o
 .debug_aranges
                0x00001258      0x248 ./Drivers/STM32G4xx_HAL_Driver/Src/stm32g4xx_hal_uart.o
 .debug_aranges
                0x000014a0       0xa8 ./Drivers/STM32G4xx_HAL_Driver/Src/stm32g4xx_hal_uart_ex.o
 .debug_aranges
                0x00001548      0x2b0 ./Middlewares/Third_Party/FreeRTOS/Source/CMSIS_RTOS_V2/cmsis_os2.o
 .debug_aranges
                0x000017f8       0x40 ./Middlewares/Third_Party/FreeRTOS/Source/list.o
 .debug_aranges
                0x00001838      0x158 ./Middlewares/Third_Party/FreeRTOS/Source/queue.o
 .debug_aranges
                0x00001990      0x208 ./Middlewares/Third_Party/FreeRTOS/Source/tasks.o
 .debug_aranges
                0x00001b98       0xf0 ./Middlewares/Third_Party/FreeRTOS/Source/timers.o
 .debug_aranges
                0x00001c88       0x80 ./Middlewares/Third_Party/FreeRTOS/Source/portable/GCC/ARM_CM4F/port.o
 .debug_aranges
                0x00001d08       0x58 ./Middlewares/Third_Party/FreeRTOS/Source/portable/MemMang/heap_4.o

.debug_rnglists
                0x00000000     0x16ec
 .debug_rnglists
                0x00000000       0x19 ./Core/Src/app_freertos.o
 .debug_rnglists
                0x00000019       0x14 ./Core/Src/gpio.o
 .debug_rnglists
                0x0000002d       0x28 ./Core/Src/i2c.o
 .debug_rnglists
                0x00000055       0x26 ./Core/Src/main.o
 .debug_rnglists
                0x0000007b       0x2d ./Core/Src/spi.o
 .debug_rnglists
                0x000000a8       0x13 ./Core/Src/stm32g4xx_hal_msp.o
 .debug_rnglists
                0x000000bb       0x20 ./Core/Src/stm32g4xx_hal_timebase_tim.o
 .debug_rnglists
                0x000000db       0x37 ./Core/Src/stm32g4xx_it.o
 .debug_rnglists
                0x00000112       0x1a ./Core/Src/system_stm32g4xx.o
 .debug_rnglists
                0x0000012c       0x30 ./Core/Src/usart.o
 .debug_rnglists
                0x0000015c       0x19 ./Core/Startup/startup_stm32g474retx.o
 .debug_rnglists
                0x00000175       0xf1 ./Drivers/STM32G4xx_HAL_Driver/Src/stm32g4xx_hal.o
 .debug_rnglists
                0x00000266       0xda ./Drivers/STM32G4xx_HAL_Driver/Src/stm32g4xx_hal_cortex.o
 .debug_rnglists
                0x00000340       0x3f ./Drivers/STM32G4xx_HAL_Driver/Src/stm32g4xx_hal_gpio.o
 .debug_rnglists
                0x0000037f      0x228 ./Drivers/STM32G4xx_HAL_Driver/Src/stm32g4xx_hal_i2c.o
 .debug_rnglists
                0x000005a7       0x35 ./Drivers/STM32G4xx_HAL_Driver/Src/stm32g4xx_hal_i2c_ex.o
 .debug_rnglists
                0x000005dc       0xf1 ./Drivers/STM32G4xx_HAL_Driver/Src/stm32g4xx_hal_pwr_ex.o
 .debug_rnglists
                0x000006cd       0x74 ./Drivers/STM32G4xx_HAL_Driver/Src/stm32g4xx_hal_rcc.o
 .debug_rnglists
                0x00000741       0x87 ./Drivers/STM32G4xx_HAL_Driver/Src/stm32g4xx_hal_rcc_ex.o
 .debug_rnglists
                0x000007c8      0x178 ./Drivers/STM32G4xx_HAL_Driver/Src/stm32g4xx_hal_spi.o
 .debug_rnglists
                0x00000940      0x32d ./Drivers/STM32G4xx_HAL_Driver/Src/stm32g4xx_hal_tim.o
 .debug_rnglists
                0x00000c6d      0x1cc ./Drivers/STM32G4xx_HAL_Driver/Src/stm32g4xx_hal_tim_ex.o
 .debug_rnglists
                0x00000e39      0x1f7 ./Drivers/STM32G4xx_HAL_Driver/Src/stm32g4xx_hal_uart.o
 .debug_rnglists
                0x00001030       0x7f ./Drivers/STM32G4xx_HAL_Driver/Src/stm32g4xx_hal_uart_ex.o
 .debug_rnglists
                0x000010af      0x212 ./Middlewares/Third_Party/FreeRTOS/Source/CMSIS_RTOS_V2/cmsis_os2.o
 .debug_rnglists
                0x000012c1       0x2b ./Middlewares/Third_Party/FreeRTOS/Source/list.o
 .debug_rnglists
                0x000012ec      0x109 ./Middlewares/Third_Party/FreeRTOS/Source/queue.o
 .debug_rnglists
                0x000013f5      0x1a0 ./Middlewares/Third_Party/FreeRTOS/Source/tasks.o
 .debug_rnglists
                0x00001595       0xb8 ./Middlewares/Third_Party/FreeRTOS/Source/timers.o
 .debug_rnglists
                0x0000164d       0x5d ./Middlewares/Third_Party/FreeRTOS/Source/portable/GCC/ARM_CM4F/port.o
 .debug_rnglists
                0x000016aa       0x42 ./Middlewares/Third_Party/FreeRTOS/Source/portable/MemMang/heap_4.o

.debug_macro    0x00000000    0x2a07a
 .debug_macro   0x00000000      0x345 ./Core/Src/app_freertos.o
 .debug_macro   0x00000345      0xad8 ./Core/Src/app_freertos.o
 .debug_macro   0x00000e1d      0x190 ./Core/Src/app_freertos.o
 .debug_macro   0x00000fad       0x22 ./Core/Src/app_freertos.o
 .debug_macro   0x00000fcf       0x8e ./Core/Src/app_freertos.o
 .debug_macro   0x0000105d       0x51 ./Core/Src/app_freertos.o
 .debug_macro   0x000010ae      0x103 ./Core/Src/app_freertos.o
 .debug_macro   0x000011b1       0x6a ./Core/Src/app_freertos.o
 .debug_macro   0x0000121b      0x1df ./Core/Src/app_freertos.o
 .debug_macro   0x000013fa      0x16f ./Core/Src/app_freertos.o
 .debug_macro   0x00001569      0x15a ./Core/Src/app_freertos.o
 .debug_macro   0x000016c3       0xc9 ./Core/Src/app_freertos.o
 .debug_macro   0x0000178c       0x1c ./Core/Src/app_freertos.o
 .debug_macro   0x000017a8       0x26 ./Core/Src/app_freertos.o
 .debug_macro   0x000017ce       0x61 ./Core/Src/app_freertos.o
 .debug_macro   0x0000182f       0x2a ./Core/Src/app_freertos.o
 .debug_macro   0x00001859       0x43 ./Core/Src/app_freertos.o
 .debug_macro   0x0000189c       0x34 ./Core/Src/app_freertos.o
 .debug_macro   0x000018d0      0x364 ./Core/Src/app_freertos.o
 .debug_macro   0x00001c34       0x16 ./Core/Src/app_freertos.o
 .debug_macro   0x00001c4a       0x4a ./Core/Src/app_freertos.o
 .debug_macro   0x00001c94       0x34 ./Core/Src/app_freertos.o
 .debug_macro   0x00001cc8       0x10 ./Core/Src/app_freertos.o
 .debug_macro   0x00001cd8       0x58 ./Core/Src/app_freertos.o
 .debug_macro   0x00001d30       0x8e ./Core/Src/app_freertos.o
 .debug_macro   0x00001dbe       0x1c ./Core/Src/app_freertos.o
 .debug_macro   0x00001dda      0x17e ./Core/Src/app_freertos.o
 .debug_macro   0x00001f58       0x10 ./Core/Src/app_freertos.o
 .debug_macro   0x00001f68       0x3c ./Core/Src/app_freertos.o
 .debug_macro   0x00001fa4      0x4bf ./Core/Src/app_freertos.o
 .debug_macro   0x00002463       0xb5 ./Core/Src/app_freertos.o
 .debug_macro   0x00002518       0xaa ./Core/Src/app_freertos.o
 .debug_macro   0x000025c2      0x167 ./Core/Src/app_freertos.o
 .debug_macro   0x00002729       0x2e ./Core/Src/app_freertos.o
 .debug_macro   0x00002757       0x28 ./Core/Src/app_freertos.o
 .debug_macro   0x0000277f       0x1c ./Core/Src/app_freertos.o
 .debug_macro   0x0000279b       0x22 ./Core/Src/app_freertos.o
 .debug_macro   0x000027bd       0xfb ./Core/Src/app_freertos.o
 .debug_macro   0x000028b8     0x1011 ./Core/Src/app_freertos.o
 .debug_macro   0x000038c9      0x11f ./Core/Src/app_freertos.o
 .debug_macro   0x000039e8    0x18b8c ./Core/Src/app_freertos.o
 .debug_macro   0x0001c574       0x6d ./Core/Src/app_freertos.o
 .debug_macro   0x0001c5e1     0x3558 ./Core/Src/app_freertos.o
 .debug_macro   0x0001fb39       0x56 ./Core/Src/app_freertos.o
 .debug_macro   0x0001fb8f     0x171f ./Core/Src/app_freertos.o
 .debug_macro   0x000212ae      0x600 ./Core/Src/app_freertos.o
 .debug_macro   0x000218ae      0x1b6 ./Core/Src/app_freertos.o
 .debug_macro   0x00021a64      0x34a ./Core/Src/app_freertos.o
 .debug_macro   0x00021dae      0x53c ./Core/Src/app_freertos.o
 .debug_macro   0x000222ea      0x18b ./Core/Src/app_freertos.o
 .debug_macro   0x00022475       0x43 ./Core/Src/app_freertos.o
 .debug_macro   0x000224b8      0x23d ./Core/Src/app_freertos.o
 .debug_macro   0x000226f5      0x211 ./Core/Src/app_freertos.o
 .debug_macro   0x00022906      0x45c ./Core/Src/app_freertos.o
 .debug_macro   0x00022d62      0x11c ./Core/Src/app_freertos.o
 .debug_macro   0x00022e7e      0x22c ./Core/Src/app_freertos.o
 .debug_macro   0x000230aa       0x61 ./Core/Src/app_freertos.o
 .debug_macro   0x0002310b       0xa5 ./Core/Src/app_freertos.o
 .debug_macro   0x000231b0      0x122 ./Core/Src/app_freertos.o
 .debug_macro   0x000232d2      0x3d1 ./Core/Src/app_freertos.o
 .debug_macro   0x000236a3      0x2fe ./Core/Src/app_freertos.o
 .debug_macro   0x000239a1      0xc0b ./Core/Src/app_freertos.o
 .debug_macro   0x000245ac      0x718 ./Core/Src/app_freertos.o
 .debug_macro   0x00024cc4      0x693 ./Core/Src/app_freertos.o
 .debug_macro   0x00025357       0xa6 ./Core/Src/app_freertos.o
 .debug_macro   0x000253fd      0x358 ./Core/Src/app_freertos.o
 .debug_macro   0x00025755       0xd0 ./Core/Src/app_freertos.o
 .debug_macro   0x00025825       0x6c ./Core/Src/app_freertos.o
 .debug_macro   0x00025891       0x74 ./Core/Src/app_freertos.o
 .debug_macro   0x00025905       0xdd ./Core/Src/app_freertos.o
 .debug_macro   0x000259e2      0x215 ./Core/Src/gpio.o
 .debug_macro   0x00025bf7       0x5c ./Core/Src/gpio.o
 .debug_macro   0x00025c53      0x215 ./Core/Src/i2c.o
 .debug_macro   0x00025e68      0x377 ./Core/Src/main.o
 .debug_macro   0x000261df      0x16f ./Core/Src/main.o
 .debug_macro   0x0002634e       0x66 ./Core/Src/main.o
 .debug_macro   0x000263b4      0x215 ./Core/Src/spi.o
 .debug_macro   0x000265c9      0x20b ./Core/Src/stm32g4xx_hal_msp.o
 .debug_macro   0x000267d4      0x1fc ./Core/Src/stm32g4xx_hal_timebase_tim.o
 .debug_macro   0x000269d0      0x215 ./Core/Src/stm32g4xx_it.o
 .debug_macro   0x00026be5      0x1fc ./Core/Src/system_stm32g4xx.o
 .debug_macro   0x00026de1      0x215 ./Core/Src/usart.o
 .debug_macro   0x00026ff6      0x24a ./Drivers/STM32G4xx_HAL_Driver/Src/stm32g4xx_hal.o
 .debug_macro   0x00027240      0x1fc ./Drivers/STM32G4xx_HAL_Driver/Src/stm32g4xx_hal_cortex.o
 .debug_macro   0x0002743c      0x203 ./Drivers/STM32G4xx_HAL_Driver/Src/stm32g4xx_hal_gpio.o
 .debug_macro   0x0002763f      0x2c8 ./Drivers/STM32G4xx_HAL_Driver/Src/stm32g4xx_hal_i2c.o
 .debug_macro   0x00027907      0x1fc ./Drivers/STM32G4xx_HAL_Driver/Src/stm32g4xx_hal_i2c_ex.o
 .debug_macro   0x00027b03      0x226 ./Drivers/STM32G4xx_HAL_Driver/Src/stm32g4xx_hal_pwr_ex.o
 .debug_macro   0x00027d29      0x23e ./Drivers/STM32G4xx_HAL_Driver/Src/stm32g4xx_hal_rcc.o
 .debug_macro   0x00027f67      0x226 ./Drivers/STM32G4xx_HAL_Driver/Src/stm32g4xx_hal_rcc_ex.o
 .debug_macro   0x0002818d      0x204 ./Drivers/STM32G4xx_HAL_Driver/Src/stm32g4xx_hal_spi.o
 .debug_macro   0x00028391      0x204 ./Drivers/STM32G4xx_HAL_Driver/Src/stm32g4xx_hal_tim.o
 .debug_macro   0x00028595      0x202 ./Drivers/STM32G4xx_HAL_Driver/Src/stm32g4xx_hal_tim_ex.o
 .debug_macro   0x00028797      0x227 ./Drivers/STM32G4xx_HAL_Driver/Src/stm32g4xx_hal_uart.o
 .debug_macro   0x000289be      0x208 ./Drivers/STM32G4xx_HAL_Driver/Src/stm32g4xx_hal_uart_ex.o
 .debug_macro   0x00028bc6      0x405 ./Middlewares/Third_Party/FreeRTOS/Source/CMSIS_RTOS_V2/cmsis_os2.o
 .debug_macro   0x00028fcb       0x10 ./Middlewares/Third_Party/FreeRTOS/Source/CMSIS_RTOS_V2/cmsis_os2.o
 .debug_macro   0x00028fdb       0x20 ./Middlewares/Third_Party/FreeRTOS/Source/CMSIS_RTOS_V2/cmsis_os2.o
 .debug_macro   0x00028ffb       0x10 ./Middlewares/Third_Party/FreeRTOS/Source/CMSIS_RTOS_V2/cmsis_os2.o
 .debug_macro   0x0002900b       0xf5 ./Middlewares/Third_Party/FreeRTOS/Source/CMSIS_RTOS_V2/cmsis_os2.o
 .debug_macro   0x00029100       0x16 ./Middlewares/Third_Party/FreeRTOS/Source/CMSIS_RTOS_V2/cmsis_os2.o
 .debug_macro   0x00029116       0x91 ./Middlewares/Third_Party/FreeRTOS/Source/CMSIS_RTOS_V2/cmsis_os2.o
 .debug_macro   0x000291a7       0x8d ./Middlewares/Third_Party/FreeRTOS/Source/CMSIS_RTOS_V2/cmsis_os2.o
 .debug_macro   0x00029234       0x9a ./Middlewares/Third_Party/FreeRTOS/Source/CMSIS_RTOS_V2/cmsis_os2.o
 .debug_macro   0x000292ce       0x22 ./Middlewares/Third_Party/FreeRTOS/Source/CMSIS_RTOS_V2/cmsis_os2.o
 .debug_macro   0x000292f0      0x199 ./Middlewares/Third_Party/FreeRTOS/Source/list.o
 .debug_macro   0x00029489      0x228 ./Middlewares/Third_Party/FreeRTOS/Source/queue.o
 .debug_macro   0x000296b1       0x16 ./Middlewares/Third_Party/FreeRTOS/Source/queue.o
 .debug_macro   0x000296c7       0x87 ./Middlewares/Third_Party/FreeRTOS/Source/queue.o
 .debug_macro   0x0002974e      0x291 ./Middlewares/Third_Party/FreeRTOS/Source/tasks.o
 .debug_macro   0x000299df       0x10 ./Middlewares/Third_Party/FreeRTOS/Source/tasks.o
 .debug_macro   0x000299ef      0x1ee ./Middlewares/Third_Party/FreeRTOS/Source/timers.o
 .debug_macro   0x00029bdd       0x97 ./Middlewares/Third_Party/FreeRTOS/Source/timers.o
 .debug_macro   0x00029c74      0x246 ./Middlewares/Third_Party/FreeRTOS/Source/portable/GCC/ARM_CM4F/port.o
 .debug_macro   0x00029eba      0x1c0 ./Middlewares/Third_Party/FreeRTOS/Source/portable/MemMang/heap_4.o

.debug_line     0x00000000    0x23baf
 .debug_line    0x00000000      0xa7f ./Core/Src/app_freertos.o
 .debug_line    0x00000a7f      0x812 ./Core/Src/gpio.o
 .debug_line    0x00001291      0x91c ./Core/Src/i2c.o
 .debug_line    0x00001bad      0xb1c ./Core/Src/main.o
 .debug_line    0x000026c9      0x948 ./Core/Src/spi.o
 .debug_line    0x00003011      0x7cd ./Core/Src/stm32g4xx_hal_msp.o
 .debug_line    0x000037de      0x834 ./Core/Src/stm32g4xx_hal_timebase_tim.o
 .debug_line    0x00004012      0x854 ./Core/Src/stm32g4xx_it.o
 .debug_line    0x00004866      0x838 ./Core/Src/system_stm32g4xx.o
 .debug_line    0x0000509e      0x9db ./Core/Src/usart.o
 .debug_line    0x00005a79       0x7b ./Core/Startup/startup_stm32g474retx.o
 .debug_line    0x00005af4      0xc07 ./Drivers/STM32G4xx_HAL_Driver/Src/stm32g4xx_hal.o
 .debug_line    0x000066fb      0xd69 ./Drivers/STM32G4xx_HAL_Driver/Src/stm32g4xx_hal_cortex.o
 .debug_line    0x00007464      0xbf0 ./Drivers/STM32G4xx_HAL_Driver/Src/stm32g4xx_hal_gpio.o
 .debug_line    0x00008054     0x37b6 ./Drivers/STM32G4xx_HAL_Driver/Src/stm32g4xx_hal_i2c.o
 .debug_line    0x0000b80a      0x931 ./Drivers/STM32G4xx_HAL_Driver/Src/stm32g4xx_hal_i2c_ex.o
 .debug_line    0x0000c13b      0xd63 ./Drivers/STM32G4xx_HAL_Driver/Src/stm32g4xx_hal_pwr_ex.o
 .debug_line    0x0000ce9e     0x1087 ./Drivers/STM32G4xx_HAL_Driver/Src/stm32g4xx_hal_rcc.o
 .debug_line    0x0000df25     0x12fd ./Drivers/STM32G4xx_HAL_Driver/Src/stm32g4xx_hal_rcc_ex.o
 .debug_line    0x0000f222     0x20b2 ./Drivers/STM32G4xx_HAL_Driver/Src/stm32g4xx_hal_spi.o
 .debug_line    0x000112d4     0x4157 ./Drivers/STM32G4xx_HAL_Driver/Src/stm32g4xx_hal_tim.o
 .debug_line    0x0001542b     0x210b ./Drivers/STM32G4xx_HAL_Driver/Src/stm32g4xx_hal_tim_ex.o
 .debug_line    0x00017536     0x3666 ./Drivers/STM32G4xx_HAL_Driver/Src/stm32g4xx_hal_uart.o
 .debug_line    0x0001ab9c      0xd39 ./Drivers/STM32G4xx_HAL_Driver/Src/stm32g4xx_hal_uart_ex.o
 .debug_line    0x0001b8d5     0x25af ./Middlewares/Third_Party/FreeRTOS/Source/CMSIS_RTOS_V2/cmsis_os2.o
 .debug_line    0x0001de84      0x7a1 ./Middlewares/Third_Party/FreeRTOS/Source/list.o
 .debug_line    0x0001e625     0x1735 ./Middlewares/Third_Party/FreeRTOS/Source/queue.o
 .debug_line    0x0001fd5a     0x1d3c ./Middlewares/Third_Party/FreeRTOS/Source/tasks.o
 .debug_line    0x00021a96      0xe0f ./Middlewares/Third_Party/FreeRTOS/Source/timers.o
 .debug_line    0x000228a5      0x952 ./Middlewares/Third_Party/FreeRTOS/Source/portable/GCC/ARM_CM4F/port.o
 .debug_line    0x000231f7      0x9b8 ./Middlewares/Third_Party/FreeRTOS/Source/portable/MemMang/heap_4.o

.debug_str      0x00000000   0x10b25d
 .debug_str     0x00000000   0x10b25d ./Core/Src/app_freertos.o
                              0xfe8c2 (size before relaxing)
 .debug_str     0x0010b25d    0xf6b4f ./Core/Src/gpio.o
 .debug_str     0x0010b25d    0xf7341 ./Core/Src/i2c.o
 .debug_str     0x0010b25d    0xfece6 ./Core/Src/main.o
 .debug_str     0x0010b25d    0xf70aa ./Core/Src/spi.o
 .debug_str     0x0010b25d    0xf70ec ./Core/Src/stm32g4xx_hal_msp.o
 .debug_str     0x0010b25d    0xf748c ./Core/Src/stm32g4xx_hal_timebase_tim.o
 .debug_str     0x0010b25d    0xf6fd1 ./Core/Src/stm32g4xx_it.o
 .debug_str     0x0010b25d    0xf6788 ./Core/Src/system_stm32g4xx.o
 .debug_str     0x0010b25d    0xf736e ./Core/Src/usart.o
 .debug_str     0x0010b25d       0x7e ./Core/Startup/startup_stm32g474retx.o
 .debug_str     0x0010b25d    0xf749a ./Drivers/STM32G4xx_HAL_Driver/Src/stm32g4xx_hal.o
 .debug_str     0x0010b25d    0xf7156 ./Drivers/STM32G4xx_HAL_Driver/Src/stm32g4xx_hal_cortex.o
 .debug_str     0x0010b25d    0xf6913 ./Drivers/STM32G4xx_HAL_Driver/Src/stm32g4xx_hal_gpio.o