Archive member included to satisfy reference by file (symbol)

C:/ST/STM32CubeIDE_1.19.0/STM32CubeIDE/plugins/com.st.stm32cube.ide.mcu.externaltools.gnu-tools-for-stm32.14.3.rel1.win32_1.0.100.202602081740/tools/bin/../lib/gcc/arm-none-eabi/14.3.1/../../../../arm-none-eabi/lib/thumb/v7e-m+fp/hard\libc_nano.a(libc_a-exit.o)
                              C:/ST/STM32CubeIDE_1.19.0/STM32CubeIDE/plugins/com.st.stm32cube.ide.mcu.externaltools.gnu-tools-for-stm32.14.3.rel1.win32_1.0.100.202602081740/tools/bin/../lib/gcc/arm-none-eabi/14.3.1/../../../../arm-none-eabi/lib/thumb/v7e-m+fp/hard/crt0.o (exit)
C:/ST/STM32CubeIDE_1.19.0/STM32CubeIDE/plugins/com.st.stm32cube.ide.mcu.externaltools.gnu-tools-for-stm32.14.3.rel1.win32_1.0.100.202602081740/tools/bin/../lib/gcc/arm-none-eabi/14.3.1/../../../../arm-none-eabi/lib/thumb/v7e-m+fp/hard\libc_nano.a(libc_a-findfp.o)
                              ./Middlewares/Third_Party/FreeRTOS/Source/tasks.o (__sf)
C:/ST/STM32CubeIDE_1.19.0/STM32CubeIDE/plugins/com.st.stm32cube.ide.mcu.externaltools.gnu-tools-for-stm32.14.3.rel1.win32_1.0.100.202602081740/tools/bin/../lib/gcc/arm-none-eabi/14.3.1/../../../../arm-none-eabi/lib/thumb/v7e-m+fp/hard\libc_nano.a(libc_a-fwalk.o)
                              C:/ST/STM32CubeIDE_1.19.0/STM32CubeIDE/plugins/com.st.stm32cube.ide.mcu.externaltools.gnu-tools-for-stm32.14.3.rel1.win32_1.0.100.202602081740/tools/bin/../lib/gcc/arm-none-eabi/14.3.1/../../../../arm-none-eabi/lib/thumb/v7e-m+fp/hard\libc_nano.a(libc_a-findfp.o) (_fwalk_sglue)
C:/ST/STM32CubeIDE_1.19.0/STM32CubeIDE/plugins/com.st.stm32cube.ide.mcu.externaltools.gnu-tools-for-stm32.14.3.rel1.win32_1.0.100.202602081740/tools/bin/../lib/gcc/arm-none-eabi/14.3.1/../../../../arm-none-eabi/lib/thumb/v7e-m+fp/hard\libc_nano.a(libc_a-snprintf.o)
                              ./Core/Src/app/log.o (snprintf)
C:/ST/STM32CubeIDE_1.19.0/STM32CubeIDE/plugins/com.st.stm32cube.ide.mcu.externaltools.gnu-tools-for-stm32.14.3.rel1.win32_1.0.100.202602081740/tools/bin/../lib/gcc/arm-none-eabi/14.3.1/../../../../arm-none-eabi/lib/thumb/v7e-m+fp/hard\libc_nano.a(libc_a-stdio.o)
                              C:/ST/STM32CubeIDE_1.19.0/STM32CubeIDE/plugins/com.st.stm32cube.ide.mcu.externaltools.gnu-tools-for-stm32.14.3.rel1.win32_1.0.100.202602081740/tools/bin/../lib/gcc/arm-none-eabi/14.3.1/../../../../arm-none-eabi/lib/thumb/v7e-m+fp/hard\libc_nano.a(libc_a-findfp.o) (__sread)
C:/ST/STM32CubeIDE_1.19.0/STM32CubeIDE/plugins/com.st.stm32cube.ide.mcu.externaltools.gnu-tools-for-stm32.14.3.rel1.win32_1.0.100.202602081740/tools/bin/../lib/gcc/arm-none-eabi/14.3.1/../../../../arm-none-eabi/lib/thumb/v7e-m+fp/hard\libc_nano.a(libc_a-vsnprintf.o)
                              ./Core/Src/app/log.o (vsnprintf)
C:/ST/STM32CubeIDE_1.19.0/STM32CubeIDE/plugins/com.st.stm32cube.ide.mcu.externaltools.gnu-tools-for-stm32.14.3.rel1.win32_1.0.100.202602081740/tools/bin/../lib/gcc/arm-none-eabi/14.3.1/../../../../arm-none-eabi/lib/thumb/v7e-m+fp/hard\libc_nano.a(libc_a-memset.o)
                              C:/ST/STM32CubeIDE_1.19.0/STM32CubeIDE/plugins/com.st.stm32cube.ide.mcu.externaltools.gnu-tools-for-stm32.14.3.rel1.win32_1.0.100.202602081740/tools/bin/../lib/gcc/arm-none-eabi/14.3.1/../../../../arm-none-eabi/lib/thumb/v7e-m+fp/hard/crt0.o (memset)
C:/ST/STM32CubeIDE_1.19.0/STM32CubeIDE/plugins/com.st.stm32cube.ide.mcu.externaltools.gnu-tools-for-stm32.14.3.rel1.win32_1.0.100.202602081740/tools/bin/../lib/gcc/arm-none-eabi/14.3.1/../../../../arm-none-eabi/lib/thumb/v7e-m+fp/hard\libc_nano.a(libc_a-closer.o)
                              C:/ST/STM32CubeIDE_1.19.0/STM32CubeIDE/plugins/com.st.stm32cube.ide.mcu.externaltools.gnu-tools-for-stm32.14.3.rel1.win32_1.0.100.202602081740/tools/bin/../lib/gcc/arm-none-eabi/14.3.1/../../../../arm-none-eabi/lib/thumb/v7e-m+fp/hard\libc_nano.a(libc_a-stdio.o) (_close_r)
C:/ST/STM32CubeIDE_1.19.0/STM32CubeIDE/plugins/com.st.stm32cube.ide.mcu.externaltools.gnu-tools-for-stm32.14.3.rel1.win32_1.0.100.202602081740/tools/bin/../lib/gcc/arm-none-eabi/14.3.1/../../../../arm-none-eabi/lib/thumb/v7e-m+fp/hard\libc_nano.a(libc_a-reent.o)
                              ./Middlewares/Third_Party/FreeRTOS/Source/tasks.o (_reclaim_reent)
C:/ST/STM32CubeIDE_1.19.0/STM32CubeIDE/plugins/com.st.stm32cube.ide.mcu.externaltools.gnu-tools-for-stm32.14.3.rel1.win32_1.0.100.202602081740/tools/bin/../lib/gcc/arm-none-eabi/14.3.1/../../../../arm-none-eabi/lib/thumb/v7e-m+fp/hard\libc_nano.a(libc_a-impure.o)
                              ./Middlewares/Third_Party/FreeRTOS/Source/tasks.o (_impure_ptr)
C:/ST/STM32CubeIDE_1.19.0/STM32CubeIDE/plugins/com.st.stm32cube.ide.mcu.externaltools.gnu-tools-for-stm32.14.3.rel1.win32_1.0.100.202602081740/tools/bin/../lib/gcc/arm-none-eabi/14.3.1/../../../../arm-none-eabi/lib/thumb/v7e-m+fp/hard\libc_nano.a(libc_a-lseekr.o)
[...]
Memory Configuration

Name             Origin             Length             Attributes
RAM              0x20000000         0x00020000         xrw
FLASH            0x08000000         0x00080000         xr
*default*        0x00000000         0xffffffff

Linker script and memory map

LOAD C:/ST/STM32CubeIDE_1.19.0/STM32CubeIDE/plugins/com.st.stm32cube.ide.mcu.externaltools.gnu-tools-for-stm32.14.3.rel1.win32_1.0.100.202602081740/tools/bin/../lib/gcc/arm-none-eabi/14.3.1/thumb/v7e-m+fp/hard/crti.o
LOAD C:/ST/STM32CubeIDE_1.19.0/STM32CubeIDE/plugins/com.st.stm32cube.ide.mcu.externaltools.gnu-tools-for-stm32.14.3.rel1.win32_1.0.100.202602081740/tools/bin/../lib/gcc/arm-none-eabi/14.3.1/thumb/v7e-m+fp/hard/crtbegin.o
LOAD C:/ST/STM32CubeIDE_1.19.0/STM32CubeIDE/plugins/com.st.stm32cube.ide.mcu.externaltools.gnu-tools-for-stm32.14.3.rel1.win32_1.0.100.202602081740/tools/bin/../lib/gcc/arm-none-eabi/14.3.1/../../../../arm-none-eabi/lib/thumb/v7e-m+fp/hard/crt0.o
LOAD ./Core/Src/app/log.o
LOAD ./Core/Src/app/tasks.o
LOAD ./Core/Src/app_freertos.o
LOAD ./Core/Src/gpio.o
LOAD ./Core/Src/i2c.o
LOAD ./Core/Src/main.o
LOAD ./Core/Src/spi.o
LOAD ./Core/Src/stm32g4xx_hal_msp.o
LOAD ./Core/Src/stm32g4xx_hal_timebase_tim.o
LOAD ./Core/Src/stm32g4xx_it.o
LOAD ./Core/Src/syscalls.o
LOAD ./Core/Src/sysmem.o
LOAD ./Core/Src/system_stm32g4xx.o
LOAD ./Core/Src/usart.o
LOAD ./Core/Src/bsp/board.o
LOAD ./Core/Src/cards/control_frontend.o
LOAD ./Core/Src/cards/hv_card.o
LOAD ./Core/Src/cards/matrix_card.o
LOAD ./Core/Src/drivers/ad7476.o
LOAD ./Core/Src/drivers/ads1232.o
LOAD ./Core/Src/drivers/dac8775.o
LOAD ./Core/Src/drivers/dac8830.o
LOAD ./Core/Src/drivers/mcp23017.o
LOAD ./Core/Src/test/continuity.o
LOAD ./Core/Src/test/insulation.o
LOAD ./Core/Src/test/kelvin.o
LOAD ./Core/Startup/startup_stm32g474retx.o
LOAD ./Drivers/STM32G4xx_HAL_Driver/Src/stm32g4xx_hal.o
LOAD ./Drivers/STM32G4xx_HAL_Driver/Src/stm32g4xx_hal_cortex.o
LOAD ./Drivers/STM32G4xx_HAL_Driver/Src/stm32g4xx_hal_dma.o
LOAD ./Drivers/STM32G4xx_HAL_Driver/Src/stm32g4xx_hal_dma_ex.o
LOAD ./Drivers/STM32G4xx_HAL_Driver/Src/stm32g4xx_hal_exti.o
LOAD ./Drivers/STM32G4xx_HAL_Driver/Src/stm32g4xx_hal_flash.o
LOAD ./Drivers/STM32G4xx_HAL_Driver/Src/stm32g4xx_hal_flash_ex.o
LOAD ./Drivers/STM32G4xx_HAL_Driver/Src/stm32g4xx_hal_flash_ramfunc.o
LOAD ./Drivers/STM32G4xx_HAL_Driver/Src/stm32g4xx_hal_gpio.o
LOAD ./Drivers/STM32G4xx_HAL_Driver/Src/stm32g4xx_hal_i2c.o
LOAD ./Drivers/STM32G4xx_HAL_Driver/Src/stm32g4xx_hal_i2c_ex.o
LOAD ./Drivers/STM32G4xx_HAL_Driver/Src/stm32g4xx_hal_pwr.o
LOAD ./Drivers/STM32G4xx_HAL_Driver/Src/stm32g4xx_hal_pwr_ex.o
LOAD ./Drivers/STM32G4xx_HAL_Driver/Src/stm32g4xx_hal_rcc.o
LOAD ./Drivers/STM32G4xx_HAL_Driver/Src/stm32g4xx_hal_rcc_ex.o
LOAD ./Drivers/STM32G4xx_HAL_Driver/Src/stm32g4xx_hal_spi.o
LOAD ./Drivers/STM32G4xx_HAL_Driver/Src/stm32g4xx_hal_spi_ex.o
LOAD ./Drivers/STM32G4xx_HAL_Driver/Src/stm32g4xx_hal_tim.o
LOAD ./Drivers/STM32G4xx_HAL_Driver/Src/stm32g4xx_hal_tim_ex.o
LOAD ./Drivers/STM32G4xx_HAL_Driver/Src/stm32g4xx_hal_uart.o
LOAD ./Drivers/STM32G4xx_HAL_Driver/Src/stm32g4xx_hal_uart_ex.o
LOAD ./Middlewares/Third_Party/FreeRTOS/Source/CMSIS_RTOS_V2/cmsis_os2.o
LOAD ./Middlewares/Third_Party/FreeRTOS/Source/croutine.o
LOAD ./Middlewares/Third_Party/FreeRTOS/Source/event_groups.o
LOAD ./Middlewares/Third_Party/FreeRTOS/Source/list.o
LOAD ./Middlewares/Third_Party/FreeRTOS/Source/queue.o
LOAD ./Middlewares/Third_Party/FreeRTOS/Source/stream_buffer.o
LOAD ./Middlewares/Third_Party/FreeRTOS/Source/tasks.o
LOAD ./Middlewares/Third_Party/FreeRTOS/Source/timers.o
LOAD ./Middlewares/Third_Party/FreeRTOS/Source/portable/GCC/ARM_CM4F/port.o
LOAD ./Middlewares/Third_Party/FreeRTOS/Source/portable/MemMang/heap_4.o
START GROUP
LOAD C:/ST/STM32CubeIDE_1.19.0/STM32CubeIDE/plugins/com.st.stm32cube.ide.mcu.externaltools.gnu-tools-for-stm32.14.3.rel1.win32_1.0.100.202602081740/tools/bin/../lib/gcc/arm-none-eabi/14.3.1/../../../../arm-none-eabi/lib/thumb/v7e-m+fp/hard\libc_nano.a
LOAD C:/ST/STM32CubeIDE_1.19.0/STM32CubeIDE/plugins/com.st.stm32cube.ide.mcu.externaltools.gnu-tools-for-stm32.14.3.rel1.win32_1.0.100.202602081740/tools/bin/../lib/gcc/arm-none-eabi/14.3.1/../../../../arm-none-eabi/lib/thumb/v7e-m+fp/hard\libm.a
END GROUP
START GROUP
LOAD C:/ST/STM32CubeIDE_1.19.0/STM32CubeIDE/plugins/com.st.stm32cube.ide.mcu.externaltools.gnu-tools-for-stm32.14.3.rel1.win32_1.0.100.202602081740/tools/bin/../lib/gcc/arm-none-eabi/14.3.1/thumb/v7e-m+fp/hard\libgcc.a
LOAD C:/ST/STM32CubeIDE_1.19.0/STM32CubeIDE/plugins/com.st.stm32cube.ide.mcu.externaltools.gnu-tools-for-stm32.14.3.rel1.win32_1.0.100.202602081740/tools/bin/../lib/gcc/arm-none-eabi/14.3.1/../../../../arm-none-eabi/lib/thumb/v7e-m+fp/hard\libc_nano.a
END GROUP
START GROUP
LOAD C:/ST/STM32CubeIDE_1.19.0/STM32CubeIDE/plugins/com.st.stm32cube.ide.mcu.externaltools.gnu-tools-for-stm32.14.3.rel1.win32_1.0.100.202602081740/tools/bin/../lib/gcc/arm-none-eabi/14.3.1/thumb/v7e-m+fp/hard\libgcc.a
LOAD C:/ST/STM32CubeIDE_1.19.0/STM32CubeIDE/plugins/com.st.stm32cube.ide.mcu.externaltools.gnu-tools-for-stm32.14.3.rel1.win32_1.0.100.202602081740/tools/bin/../lib/gcc/arm-none-eabi/14.3.1/../../../../arm-none-eabi/lib/thumb/v7e-m+fp/hard\libc_nano.a
LOAD C:/ST/STM32CubeIDE_1.19.0/STM32CubeIDE/plugins/com.st.stm32cube.ide.mcu.externaltools.gnu-tools-for-stm32.14.3.rel1.win32_1.0.100.202602081740/tools/bin/../lib/gcc/arm-none-eabi/14.3.1/../../../../arm-none-eabi/lib/thumb/v7e-m+fp/hard\libnosys.a
END GROUP
START GROUP
LOAD C:/ST/STM32CubeIDE_1.19.0/STM32CubeIDE/plugins/com.st.stm32cube.ide.mcu.externaltools.gnu-tools-for-stm32.14.3.rel1.win32_1.0.100.202602081740/tools/bin/../lib/gcc/arm-none-eabi/14.3.1/thumb/v7e-m+fp/hard\libgcc.a
LOAD C:/ST/STM32CubeIDE_1.19.0/STM32CubeIDE/plugins/com.st.stm32cube.ide.mcu.externaltools.gnu-tools-for-stm32.14.3.rel1.win32_1.0.100.202602081740/tools/bin/../lib/gcc/arm-none-eabi/14.3.1/../../../../arm-none-eabi/lib/thumb/v7e-m+fp/hard\libc_nano.a
LOAD C:/ST/STM32CubeIDE_1.19.0/STM32CubeIDE/plugins/com.st.stm32cube.ide.mcu.externaltools.gnu-tools-for-stm32.14.3.rel1.win32_1.0.100.202602081740/tools/bin/../lib/gcc/arm-none-eabi/14.3.1/../../../../arm-none-eabi/lib/thumb/v7e-m+fp/hard\libnosys.a
END GROUP
LOAD C:/ST/STM32CubeIDE_1.19.0/STM32CubeIDE/plugins/com.st.stm32cube.ide.mcu.externaltools.gnu-tools-for-stm32.14.3.rel1.win32_1.0.100.202602081740/tools/bin/../lib/gcc/arm-none-eabi/14.3.1/thumb/v7e-m+fp/hard/crtend.o
LOAD C:/ST/STM32CubeIDE_1.19.0/STM32CubeIDE/plugins/com.st.stm32cube.ide.mcu.externaltools.gnu-tools-for-stm32.14.3.rel1.win32_1.0.100.202602081740/tools/bin/../lib/gcc/arm-none-eabi/14.3.1/thumb/v7e-m+fp/hard/crtn.o
                0x20020000                        _estack = (ORIGIN (RAM) + LENGTH (RAM))
                0x00000200                        _Min_Heap_Size = 0x200
                0x00000400                        _Min_Stack_Size = 0x400

.isr_vector     0x08000000      0x1d8
                0x08000000                        . = ALIGN (0x4)
 *(.isr_vector)
 .isr_vector    0x08000000      0x1d8 ./Core/Startup/startup_stm32g474retx.o
                0x08000000                g_pfnVectors
                0x080001d8                        . = ALIGN (0x4)

.text           0x080001e0     0xc36c
                0x080001e0                        . = ALIGN (0x4)
 *(.text)
 .text          0x080001e0       0x40 C:/ST/STM32CubeIDE_1.19.0/STM32CubeIDE/plugins/com.st.stm32cube.ide.mcu.externaltools.gnu-tools-for-stm32.14.3.rel1.win32_1.0.100.202602081740/tools/bin/../lib/gcc/arm-none-eabi/14.3.1/thumb/v7e-m+fp/hard/crtbegin.o
 .text          0x08000220       0x10 C:/ST/STM32CubeIDE_1.19.0/STM32CubeIDE/plugins/com.st.stm32cube.ide.mcu.externaltools.gnu-tools-for-stm32.14.3.rel1.win32_1.0.100.202602081740/tools/bin/../lib/gcc/arm-none-eabi/14.3.1/../../../../arm-none-eabi/lib/thumb/v7e-m+fp/hard\libc_nano.a(libc_a-strlen.o)
                0x08000220                strlen
 .text          0x08000230       0xa0 C:/ST/STM32CubeIDE_1.19.0/STM32CubeIDE/plugins/com.st.stm32cube.ide.mcu.externaltools.gnu-tools-for-stm32.14.3.rel1.win32_1.0.100.202602081740/tools/bin/../lib/gcc/arm-none-eabi/14.3.1/../../../../arm-none-eabi/lib/thumb/v7e-m+fp/hard\libc_nano.a(libc_a-memchr.o)
                0x08000230                memchr
 .text          0x080002d0       0xa0 C:/ST/STM32CubeIDE_1.19.0/STM32CubeIDE/plugins/com.st.stm32cube.ide.mcu.externaltools.gnu-tools-for-stm32.14.3.rel1.win32_1.0.100.202602081740/tools/bin/../lib/gcc/arm-none-eabi/14.3.1/thumb/v7e-m+fp/hard\libgcc.a(_aeabi_ldivmod.o)
                0x080002d0                __aeabi_ldivmod
 .text          0x08000370       0x30 C:/ST/STM32CubeIDE_1.19.0/STM32CubeIDE/plugins/com.st.stm32cube.ide.mcu.externaltools.gnu-tools-for-stm32.14.3.rel1.win32_1.0.100.202602081740/tools/bin/../lib/gcc/arm-none-eabi/14.3.1/thumb/v7e-m+fp/hard\libgcc.a(_aeabi_uldivmod.o)
                0x08000370                __aeabi_uldivmod
 .text          0x080003a0      0x2f8 C:/ST/STM32CubeIDE_1.19.0/STM32CubeIDE/plugins/com.st.stm32cube.ide.mcu.externaltools.gnu-tools-for-stm32.14.3.rel1.win32_1.0.100.202602081740/tools/bin/../lib/gcc/arm-none-eabi/14.3.1/thumb/v7e-m+fp/hard\libgcc.a(_udivmoddi4.o)
                0x080003a0                __udivmoddi4
 .text          0x08000698        0x4 C:/ST/STM32CubeIDE_1.19.0/STM32CubeIDE/plugins/com.st.stm32cube.ide.mcu.externaltools.gnu-tools-for-stm32.14.3.rel1.win32_1.0.100.202602081740/tools/bin/../lib/gcc/arm-none-eabi/14.3.1/thumb/v7e-m+fp/hard\libgcc.a(_dvmd_tls.o)
                0x08000698                __aeabi_idiv0
                0x08000698                __aeabi_ldiv0
 *(.text*)
 .text.log_level_char
                0x0800069c       0x48 ./Core/Src/app/log.o
 .text.Log_Init
                0x080006e4       0x48 ./Core/Src/app/log.o
                0x080006e4                Log_Init
 .text.Log_Write
                0x0800072c       0xec ./Core/Src/app/log.o
                0x0800072c                Log_Write
 .text.Log_Task
                0x08000818       0x48 ./Core/Src/app/log.o
                0x08000818                Log_Task
 .text.Log_HwInit_LPUART1
                0x08000860       0xfc ./Core/Src/app/log.o
                0x08000860                Log_HwInit_LPUART1
 .text.Ads1232BenchTask
                0x0800095c       0x9c ./Core/Src/app/tasks.o
 .text.Safety_SignalFault
                0x080009f8       0x3c ./Core/Src/app/tasks.o
                0x080009f8                Safety_SignalFault
 .text.Safety_ClearFault
                0x08000a34       0x18 ./Core/Src/app/tasks.o
                0x08000a34                Safety_ClearFault
 .text.force_safe_all
                0x08000a4c       0x58 ./Core/Src/app/tasks.o
 .text.SafetyTask
                0x08000aa4       0x90 ./Core/Src/app/tasks.o
 .text.run_command
                0x08000b34      0x218 ./Core/Src/app/tasks.o
 .text.SequencerTask
                0x08000d4c       0x44 ./Core/Src/app/tasks.o
 .text.post_simple
                0x08000d90       0x48 ./Core/Src/app/tasks.o
 .text.CommsTask
                0x08000dd8      0x108 ./Core/Src/app/tasks.o
 .text.Tasks_PostCommand
                0x08000ee0       0x44 ./Core/Src/app/tasks.o
                0x08000ee0                Tasks_PostCommand
 .text.console_puts
                0x08000f24       0x3c ./Core/Src/app/tasks.o
 .text.Tasks_Init
                0x08000f60      0x14c ./Core/Src/app/tasks.o
                0x08000f60                Tasks_Init
 .text.MX_FREERTOS_Init
                0x080010ac       0x28 ./Core/Src/app_freertos.o
                0x080010ac                MX_FREERTOS_Init
 .text.StartDefaultTask
                0x080010d4       0x10 ./Core/Src/app_freertos.o
                0x080010d4                StartDefaultTask
 .text.MX_GPIO_Init
                0x080010e4      0x15c ./Core/Src/gpio.o
                0x080010e4                MX_GPIO_Init
 .text.MX_I2C2_Init
                0x08001240       0x80 ./Core/Src/i2c.o
                0x08001240                MX_I2C2_Init
 .text.MX_I2C3_Init
                0x080012c0       0x80 ./Core/Src/i2c.o
                0x080012c0                MX_I2C3_Init
 .text.HAL_I2C_MspInit
                0x08001340      0x178 ./Core/Src/i2c.o
                0x08001340                HAL_I2C_MspInit
 .text.main     0x080014b8       0x44 ./Core/Src/main.o
                0x080014b8                main
 .text.SystemClock_Config
                0x080014fc       0x98 ./Core/Src/main.o
                0x080014fc                SystemClock_Config
 .text.HAL_TIM_PeriodElapsedCallback
                0x08001594       0x24 ./Core/Src/main.o
                0x08001594                HAL_TIM_PeriodElapsedCallback
 .text.Error_Handler
                0x080015b8        0xc ./Core/Src/main.o
                0x080015b8                Error_Handler
 .text.MX_SPI1_Init
                0x080015c4       0x7c ./Core/Src/spi.o
                0x080015c4                MX_SPI1_Init
 .text.MX_SPI2_Init
                0x08001640       0x7c ./Core/Src/spi.o
                0x08001640                MX_SPI2_Init
 .text.MX_SPI3_Init
                0x080016bc       0x7c ./Core/Src/spi.o
                0x080016bc                MX_SPI3_Init
 .text.HAL_SPI_MspInit
                0x08001738      0x14c ./Core/Src/spi.o
                0x08001738                HAL_SPI_MspInit
 .text.HAL_MspInit
                0x08001884       0x54 ./Core/Src/stm32g4xx_hal_msp.o
                0x08001884                HAL_MspInit
 .text.HAL_InitTick
                0x080018d8       0xd8 ./Core/Src/stm32g4xx_hal_timebase_tim.o
                0x080018d8                HAL_InitTick
 .text.NMI_Handler
                0x080019b0        0x8 ./Core/Src/stm32g4xx_it.o
                0x080019b0                NMI_Handler
 .text.HardFault_Handler
                0x080019b8        0x8 ./Core/Src/stm32g4xx_it.o
                0x080019b8                HardFault_Handler
 .text.MemManage_Handler
                0x080019c0        0x8 ./Core/Src/stm32g4xx_it.o
                0x080019c0                MemManage_Handler
 .text.BusFault_Handler
                0x080019c8        0x8 ./Core/Src/stm32g4xx_it.o
                0x080019c8                BusFault_Handler
 .text.UsageFault_Handler
                0x080019d0        0x8 ./Core/Src/stm32g4xx_it.o
                0x080019d0                UsageFault_Handler
 .text.DebugMon_Handler
                0x080019d8        0xe ./Core/Src/stm32g4xx_it.o
                0x080019d8                DebugMon_Handler
 *fill*         0x080019e6        0x2 
 .text.TIM1_UP_TIM16_IRQHandler
                0x080019e8       0x14 ./Core/Src/stm32g4xx_it.o
                0x080019e8                TIM1_UP_TIM16_IRQHandler
 .text._sbrk    0x080019fc       0x6c ./Core/Src/sysmem.o
                0x080019fc                _sbrk
 .text.SystemInit
                0x08001a68       0x24 ./Core/Src/system_stm32g4xx.o
                0x08001a68                SystemInit
 .text.MX_UART4_Init
                0x08001a8c       0x98 ./Core/Src/usart.o
                0x08001a8c                MX_UART4_Init
 .text.MX_USART2_UART_Init
                0x08001b24       0x98 ./Core/Src/usart.o
                0x08001b24                MX_USART2_UART_Init
 .text.MX_USART3_UART_Init
                0x08001bbc       0x98 ./Core/Src/usart.o
                0x08001bbc                MX_USART3_UART_Init
 .text.HAL_UART_MspInit
                0x08001c54      0x1c0 ./Core/Src/usart.o
                0x08001c54                HAL_UART_MspInit
 .text.board_init_matrix
                0x08001e14       0x4c ./Core/Src/bsp/board.o
 .text.board_init_frontend
                0x08001e60       0x58 ./Core/Src/bsp/board.o
 .text.board_init_hv
                0x08001eb8       0xb8 ./Core/Src/bsp/board.o
 .text.Board_Init
                0x08001f70       0x5c ./Core/Src/bsp/board.o
                0x08001f70                Board_Init
 .text.Frontend_Init
                0x08001fcc       0x88 ./Core/Src/cards/control_frontend.o
                0x08001fcc                Frontend_Init
 .text.Frontend_SetMode
                0x08002054       0x4e ./Core/Src/cards/control_frontend.o
                0x08002054                Frontend_SetMode
 .text.Frontend_SetCurrentCode
                0x080020a2       0x2c ./Core/Src/cards/control_frontend.o
                0x080020a2                Frontend_SetCurrentCode
 .text.Frontend_ReadRaw
                0x080020ce       0x2a ./Core/Src/cards/control_frontend.o
                0x080020ce                Frontend_ReadRaw
 .text.hv_map   0x080020f8       0x36 ./Core/Src/cards/hv_card.o
 .text.hv_side_open
                0x0800212e       0x42 ./Core/Src/cards/hv_card.o
 .text.hv_side_close_one
                0x08002170       0x64 ./Core/Src/cards/hv_card.o
 .text.HvCard_OpenAllRelays
                0x080021d4       0x3c ./Core/Src/cards/hv_card.o
                0x080021d4                HvCard_OpenAllRelays
 .text.HvCard_Init
                0x08002210      0x11a ./Core/Src/cards/hv_card.o
                0x08002210                HvCard_Init
 .text.HvCard_CloseInject
                0x0800232a       0x2c ./Core/Src/cards/hv_card.o
                0x0800232a                HvCard_CloseInject
 .text.HvCard_CloseReturn
                0x08002356       0x2e ./Core/Src/cards/hv_card.o
                0x08002356                HvCard_CloseReturn
 .text.HvCard_ConnectPair
                0x08002384       0x3c ./Core/Src/cards/hv_card.o
                0x08002384                HvCard_ConnectPair
 .text.HvCard_SetVoltageCode
                0x080023c0       0x2e ./Core/Src/cards/hv_card.o
                0x080023c0                HvCard_SetVoltageCode
 .text.HvCard_SetVoltageFraction
                0x080023ee       0x2e ./Core/Src/cards/hv_card.o
                0x080023ee                HvCard_SetVoltageFraction
 .text.HvCard_HvOff
                0x0800241c       0x28 ./Core/Src/cards/hv_card.o
                0x0800241c                HvCard_HvOff
 .text.HvCard_HvEnable
                0x08002444       0x30 ./Core/Src/cards/hv_card.o
                0x08002444                HvCard_HvEnable
 .text.HvCard_Discharge
                0x08002474       0x24 ./Core/Src/cards/hv_card.o
                0x08002474                HvCard_Discharge
 .text.HvCard_ReadLeakageRaw
                0x08002498       0x2a ./Core/Src/cards/hv_card.o
                0x08002498                HvCard_ReadLeakageRaw
 .text.matrix_map_pin
                0x080024c2       0x3a ./Core/Src/cards/matrix_card.o
 .text.matrix_force_dev
                0x080024fc       0x26 ./Core/Src/cards/matrix_card.o
 .text.matrix_sense_dev
                0x08002522       0x28 ./Core/Src/cards/matrix_card.o
 .text.matrix_drive_enables
                0x0800254a       0x62 ./Core/Src/cards/matrix_card.o
 .text.matrix_stage_channel
                0x080025ac       0x5e ./Core/Src/cards/matrix_card.o
 .text.matrix_flush_select
                0x0800260a       0x24 ./Core/Src/cards/matrix_card.o
 .text.MatrixCard_Init
                0x0800262e      0x10e ./Core/Src/cards/matrix_card.o
                0x0800262e                MatrixCard_Init
 .text.MatrixCard_BankOff
                0x0800273c       0x2e ./Core/Src/cards/matrix_card.o
                0x0800273c                MatrixCard_BankOff
 .text.MatrixCard_AllOff
                0x0800276a       0x3a ./Core/Src/cards/matrix_card.o
                0x0800276a                MatrixCard_AllOff
 .text.MatrixCard_ConnectPair
                0x080027a4       0xde ./Core/Src/cards/matrix_card.o
                0x080027a4                MatrixCard_ConnectPair
 .text.MatrixCard_InitAdc
                0x08002882       0x3c ./Core/Src/cards/matrix_card.o
                0x08002882                MatrixCard_InitAdc
 .text.MatrixCard_ReadRaw
                0x080028be       0x2a ./Core/Src/cards/matrix_card.o
                0x080028be                MatrixCard_ReadRaw
 .text.AD7476_Init
                0x080028e8       0x50 ./Core/Src/drivers/ad7476.o
                0x080028e8                AD7476_Init
 .text.AD7476_ReadRaw
                0x08002938       0x76 ./Core/Src/drivers/ad7476.o
                0x08002938                AD7476_ReadRaw
 *fill*         0x080029ae        0x2 
 .text.AD7476_CodeToVolts
                0x080029b0       0x40 ./Core/Src/drivers/ad7476.o
                0x080029b0                AD7476_CodeToVolts
 .text.ads1232_delay
                0x080029f0       0x24 ./Core/Src/drivers/ads1232.o
 .text.ads1232_write_opt
                0x08002a14       0x36 ./Core/Src/drivers/ads1232.o
 .text.ads1232_apply_cfg
                0x08002a4a       0x70 ./Core/Src/drivers/ads1232.o
 .text.ads1232_clock_bit
                0x08002aba       0x5c ./Core/Src/drivers/ads1232.o
 *fill*         0x08002b16        0x2 
 .text.ads1232_read_retry
                0x08002b18       0x5c ./Core/Src/drivers/ads1232.o
 .text.ads1232_sort
                0x08002b74       0x88 ./Core/Src/drivers/ads1232.o
 .text.ADS1232_Init
                0x08002bfc       0x82 ./Core/Src/drivers/ads1232.o
                0x08002bfc                ADS1232_Init
 .text.ADS1232_WaitReady
                0x08002c7e       0x50 ./Core/Src/drivers/ads1232.o
                0x08002c7e                ADS1232_WaitReady
 .text.ADS1232_ReadRaw
                0x08002cce       0xa8 ./Core/Src/drivers/ads1232.o
                0x08002cce                ADS1232_ReadRaw
 .text.ADS1232_GainValue
                0x08002d76       0x38 ./Core/Src/drivers/ads1232.o
                0x08002d76                ADS1232_GainValue
 *fill*         0x08002dae        0x2 
 .text.ADS1232_HwInit_Nucleo
                0x08002db0      0x108 ./Core/Src/drivers/ads1232.o
                0x08002db0                ADS1232_HwInit_Nucleo
 .text.ADS1232_BenchSelfCheck
                0x08002eb8       0xd4 ./Core/Src/drivers/ads1232.o
                0x08002eb8                ADS1232_BenchSelfCheck
 .text.ADS1232_BenchOnce
                0x08002f8c      0x32c ./Core/Src/drivers/ads1232.o
                0x08002f8c                ADS1232_BenchOnce
 .text.ADS1232_BenchLinkTest
                0x080032b8       0x7c ./Core/Src/drivers/ads1232.o
                0x080032b8                ADS1232_BenchLinkTest
 .text.ADS1232_BenchPinTest
                0x08003334      0x110 ./Core/Src/drivers/ads1232.o
                0x08003334                ADS1232_BenchPinTest
 .text.ADS1232_BenchDiag
                0x08003444      0x134 ./Core/Src/drivers/ads1232.o
                0x08003444                ADS1232_BenchDiag
 .text.DAC8775_WriteReg
                0x08003578       0x7a ./Core/Src/drivers/dac8775.o
                0x08003578                DAC8775_WriteReg
 .text.DAC8775_Init
                0x080035f2       0x50 ./Core/Src/drivers/dac8775.o
                0x080035f2                DAC8775_Init
 .text.DAC8775_SelectChannel
                0x08003642       0x24 ./Core/Src/drivers/dac8775.o
                0x08003642                DAC8775_SelectChannel
 .text.DAC8775_SetCode
                0x08003666       0x3e ./Core/Src/drivers/dac8775.o
                0x08003666                DAC8775_SetCode
 .text.DAC8830_WriteCode
                0x080036a4       0x60 ./Core/Src/drivers/dac8830.o
                0x080036a4                DAC8830_WriteCode
 .text.DAC8830_Init
                0x08003704       0x58 ./Core/Src/drivers/dac8830.o
                0x08003704                DAC8830_Init
 .text.DAC8830_WriteFraction
                0x0800375c       0x80 ./Core/Src/drivers/dac8830.o
                0x0800375c                DAC8830_WriteFraction
 .text.MCP23017_WriteReg
                0x080037dc       0x4e ./Core/Src/drivers/mcp23017.o
                0x080037dc                MCP23017_WriteReg
 .text.MCP23017_WriteReg16
                0x0800382a       0x60 ./Core/Src/drivers/mcp23017.o
                0x0800382a                MCP23017_WriteReg16
 .text.MCP23017_Init
                0x0800388a       0x8e ./Core/Src/drivers/mcp23017.o
                0x0800388a                MCP23017_Init
 .text.MCP23017_SetDirection
                0x08003918       0x22 ./Core/Src/drivers/mcp23017.o
                0x08003918                MCP23017_SetDirection
 .text.MCP23017_WritePins
                0x0800393a       0x32 ./Core/Src/drivers/mcp23017.o
                0x0800393a                MCP23017_WritePins
 .text.Continuity_TestPair
                0x0800396c      0x108 ./Core/Src/test/continuity.o
                0x0800396c                Continuity_TestPair
 .text.insulation_safe
                0x08003a74       0x3c ./Core/Src/test/insulation.o
 .text.Insulation_TestPair
                0x08003ab0      0x19c ./Core/Src/test/insulation.o
                0x08003ab0                Insulation_TestPair
 .text.Kelvin_MeasurePair
                0x08003c4c      0x120 ./Core/Src/test/kelvin.o
                0x08003c4c                Kelvin_MeasurePair
 .text.Reset_Handler
                0x08003d6c       0x50 ./Core/Startup/startup_stm32g474retx.o
                0x08003d6c                Reset_Handler
 .text.Default_Handler
                0x08003dbc        0x2 ./Core/Startup/startup_stm32g474retx.o
                0x08003dbc                RTC_Alarm_IRQHandler
                0x08003dbc                EXTI2_IRQHandler
                0x08003dbc                TIM8_TRG_COM_IRQHandler
                0x08003dbc                TIM8_CC_IRQHandler
                0x08003dbc                HRTIM1_Master_IRQHandler
                0x08003dbc                SPI4_IRQHandler
                0x08003dbc                FDCAN3_IT0_IRQHandler
                0x08003dbc                TIM1_CC_IRQHandler
                0x08003dbc                HRTIM1_FLT_IRQHandler
                0x08003dbc                HRTIM1_TIMF_IRQHandler
                0x08003dbc                USB_HP_IRQHandler
                0x08003dbc                CORDIC_IRQHandler
                0x08003dbc                HRTIM1_TIMD_IRQHandler
                0x08003dbc                DMA2_Channel8_IRQHandler
                0x08003dbc                EXTI3_IRQHandler
                0x08003dbc                I2C3_ER_IRQHandler
                0x08003dbc                EXTI0_IRQHandler
                0x08003dbc                I2C2_EV_IRQHandler
                0x08003dbc                FPU_IRQHandler
                0x08003dbc                FDCAN1_IT1_IRQHandler
                0x08003dbc                ADC1_2_IRQHandler
                0x08003dbc                HRTIM1_TIME_IRQHandler
                0x08003dbc                SPI1_IRQHandler
                0x08003dbc                TIM6_DAC_IRQHandler
                0x08003dbc                HRTIM1_TIMC_IRQHandler
                0x08003dbc                TIM8_UP_IRQHandler
                0x08003dbc                DMA2_Channel2_IRQHandler
                0x08003dbc                DMA1_Channel4_IRQHandler
                0x08003dbc                TIM20_TRG_COM_IRQHandler
                0x08003dbc                USART3_IRQHandler
                0x08003dbc                DMA1_Channel7_IRQHandler
                0x08003dbc                UART5_IRQHandler
                0x08003dbc                ADC3_IRQHandler
                0x08003dbc                TIM4_IRQHandler
                0x08003dbc                DMA2_Channel1_IRQHandler
                0x08003dbc                QUADSPI_IRQHandler
                0x08003dbc                I2C1_EV_IRQHandler
                0x08003dbc                DMA1_Channel6_IRQHandler
                0x08003dbc                UART4_IRQHandler
                0x08003dbc                DMA2_Channel4_IRQHandler
                0x08003dbc                TIM3_IRQHandler
                0x08003dbc                RCC_IRQHandler
                0x08003dbc                TIM20_UP_IRQHandler
                0x08003dbc                DMA1_Channel1_IRQHandler
                0x08003dbc                Default_Handler
                0x08003dbc                DMA2_Channel7_IRQHandler
                0x08003dbc                RTC_TAMP_LSECSS_IRQHandler
                0x08003dbc                FMAC_IRQHandler
                0x08003dbc                EXTI15_10_IRQHandler
                0x08003dbc                DMA1_Channel8_IRQHandler
                0x08003dbc                HRTIM1_TIMA_IRQHandler
                0x08003dbc                TIM7_DAC_IRQHandler
                0x08003dbc                FDCAN3_IT1_IRQHandler
                0x08003dbc                TIM5_IRQHandler
                0x08003dbc                UCPD1_IRQHandler
                0x08003dbc                I2C3_EV_IRQHandler
                0x08003dbc                EXTI9_5_IRQHandler
                0x08003dbc                RTC_WKUP_IRQHandler
                0x08003dbc                PVD_PVM_IRQHandler
                0x08003dbc                SPI2_IRQHandler
                0x08003dbc                ADC5_IRQHandler
                0x08003dbc                DMA2_Channel5_IRQHandler
                0x08003dbc                CRS_IRQHandler
                0x08003dbc                DMA1_Channel5_IRQHandler
                0x08003dbc                USB_LP_IRQHandler
                0x08003dbc                EXTI4_IRQHandler
                0x08003dbc                RNG_IRQHandler
                0x08003dbc                HRTIM1_TIMB_IRQHandler
                0x08003dbc                TIM1_TRG_COM_TIM17_IRQHandler
                0x08003dbc                FDCAN2_IT1_IRQHandler
                0x08003dbc                DMA1_Channel3_IRQHandler
                0x08003dbc                ADC4_IRQHandler
                0x08003dbc                WWDG_IRQHandler
                0x08003dbc                I2C4_EV_IRQHandler
                0x08003dbc                FDCAN2_IT0_IRQHandler
                0x08003dbc                LPUART1_IRQHandler
                0x08003dbc                DMA2_Channel6_IRQHandler
                0x08003dbc                FDCAN1_IT0_IRQHandler
                0x08003dbc                TIM2_IRQHandler
                0x08003dbc                COMP7_IRQHandler
                0x08003dbc                COMP1_2_3_IRQHandler
                0x08003dbc                EXTI1_IRQHandler
                0x08003dbc                USART2_IRQHandler
                0x08003dbc                COMP4_5_6_IRQHandler
                0x08003dbc                TIM20_BRK_IRQHandler
                0x08003dbc                I2C2_ER_IRQHandler
                0x08003dbc                DMA1_Channel2_IRQHandler
                0x08003dbc                TIM8_BRK_IRQHandler
                0x08003dbc                FLASH_IRQHandler
                0x08003dbc                TIM20_CC_IRQHandler
                0x08003dbc                USART1_IRQHandler
                0x08003dbc                SPI3_IRQHandler
                0x08003dbc                I2C1_ER_IRQHandler
                0x08003dbc                FMC_IRQHandler
                0x08003dbc                LPTIM1_IRQHandler
                0x08003dbc                DMAMUX_OVR_IRQHandler
                0x08003dbc                I2C4_ER_IRQHandler
                0x08003dbc                USBWakeUp_IRQHandler
                0x08003dbc                SAI1_IRQHandler
                0x08003dbc                DMA2_Channel3_IRQHandler
                0x08003dbc                TIM1_BRK_TIM15_IRQHandler
 .text.HAL_Init
                0x08003dbe       0x30 ./Drivers/STM32G4xx_HAL_Driver/Src/stm32g4xx_hal.o
                0x08003dbe                HAL_Init
 *fill*         0x08003dee        0x2 
 .text.HAL_IncTick
                0x08003df0       0x24 ./Drivers/STM32G4xx_HAL_Driver/Src/stm32g4xx_hal.o
                0x08003df0                HAL_IncTick
 .text.HAL_GetTick
                0x08003e14       0x18 ./Drivers/STM32G4xx_HAL_Driver/Src/stm32g4xx_hal.o
                0x08003e14                HAL_GetTick
 .text.HAL_Delay
                0x08003e2c       0x44 ./Drivers/STM32G4xx_HAL_Driver/Src/stm32g4xx_hal.o
                0x08003e2c                HAL_Delay
 .text.__NVIC_SetPriorityGrouping
                0x08003e70       0x48 ./Drivers/STM32G4xx_HAL_Driver/Src/stm32g4xx_hal_cortex.o
 .text.__NVIC_GetPriorityGrouping
                0x08003eb8       0x1c ./Drivers/STM32G4xx_HAL_Driver/Src/stm32g4xx_hal_cortex.o
 .text.__NVIC_EnableIRQ
                0x08003ed4       0x3c ./Drivers/STM32G4xx_HAL_Driver/Src/stm32g4xx_hal_cortex.o
 .text.__NVIC_SetPriority
                0x08003f10       0x54 ./Drivers/STM32G4xx_HAL_Driver/Src/stm32g4xx_hal_cortex.o
 .text.NVIC_EncodePriority
                0x08003f64       0x66 ./Drivers/STM32G4xx_HAL_Driver/Src/stm32g4xx_hal_cortex.o
 .text.HAL_NVIC_SetPriorityGrouping
                0x08003fca       0x16 ./Drivers/STM32G4xx_HAL_Driver/Src/stm32g4xx_hal_cortex.o
                0x08003fca                HAL_NVIC_SetPriorityGrouping
 .text.HAL_NVIC_SetPriority
                0x08003fe0       0x34 ./Drivers/STM32G4xx_HAL_Driver/Src/stm32g4xx_hal_cortex.o
                0x08003fe0                HAL_NVIC_SetPriority
 .text.HAL_NVIC_EnableIRQ
                0x08004014       0x1c ./Drivers/STM32G4xx_HAL_Driver/Src/stm32g4xx_hal_cortex.o
                0x08004014                HAL_NVIC_EnableIRQ
 .text.HAL_GPIO_Init
                0x08004030      0x318 ./Drivers/STM32G4xx_HAL_Driver/Src/stm32g4xx_hal_gpio.o
                0x08004030                HAL_GPIO_Init
 .text.HAL_GPIO_ReadPin
                0x08004348       0x30 ./Drivers/STM32G4xx_HAL_Driver/Src/stm32g4xx_hal_gpio.o
                0x08004348                HAL_GPIO_ReadPin
 .text.HAL_GPIO_WritePin
                0x08004378       0x30 ./Drivers/STM32G4xx_HAL_Driver/Src/stm32g4xx_hal_gpio.o
                0x08004378                HAL_GPIO_WritePin
 .text.HAL_I2C_Init
                0x080043a8      0x136 ./Drivers/STM32G4xx_HAL_Driver/Src/stm32g4xx_hal_i2c.o
                0x080043a8                HAL_I2C_Init
 *fill*         0x080044de        0x2 
 .text.HAL_I2C_Mem_Write
                0x080044e0      0x228 ./Drivers/STM32G4xx_HAL_Driver/Src/stm32g4xx_hal_i2c.o
                0x080044e0                HAL_I2C_Mem_Write
 .text.I2C_RequestMemoryWrite
                0x08004708       0xa8 ./Drivers/STM32G4xx_HAL_Driver/Src/stm32g4xx_hal_i2c.o
 .text.I2C_Flush_TXDR
                0x080047b0       0x48 ./Drivers/STM32G4xx_HAL_Driver/Src/stm32g4xx_hal_i2c.o
 .text.I2C_WaitOnFlagUntilTimeout
                0x080047f8       0xb2 ./Drivers/STM32G4xx_HAL_Driver/Src/stm32g4xx_hal_i2c.o
 .text.I2C_WaitOnTXISFlagUntilTimeout
                0x080048aa       0x8e ./Drivers/STM32G4xx_HAL_Driver/Src/stm32g4xx_hal_i2c.o
 .text.I2C_WaitOnSTOPFlagUntilTimeout
                0x08004938       0x86 ./Drivers/STM32G4xx_HAL_Driver/Src/stm32g4xx_hal_i2c.o
 *fill*         0x080049be        0x2 
 .text.I2C_IsErrorOccurred
                0x080049c0      0x1c0 ./Drivers/STM32G4xx_HAL_Driver/Src/stm32g4xx_hal_i2c.o
 .text.I2C_TransferConfig
                0x08004b80       0x64 ./Drivers/STM32G4xx_HAL_Driver/Src/stm32g4xx_hal_i2c.o
 .text.HAL_I2CEx_ConfigAnalogFilter
                0x08004be4       0x96 ./Drivers/STM32G4xx_HAL_Driver/Src/stm32g4xx_hal_i2c_ex.o
                0x08004be4                HAL_I2CEx_ConfigAnalogFilter
 .text.HAL_I2CEx_ConfigDigitalFilter
                0x08004c7a       0x98 ./Drivers/STM32G4xx_HAL_Driver/Src/stm32g4xx_hal_i2c_ex.o
                0x08004c7a                HAL_I2CEx_ConfigDigitalFilter
 *fill*         0x08004d12        0x2 
 .text.HAL_PWREx_ControlVoltageScaling
                0x08004d14      0x148 ./Drivers/STM32G4xx_HAL_Driver/Src/stm32g4xx_hal_pwr_ex.o
                0x08004d14                HAL_PWREx_ControlVoltageScaling
 .text.HAL_PWREx_DisableUCPDDeadBattery
                0x08004e5c       0x20 ./Drivers/STM32G4xx_HAL_Driver/Src/stm32g4xx_hal_pwr_ex.o
                0x08004e5c                HAL_PWREx_DisableUCPDDeadBattery
 .text.HAL_RCC_OscConfig
                0x08004e7c      0x624 ./Drivers/STM32G4xx_HAL_Driver/Src/stm32g4xx_hal_rcc.o
                0x08004e7c                HAL_RCC_OscConfig
 .text.HAL_RCC_ClockConfig
                0x080054a0      0x278 ./Drivers/STM32G4xx_HAL_Driver/Src/stm32g4xx_hal_rcc.o
                0x080054a0                HAL_RCC_ClockConfig
 .text.HAL_RCC_GetSysClockFreq
                0x08005718       0xc0 ./Drivers/STM32G4xx_HAL_Driver/Src/stm32g4xx_hal_rcc.o
                0x08005718                HAL_RCC_GetSysClockFreq
 .text.HAL_RCC_GetHCLKFreq
                0x080057d8       0x18 ./Drivers/STM32G4xx_HAL_Driver/Src/stm32g4xx_hal_rcc.o
                0x080057d8                HAL_RCC_GetHCLKFreq
 .text.HAL_RCC_GetPCLK1Freq
                0x080057f0       0x2c ./Drivers/STM32G4xx_HAL_Driver/Src/stm32g4xx_hal_rcc.o
                0x080057f0                HAL_RCC_GetPCLK1Freq
 .text.HAL_RCC_GetPCLK2Freq
                0x0800581c       0x2c ./Drivers/STM32G4xx_HAL_Driver/Src/stm32g4xx_hal_rcc.o
                0x0800581c                HAL_RCC_GetPCLK2Freq
 .text.HAL_RCC_GetClockConfig
                0x08005848       0x64 ./Drivers/STM32G4xx_HAL_Driver/Src/stm32g4xx_hal_rcc.o
                0x08005848                HAL_RCC_GetClockConfig
 .text.RCC_GetSysClockFreqFromPLLSource
                0x080058ac       0x88 ./Drivers/STM32G4xx_HAL_Driver/Src/stm32g4xx_hal_rcc.o
 .text.HAL_RCCEx_PeriphCLKConfig
                0x08005934      0x49c ./Drivers/STM32G4xx_HAL_Driver/Src/stm32g4xx_hal_rcc_ex.o
                0x08005934                HAL_RCCEx_PeriphCLKConfig
 .text.HAL_SPI_Init
                0x08005dd0      0x156 ./Drivers/STM32G4xx_HAL_Driver/Src/stm32g4xx_hal_spi.o
                0x08005dd0                HAL_SPI_Init
 .text.HAL_SPI_Transmit
                0x08005f26      0x2ec ./Drivers/STM32G4xx_HAL_Driver/Src/stm32g4xx_hal_spi.o
                0x08005f26                HAL_SPI_Transmit
 .text.HAL_SPI_Receive
                0x08006212      0x270 ./Drivers/STM32G4xx_HAL_Driver/Src/stm32g4xx_hal_spi.o
                0x08006212                HAL_SPI_Receive
 .text.HAL_SPI_TransmitReceive
                0x08006482      0x43e ./Drivers/STM32G4xx_HAL_Driver/Src/stm32g4xx_hal_spi.o
                0x08006482                HAL_SPI_TransmitReceive
 .text.SPI_WaitFlagStateUntilTimeout
                0x080068c0      0x110 ./Drivers/STM32G4xx_HAL_Driver/Src/stm32g4xx_hal_spi.o
 .text.SPI_WaitFifoStateUntilTimeout
                0x080069d0      0x12c ./Drivers/STM32G4xx_HAL_Driver/Src/stm32g4xx_hal_spi.o
 .text.SPI_EndRxTransaction
                0x08006afc       0xb0 ./Drivers/STM32G4xx_HAL_Driver/Src/stm32g4xx_hal_spi.o
 .text.SPI_EndRxTxTransaction
                0x08006bac       0x8c ./Drivers/STM32G4xx_HAL_Driver/Src/stm32g4xx_hal_spi.o
 .text.HAL_TIM_Base_Init
                0x08006c38       0xae ./Drivers/STM32G4xx_HAL_Driver/Src/stm32g4xx_hal_tim.o
                0x08006c38                HAL_TIM_Base_Init
 .text.HAL_TIM_Base_MspInit
                0x08006ce6       0x14 ./Drivers/STM32G4xx_HAL_Driver/Src/stm32g4xx_hal_tim.o
                0x08006ce6                HAL_TIM_Base_MspInit
 *fill*         0x08006cfa        0x2 
 .text.HAL_TIM_Base_Start_IT
                0x08006cfc       0xf0 ./Drivers/STM32G4xx_HAL_Driver/Src/stm32g4xx_hal_tim.o
                0x08006cfc                HAL_TIM_Base_Start_IT
 .text.HAL_TIM_IRQHandler
                0x08006dec      0x29e ./Drivers/STM32G4xx_HAL_Driver/Src/stm32g4xx_hal_tim.o
                0x08006dec                HAL_TIM_IRQHandler
 .text.HAL_TIM_OC_DelayElapsedCallback
                0x0800708a       0x14 ./Drivers/STM32G4xx_HAL_Driver/Src/stm32g4xx_hal_tim.o
                0x0800708a                HAL_TIM_OC_DelayElapsedCallback
 .text.HAL_TIM_IC_CaptureCallback
                0x0800709e       0x14 ./Drivers/STM32G4xx_HAL_Driver/Src/stm32g4xx_hal_tim.o
                0x0800709e                HAL_TIM_IC_CaptureCallback
 .text.HAL_TIM_PWM_PulseFinishedCallback
                0x080070b2       0x14 ./Drivers/STM32G4xx_HAL_Driver/Src/stm32g4xx_hal_tim.o
                0x080070b2                HAL_TIM_PWM_PulseFinishedCallback
 .text.HAL_TIM_TriggerCallback
                0x080070c6       0x14 ./Drivers/STM32G4xx_HAL_Driver/Src/stm32g4xx_hal_tim.o
                0x080070c6                HAL_TIM_TriggerCallback
 *fill*         0x080070da        0x2 
 .text.TIM_Base_SetConfig
                0x080070dc      0x15c ./Drivers/STM32G4xx_HAL_Driver/Src/stm32g4xx_hal_tim.o
                0x080070dc                TIM_Base_SetConfig
 .text.HAL_TIMEx_CommutCallback
                0x08007238       0x14 ./Drivers/STM32G4xx_HAL_Driver/Src/stm32g4xx_hal_tim_ex.o
                0x08007238                HAL_TIMEx_CommutCallback
 .text.HAL_TIMEx_BreakCallback
                0x0800724c       0x14 ./Drivers/STM32G4xx_HAL_Driver/Src/stm32g4xx_hal_tim_ex.o
                0x0800724c                HAL_TIMEx_BreakCallback
 .text.HAL_TIMEx_Break2Callback
                0x08007260       0x14 ./Drivers/STM32G4xx_HAL_Driver/Src/stm32g4xx_hal_tim_ex.o
                0x08007260                HAL_TIMEx_Break2Callback
 .text.HAL_TIMEx_EncoderIndexCallback
                0x08007274       0x14 ./Drivers/STM32G4xx_HAL_Driver/Src/stm32g4xx_hal_tim_ex.o
                0x08007274                HAL_TIMEx_EncoderIndexCallback
 .text.HAL_TIMEx_DirectionChangeCallback
                0x08007288       0x14 ./Drivers/STM32G4xx_HAL_Driver/Src/stm32g4xx_hal_tim_ex.o
                0x08007288                HAL_TIMEx_DirectionChangeCallback
 .text.HAL_TIMEx_IndexErrorCallback
                0x0800729c       0x14 ./Drivers/STM32G4xx_HAL_Driver/Src/stm32g4xx_hal_tim_ex.o
                0x0800729c                HAL_TIMEx_IndexErrorCallback
 .text.HAL_TIMEx_TransitionErrorCallback
                0x080072b0       0x14 ./Drivers/STM32G4xx_HAL_Driver/Src/stm32g4xx_hal_tim_ex.o
                0x080072b0                HAL_TIMEx_TransitionErrorCallback
 .text.HAL_UART_Init
                0x080072c4       0xa0 ./Drivers/STM32G4xx_HAL_Driver/Src/stm32g4xx_hal_uart.o
                0x080072c4                HAL_UART_Init
 .text.HAL_UART_Transmit
                0x08007364      0x132 ./Drivers/STM32G4xx_HAL_Driver/Src/stm32g4xx_hal_uart.o
                0x08007364                HAL_UART_Transmit
 .text.HAL_UART_Receive
                0x08007496      0x1a0 ./Drivers/STM32G4xx_HAL_Driver/Src/stm32g4xx_hal_uart.o
                0x08007496                HAL_UART_Receive
 *fill*         0x08007636        0x2 
 .text.UART_SetConfig
                0x08007638      0x5f8 ./Drivers/STM32G4xx_HAL_Driver/Src/stm32g4xx_hal_uart.o
                0x08007638                UART_SetConfig
 .text.UART_AdvFeatureConfig
                0x08007c30      0x144 ./Drivers/STM32G4xx_HAL_Driver/Src/stm32g4xx_hal_uart.o
                0x08007c30                UART_AdvFeatureConfig
 .text.UART_CheckIdleState
                0x08007d74      0x154 ./Drivers/STM32G4xx_HAL_Driver/Src/stm32g4xx_hal_uart.o
                0x08007d74                UART_CheckIdleState
 .text.UART_WaitOnFlagUntilTimeout
                0x08007ec8       0xda ./Drivers/STM32G4xx_HAL_Driver/Src/stm32g4xx_hal_uart.o
                0x08007ec8                UART_WaitOnFlagUntilTimeout
 .text.UART_EndRxTransfer
                0x08007fa2       0xcc ./Drivers/STM32G4xx_HAL_Driver/Src/stm32g4xx_hal_uart.o
 .text.HAL_UARTEx_DisableFifoMode
                0x0800806e       0x72 ./Drivers/STM32G4xx_HAL_Driver/Src/stm32g4xx_hal_uart_ex.o
                0x0800806e                HAL_UARTEx_DisableFifoMode
 .text.HAL_UARTEx_SetTxFifoThreshold
                0x080080e0       0x7c ./Drivers/STM32G4xx_HAL_Driver/Src/stm32g4xx_hal_uart_ex.o
                0x080080e0                HAL_UARTEx_SetTxFifoThreshold
 .text.HAL_UARTEx_SetRxFifoThreshold
                0x0800815c       0x7c ./Drivers/STM32G4xx_HAL_Driver/Src/stm32g4xx_hal_uart_ex.o
                0x0800815c                HAL_UARTEx_SetRxFifoThreshold
 .text.UARTEx_SetNbDataToProcess
                0x080081d8       0x9c ./Drivers/STM32G4xx_HAL_Driver/Src/stm32g4xx_hal_uart_ex.o
 .text.__NVIC_SetPriority
                0x08008274       0x54 ./Middlewares/Third_Party/FreeRTOS/Source/CMSIS_RTOS_V2/cmsis_os2.o
 .text.SysTick_Handler
                0x080082c8       0x20 ./Middlewares/Third_Party/FreeRTOS/Source/CMSIS_RTOS_V2/cmsis_os2.o
                0x080082c8                SysTick_Handler
 .text.SVC_Setup
                0x080082e8       0x12 ./Middlewares/Third_Party/FreeRTOS/Source/CMSIS_RTOS_V2/cmsis_os2.o
 *fill*         0x080082fa        0x2 
 .text.osKernelInitialize
                0x080082fc       0x48 ./Middlewares/Third_Party/FreeRTOS/Source/CMSIS_RTOS_V2/cmsis_os2.o
                0x080082fc                osKernelInitialize
 .text.osKernelStart
                0x08008344       0x4c ./Middlewares/Third_Party/FreeRTOS/Source/CMSIS_RTOS_V2/cmsis_os2.o
                0x08008344                osKernelStart
 .text.osKernelGetTickCount
                0x08008390       0x2a ./Middlewares/Third_Party/FreeRTOS/Source/CMSIS_RTOS_V2/cmsis_os2.o
                0x08008390                osKernelGetTickCount
 .text.osThreadNew
                0x080083ba      0x124 ./Middlewares/Third_Party/FreeRTOS/Source/CMSIS_RTOS_V2/cmsis_os2.o
                0x080083ba                osThreadNew
 .text.osDelay  0x080084de       0x36 ./Middlewares/Third_Party/FreeRTOS/Source/CMSIS_RTOS_V2/cmsis_os2.o
                0x080084de                osDelay
 .text.osMutexNew
                0x08008514      0x10c ./Middlewares/Third_Party/FreeRTOS/Source/CMSIS_RTOS_V2/cmsis_os2.o
                0x08008514                osMutexNew
 .text.osMutexAcquire
                0x08008620       0x96 ./Middlewares/Third_Party/FreeRTOS/Source/CMSIS_RTOS_V2/cmsis_os2.o
                0x08008620                osMutexAcquire
 .text.osMutexRelease
                0x080086b6       0x7a ./Middlewares/Third_Party/FreeRTOS/Source/CMSIS_RTOS_V2/cmsis_os2.o
                0x080086b6                osMutexRelease
 .text.osMessageQueueNew
                0x08008730       0xe6 ./Middlewares/Third_Party/FreeRTOS/Source/CMSIS_RTOS_V2/cmsis_os2.o
                0x08008730                osMessageQueueNew
 *fill*         0x08008816        0x2 
 .text.osMessageQueuePut
                0x08008818       0xc0 ./Middlewares/Third_Party/FreeRTOS/Source/CMSIS_RTOS_V2/cmsis_os2.o
                0x08008818                osMessageQueuePut
 .text.osMessageQueueGet
                0x080088d8       0xbc ./Middlewares/Third_Party/FreeRTOS/Source/CMSIS_RTOS_V2/cmsis_os2.o
                0x080088d8                osMessageQueueGet
 .text.vApplicationGetIdleTaskMemory
                0x08008994       0x34 ./Middlewares/Third_Party/FreeRTOS/Source/CMSIS_RTOS_V2/cmsis_os2.o
                0x08008994                vApplicationGetIdleTaskMemory
 .text.vApplicationGetTimerTaskMemory
                0x080089c8       0x34 ./Middlewares/Third_Party/FreeRTOS/Source/CMSIS_RTOS_V2/cmsis_os2.o
                0x080089c8                vApplicationGetTimerTaskMemory
 .text.vListInitialise
                0x080089fc       0x40 ./Middlewares/Third_Party/FreeRTOS/Source/list.o
                0x080089fc                vListInitialise
 .text.vListInitialiseItem
                0x08008a3c       0x1a ./Middlewares/Third_Party/FreeRTOS/Source/list.o
                0x08008a3c                vListInitialiseItem
 .text.vListInsertEnd
                0x08008a56       0x48 ./Middlewares/Third_Party/FreeRTOS/Source/list.o
                0x08008a56                vListInsertEnd
 .text.vListInsert
                0x08008a9e       0x72 ./Middlewares/Third_Party/FreeRTOS/Source/list.o
                0x08008a9e                vListInsert
 .text.uxListRemove
                0x08008b10       0x54 ./Middlewares/Third_Party/FreeRTOS/Source/list.o
                0x08008b10                uxListRemove
 .text.xQueueGenericReset
                0x08008b64       0xd4 ./Middlewares/Third_Party/FreeRTOS/Source/queue.o
                0x08008b64                xQueueGenericReset
 .text.xQueueGenericCreateStatic
                0x08008c38       0xfa ./Middlewares/Third_Party/FreeRTOS/Source/queue.o
                0x08008c38                xQueueGenericCreateStatic
 .text.xQueueGenericCreate
                0x08008d32       0x76 ./Middlewares/Third_Party/FreeRTOS/Source/queue.o
                0x08008d32                xQueueGenericCreate
 .text.prvInitialiseNewQueue
                0x08008da8       0x46 ./Middlewares/Third_Party/FreeRTOS/Source/queue.o
 .text.prvInitialiseMutex
                0x08008dee       0x34 ./Middlewares/Third_Party/FreeRTOS/Source/queue.o
 .text.xQueueCreateMutex
                0x08008e22       0x30 ./Middlewares/Third_Party/FreeRTOS/Source/queue.o
                0x08008e22                xQueueCreateMutex
 .text.xQueueCreateMutexStatic
                0x08008e52       0x36 ./Middlewares/Third_Party/FreeRTOS/Source/queue.o
                0x08008e52                xQueueCreateMutexStatic
 .text.xQueueGiveMutexRecursive
                0x08008e88       0x6a ./Middlewares/Third_Party/FreeRTOS/Source/queue.o
                0x08008e88                xQueueGiveMutexRecursive
 .text.xQueueTakeMutexRecursive
                0x08008ef2       0x6e ./Middlewares/Third_Party/FreeRTOS/Source/queue.o
                0x08008ef2                xQueueTakeMutexRecursive
 .text.xQueueGenericSend
                0x08008f60      0x204 ./Middlewares/Third_Party/FreeRTOS/Source/queue.o
                0x08008f60                xQueueGenericSend
 .text.xQueueGenericSendFromISR
                0x08009164      0x13c ./Middlewares/Third_Party/FreeRTOS/Source/queue.o
                0x08009164                xQueueGenericSendFromISR
 .text.xQueueReceive
                0x080092a0      0x1c4 ./Middlewares/Third_Party/FreeRTOS/Source/queue.o
                0x080092a0                xQueueReceive
 .text.xQueueSemaphoreTake
                0x08009464      0x220 ./Middlewares/Third_Party/FreeRTOS/Source/queue.o
                0x08009464                xQueueSemaphoreTake
 .text.xQueueReceiveFromISR
                0x08009684      0x104 ./Middlewares/Third_Party/FreeRTOS/Source/queue.o
                0x08009684                xQueueReceiveFromISR
 .text.prvGetDisinheritPriorityAfterTimeout
                0x08009788       0x30 ./Middlewares/Third_Party/FreeRTOS/Source/queue.o
 .text.prvCopyDataToQueue
                0x080097b8       0xd4 ./Middlewares/Third_Party/FreeRTOS/Source/queue.o
 .text.prvCopyDataFromQueue
                0x0800988c       0x4c ./Middlewares/Third_Party/FreeRTOS/Source/queue.o
 .text.prvUnlockQueue
                0x080098d8       0xa4 ./Middlewares/Third_Party/FreeRTOS/Source/queue.o
 .text.prvIsQueueEmpty
                0x0800997c       0x2c ./Middlewares/Third_Party/FreeRTOS/Source/queue.o
 .text.prvIsQueueFull
                0x080099a8       0x30 ./Middlewares/Third_Party/FreeRTOS/Source/queue.o
 .text.vQueueAddToRegistry
                0x080099d8       0x54 ./Middlewares/Third_Party/FreeRTOS/Source/queue.o
                0x080099d8                vQueueAddToRegistry
 .text.vQueueWaitForMessageRestricted
                0x08009a2c       0x68 ./Middlewares/Third_Party/FreeRTOS/Source/queue.o
                0x08009a2c                vQueueWaitForMessageRestricted
 .text.xTaskCreateStatic
                0x08009a94       0xc0 ./Middlewares/Third_Party/FreeRTOS/Source/tasks.o
                0x08009a94                xTaskCreateStatic
 .text.xTaskCreate
                0x08009b54       0x8a ./Middlewares/Third_Party/FreeRTOS/Source/tasks.o
                0x08009b54                xTaskCreate
 *fill*         0x08009bde        0x2 
 .text.prvInitialiseNewTask
                0x08009be0      0x150 ./Middlewares/Third_Party/FreeRTOS/Source/tasks.o
 .text.prvAddNewTaskToReadyList
                0x08009d30       0xe0 ./Middlewares/Third_Party/FreeRTOS/Source/tasks.o
 .text.vTaskDelay
                0x08009e10       0x6c ./Middlewares/Third_Party/FreeRTOS/Source/tasks.o
                0x08009e10                vTaskDelay
 .text.vTaskStartScheduler
                0x08009e7c       0xe0 ./Middlewares/Third_Party/FreeRTOS/Source/tasks.o
                0x08009e7c                vTaskStartScheduler
 .text.vTaskSuspendAll
                0x08009f5c       0x1c ./Middlewares/Third_Party/FreeRTOS/Source/tasks.o
                0x08009f5c                vTaskSuspendAll
 .text.xTaskResumeAll
                0x08009f78      0x13c ./Middlewares/Third_Party/FreeRTOS/Source/tasks.o
                0x08009f78                xTaskResumeAll
 .text.xTaskGetTickCount
                0x0800a0b4       0x20 ./Middlewares/Third_Party/FreeRTOS/Source/tasks.o
                0x0800a0b4                xTaskGetTickCount
 .text.xTaskGetTickCountFromISR
                0x0800a0d4       0x24 ./Middlewares/Third_Party/FreeRTOS/Source/tasks.o
                0x0800a0d4                xTaskGetTickCountFromISR
 .text.xTaskIncrementTick
                0x0800a0f8      0x174 ./Middlewares/Third_Party/FreeRTOS/Source/tasks.o
                0x0800a0f8                xTaskIncrementTick
 .text.vTaskSwitchContext
                0x0800a26c       0xcc ./Middlewares/Third_Party/FreeRTOS/Source/tasks.o
                0x0800a26c                vTaskSwitchContext
 .text.vTaskPlaceOnEventList
                0x0800a338       0x4c ./Middlewares/Third_Party/FreeRTOS/Source/tasks.o
                0x0800a338                vTaskPlaceOnEventList
 .text.vTaskPlaceOnEventListRestricted
                0x0800a384       0x58 ./Middlewares/Third_Party/FreeRTOS/Source/tasks.o
                0x0800a384                vTaskPlaceOnEventListRestricted
 .text.xTaskRemoveFromEventList
                0x0800a3dc       0xc8 ./Middlewares/Third_Party/FreeRTOS/Source/tasks.o
                0x0800a3dc                xTaskRemoveFromEventList
 .text.vTaskInternalSetTimeOutState
                0x0800a4a4       0x2c ./Middlewares/Third_Party/FreeRTOS/Source/tasks.o
                0x0800a4a4                vTaskInternalSetTimeOutState
 .text.xTaskCheckForTimeOut
                0x0800a4d0       0xc8 ./Middlewares/Third_Party/FreeRTOS/Source/tasks.o
                0x0800a4d0                xTaskCheckForTimeOut
 .text.vTaskMissedYield
                0x0800a598       0x18 ./Middlewares/Third_Party/FreeRTOS/Source/tasks.o
                0x0800a598                vTaskMissedYield
 .text.prvIdleTask
                0x0800a5b0       0x30 ./Middlewares/Third_Party/FreeRTOS/Source/tasks.o
 .text.prvInitialiseTaskLists
                0x0800a5e0       0x80 ./Middlewares/Third_Party/FreeRTOS/Source/tasks.o
 .text.prvCheckTasksWaitingTermination
                0x0800a660       0x5c ./Middlewares/Third_Party/FreeRTOS/Source/tasks.o
 .text.prvDeleteTCB
                0x0800a6bc       0x6a ./Middlewares/Third_Party/FreeRTOS/Source/tasks.o
 *fill*         0x0800a726        0x2 
 .text.prvResetNextTaskUnblockTime
                0x0800a728       0x40 ./Middlewares/Third_Party/FreeRTOS/Source/tasks.o
 .text.xTaskGetCurrentTaskHandle
                0x0800a768       0x20 ./Middlewares/Third_Party/FreeRTOS/Source/tasks.o
                0x0800a768                xTaskGetCurrentTaskHandle
 .text.xTaskGetSchedulerState
                0x0800a788       0x3c ./Middlewares/Third_Party/FreeRTOS/Source/tasks.o
                0x0800a788                xTaskGetSchedulerState
 .text.xTaskPriorityInherit
                0x0800a7c4       0xd0 ./Middlewares/Third_Party/FreeRTOS/Source/tasks.o
                0x0800a7c4                xTaskPriorityInherit
 .text.xTaskPriorityDisinherit
                0x0800a894       0xe0 ./Middlewares/Third_Party/FreeRTOS/Source/tasks.o
                0x0800a894                xTaskPriorityDisinherit
 .text.vTaskPriorityDisinheritAfterTimeout
                0x0800a974      0x108 ./Middlewares/Third_Party/FreeRTOS/Source/tasks.o
                0x0800a974                vTaskPriorityDisinheritAfterTimeout
 .text.pvTaskIncrementMutexHeldCount
                0x0800aa7c       0x28 ./Middlewares/Third_Party/FreeRTOS/Source/tasks.o
                0x0800aa7c                pvTaskIncrementMutexHeldCount
 .text.prvAddCurrentTaskToDelayedList
                0x0800aaa4       0xa8 ./Middlewares/Third_Party/FreeRTOS/Source/tasks.o
 .text.xTimerCreateTimerTask
                0x0800ab4c       0x94 ./Middlewares/Third_Party/FreeRTOS/Source/timers.o
                0x0800ab4c                xTimerCreateTimerTask
 .text.xTimerGenericCommand
                0x0800abe0       0x9c ./Middlewares/Third_Party/FreeRTOS/Source/timers.o
                0x0800abe0                xTimerGenericCommand
 .text.prvProcessExpiredTimer
                0x0800ac7c       0x9c ./Middlewares/Third_Party/FreeRTOS/Source/timers.o
 .text.prvTimerTask
                0x0800ad18       0x26 ./Middlewares/Third_Party/FreeRTOS/Source/timers.o
 *fill*         0x0800ad3e        0x2 
 .text.prvProcessTimerOrBlockTask
                0x0800ad40       0x9c ./Middlewares/Third_Party/FreeRTOS/Source/timers.o
 .text.prvGetNextExpireTime
                0x0800addc       0x48 ./Middlewares/Third_Party/FreeRTOS/Source/timers.o
 .text.prvSampleTimeNow
                0x0800ae24       0x40 ./Middlewares/Third_Party/FreeRTOS/Source/timers.o
 .text.prvInsertTimerInActiveList
                0x0800ae64       0x84 ./Middlewares/Third_Party/FreeRTOS/Source/timers.o
 .text.prvProcessReceivedCommands
                0x0800aee8      0x1cc ./Middlewares/Third_Party/FreeRTOS/Source/timers.o
 .text.prvSwitchTimerLists
                0x0800b0b4       0xcc ./Middlewares/Third_Party/FreeRTOS/Source/timers.o
 .text.prvCheckForValidListAndQueue
                0x0800b180       0x80 ./Middlewares/Third_Party/FreeRTOS/Source/timers.o
 .text.pxPortInitialiseStack
                0x0800b200       0x68 ./Middlewares/Third_Party/FreeRTOS/Source/portable/GCC/ARM_CM4F/port.o
                0x0800b200                pxPortInitialiseStack
 .text.prvTaskExitError
                0x0800b268       0x5c ./Middlewares/Third_Party/FreeRTOS/Source/portable/GCC/ARM_CM4F/port.o
 *fill*         0x0800b2c4        0xc 
 .text.SVC_Handler
                0x0800b2d0       0x28 ./Middlewares/Third_Party/FreeRTOS/Source/portable/GCC/ARM_CM4F/port.o
                0x0800b2d0                SVC_Handler
 .text.prvPortStartFirstTask
                0x0800b2f8       0x28 ./Middlewares/Third_Party/FreeRTOS/Source/portable/GCC/ARM_CM4F/port.o
 .text.xPortStartScheduler
                0x0800b320      0x148 ./Middlewares/Third_Party/FreeRTOS/Source/portable/GCC/ARM_CM4F/port.o
                0x0800b320                xPortStartScheduler
 .text.vPortEnterCritical
                0x0800b468       0x64 ./Middlewares/Third_Party/FreeRTOS/Source/portable/GCC/ARM_CM4F/port.o
                0x0800b468                vPortEnterCritical
 .text.vPortExitCritical
                0x0800b4cc       0x54 ./Middlewares/Third_Party/FreeRTOS/Source/portable/GCC/ARM_CM4F/port.o
                0x0800b4cc                vPortExitCritical
 .text.PendSV_Handler
                0x0800b520       0x68 ./Middlewares/Third_Party/FreeRTOS/Source/portable/GCC/ARM_CM4F/port.o
                0x0800b520                PendSV_Handler
 .text.xPortSysTickHandler
                0x0800b588       0x44 ./Middlewares/Third_Party/FreeRTOS/Source/portable/GCC/ARM_CM4F/port.o
                0x0800b588                xPortSysTickHandler
 .text.vPortSetupTimerInterrupt
                0x0800b5cc       0x48 ./Middlewares/Third_Party/FreeRTOS/Source/portable/GCC/ARM_CM4F/port.o
                0x0800b5cc                vPortSetupTimerInterrupt
 .text.vPortEnableVFP
                0x0800b614       0x14 ./Middlewares/Third_Party/FreeRTOS/Source/portable/GCC/ARM_CM4F/port.o
 .text.vPortValidateInterruptPriority
                0x0800b628       0x84 ./Middlewares/Third_Party/FreeRTOS/Source/portable/GCC/ARM_CM4F/port.o
                0x0800b628                vPortValidateInterruptPriority
 .text.pvPortMalloc
                0x0800b6ac      0x19c ./Middlewares/Third_Party/FreeRTOS/Source/portable/MemMang/heap_4.o
                0x0800b6ac                pvPortMalloc
 .text.vPortFree
                0x0800b848       0xc8 ./Middlewares/Third_Party/FreeRTOS/Source/portable/MemMang/heap_4.o
                0x0800b848                vPortFree
 .text.prvHeapInit
                0x0800b910       0xc4 ./Middlewares/Third_Party/FreeRTOS/Source/portable/MemMang/heap_4.o
 .text.prvInsertBlockIntoFreeList
                0x0800b9d4       0xb4 ./Middlewares/Third_Party/FreeRTOS/Source/portable/MemMang/heap_4.o
 .text.snprintf
                0x0800ba88       0x6c C:/ST/STM32CubeIDE_1.19.0/STM32CubeIDE/plugins/com.st.stm32cube.ide.mcu.externaltools.gnu-tools-for-stm32.14.3.rel1.win32_1.0.100.202602081740/tools/bin/../lib/gcc/arm-none-eabi/14.3.1/../../../../arm-none-eabi/lib/thumb/v7e-m+fp/hard\libc_nano.a(libc_a-snprintf.o)
                0x0800ba88                sniprintf
                0x0800ba88                snprintf
 .text._vsnprintf_r
                0x0800baf4       0x5c C:/ST/STM32CubeIDE_1.19.0/STM32CubeIDE/plugins/com.st.stm32cube.ide.mcu.externaltools.gnu-tools-for-stm32.14.3.rel1.win32_1.0.100.202602081740/tools/bin/../lib/gcc/arm-none-eabi/14.3.1/../../../../arm-none-eabi/lib/thumb/v7e-m+fp/hard\libc_nano.a(libc_a-vsnprintf.o)
                0x0800baf4                _vsniprintf_r
                0x0800baf4                _vsnprintf_r
 .text.vsnprintf
                0x0800bb50       0x1c C:/ST/STM32CubeIDE_1.19.0/STM32CubeIDE/plugins/com.st.stm32cube.ide.mcu.externaltools.gnu-tools-for-stm32.14.3.rel1.win32_1.0.100.202602081740/tools/bin/../lib/gcc/arm-none-eabi/14.3.1/../../../../arm-none-eabi/lib/thumb/v7e-m+fp/hard\libc_nano.a(libc_a-vsnprintf.o)
                0x0800bb50                vsniprintf
                0x0800bb50                vsnprintf
 .text.memset   0x0800bb6c       0x10 C:/ST/STM32CubeIDE_1.19.0/STM32CubeIDE/plugins/com.st.stm32cube.ide.mcu.externaltools.gnu-tools-for-stm32.14.3.rel1.win32_1.0.100.202602081740/tools/bin/../lib/gcc/arm-none-eabi/14.3.1/../../../../arm-none-eabi/lib/thumb/v7e-m+fp/hard\libc_nano.a(libc_a-memset.o)
                0x0800bb6c                memset
 .text._reclaim_reent
                0x0800bb7c       0xbc C:/ST/STM32CubeIDE_1.19.0/STM32CubeIDE/plugins/com.st.stm32cube.ide.mcu.externaltools.gnu-tools-for-stm32.14.3.rel1.win32_1.0.100.202602081740/tools/bin/../lib/gcc/arm-none-eabi/14.3.1/../../../../arm-none-eabi/lib/thumb/v7e-m+fp/hard\libc_nano.a(libc_a-reent.o)
                0x0800bb7c                _reclaim_reent
 .text.__errno  0x0800bc38        0xc C:/ST/STM32CubeIDE_1.19.0/STM32CubeIDE/plugins/com.st.stm32cube.ide.mcu.externaltools.gnu-tools-for-stm32.14.3.rel1.win32_1.0.100.202602081740/tools/bin/../lib/gcc/arm-none-eabi/14.3.1/../../../../arm-none-eabi/lib/thumb/v7e-m+fp/hard\libc_nano.a(libc_a-errno.o)
                0x0800bc38                __errno
 .text.__libc_init_array
                0x0800bc44       0x48 C:/ST/STM32CubeIDE_1.19.0/STM32CubeIDE/plugins/com.st.stm32cube.ide.mcu.externaltools.gnu-tools-for-stm32.14.3.rel1.win32_1.0.100.202602081740/tools/bin/../lib/gcc/arm-none-eabi/14.3.1/../../../../arm-none-eabi/lib/thumb/v7e-m+fp/hard\libc_nano.a(libc_a-init.o)
                0x0800bc44                __libc_init_array
 .text.__retarget_lock_acquire_recursive
                0x0800bc8c        0x2 C:/ST/STM32CubeIDE_1.19.0/STM32CubeIDE/plugins/com.st.stm32cube.ide.mcu.externaltools.gnu-tools-for-stm32.14.3.rel1.win32_1.0.100.202602081740/tools/bin/../lib/gcc/arm-none-eabi/14.3.1/../../../../arm-none-eabi/lib/thumb/v7e-m+fp/hard\libc_nano.a(libc_a-lock.o)
                0x0800bc8c                __retarget_lock_acquire_recursive
 .text.__retarget_lock_release_recursive
                0x0800bc8e        0x2 C:/ST/STM32CubeIDE_1.19.0/STM32CubeIDE/plugins/com.st.stm32cube.ide.mcu.externaltools.gnu-tools-for-stm32.14.3.rel1.win32_1.0.100.202602081740/tools/bin/../lib/gcc/arm-none-eabi/14.3.1/../../../../arm-none-eabi/lib/thumb/v7e-m+fp/hard\libc_nano.a(libc_a-lock.o)
                0x0800bc8e                __retarget_lock_release_recursive
 .text.memcpy   0x0800bc90       0x1c C:/ST/STM32CubeIDE_1.19.0/STM32CubeIDE/plugins/com.st.stm32cube.ide.mcu.externaltools.gnu-tools-for-stm32.14.3.rel1.win32_1.0.100.202602081740/tools/bin/../lib/gcc/arm-none-eabi/14.3.1/../../../../arm-none-eabi/lib/thumb/v7e-m+fp/hard\libc_nano.a(libc_a-memcpy-stub.o)
                0x0800bc90                memcpy
 .text._free_r  0x0800bcac       0x94 C:/ST/STM32CubeIDE_1.19.0/STM32CubeIDE/plugins/com.st.stm32cube.ide.mcu.externaltools.gnu-tools-for-stm32.14.3.rel1.win32_1.0.100.202602081740/tools/bin/../lib/gcc/arm-none-eabi/14.3.1/../../../../arm-none-eabi/lib/thumb/v7e-m+fp/hard\libc_nano.a(libc_a-freer.o)
                0x0800bcac                _free_r
 .text.sbrk_aligned
                0x0800bd40       0x44 C:/ST/STM32CubeIDE_1.19.0/STM32CubeIDE/plugins/com.st.stm32cube.ide.mcu.externaltools.gnu-tools-for-stm32.14.3.rel1.win32_1.0.100.202602081740/tools/bin/../lib/gcc/arm-none-eabi/14.3.1/../../../../arm-none-eabi/lib/thumb/v7e-m+fp/hard\libc_nano.a(libc_a-mallocr.o)
 .text._malloc_r
                0x0800bd84      0x100 C:/ST/STM32CubeIDE_1.19.0/STM32CubeIDE/plugins/com.st.stm32cube.ide.mcu.externaltools.gnu-tools-for-stm32.14.3.rel1.win32_1.0.100.202602081740/tools/bin/../lib/gcc/arm-none-eabi/14.3.1/../../../../arm-none-eabi/lib/thumb/v7e-m+fp/hard\libc_nano.a(libc_a-mallocr.o)
                0x0800bd84                _malloc_r
 .text.__malloc_lock
                0x0800be84        0xc C:/ST/STM32CubeIDE_1.19.0/STM32CubeIDE/plugins/com.st.stm32cube.ide.mcu.externaltools.gnu-tools-for-stm32.14.3.rel1.win32_1.0.100.202602081740/tools/bin/../lib/gcc/arm-none-eabi/14.3.1/../../../../arm-none-eabi/lib/thumb/v7e-m+fp/hard\libc_nano.a(libc_a-mlock.o)
                0x0800be84                __malloc_lock
 .text.__malloc_unlock
                0x0800be90        0xc C:/ST/STM32CubeIDE_1.19.0/STM32CubeIDE/plugins/com.st.stm32cube.ide.mcu.externaltools.gnu-tools-for-stm32.14.3.rel1.win32_1.0.100.202602081740/tools/bin/../lib/gcc/arm-none-eabi/14.3.1/../../../../arm-none-eabi/lib/thumb/v7e-m+fp/hard\libc_nano.a(libc_a-mlock.o)
                0x0800be90                __malloc_unlock
 .text.__ssputs_r
                0x0800be9c       0xc0 C:/ST/STM32CubeIDE_1.19.0/STM32CubeIDE/plugins/com.st.stm32cube.ide.mcu.externaltools.gnu-tools-for-stm32.14.3.rel1.win32_1.0.100.202602081740/tools/bin/../lib/gcc/arm-none-eabi/14.3.1/../../../../arm-none-eabi/lib/thumb/v7e-m+fp/hard\libc_nano.a(libc_a-nano-svfprintf.o)
                0x0800be9c                __ssputs_r
 .text._svfprintf_r
                0x0800bf5c      0x1f0 C:/ST/STM32CubeIDE_1.19.0/STM32CubeIDE/plugins/com.st.stm32cube.ide.mcu.externaltools.gnu-tools-for-stm32.14.3.rel1.win32_1.0.100.202602081740/tools/bin/../lib/gcc/arm-none-eabi/14.3.1/../../../../arm-none-eabi/lib/thumb/v7e-m+fp/hard\libc_nano.a(libc_a-nano-svfprintf.o)
                0x0800bf5c                _svfiprintf_r
                0x0800bf5c                _svfprintf_r
 .text._printf_common
                0x0800c14c       0xda C:/ST/STM32CubeIDE_1.19.0/STM32CubeIDE/plugins/com.st.stm32cube.ide.mcu.externaltools.gnu-tools-for-stm32.14.3.rel1.win32_1.0.100.202602081740/tools/bin/../lib/gcc/arm-none-eabi/14.3.1/../../../../arm-none-eabi/lib/thumb/v7e-m+fp/hard\libc_nano.a(libc_a-nano-vfprintf_i.o)
                0x0800c14c                _printf_common
 *fill*         0x0800c226        0x2 
 .text._printf_i
                0x0800c228      0x24c C:/ST/STM32CubeIDE_1.19.0/STM32CubeIDE/plugins/com.st.stm32cube.ide.mcu.externaltools.gnu-tools-for-stm32.14.3.rel1.win32_1.0.100.202602081740/tools/bin/../lib/gcc/arm-none-eabi/14.3.1/../../../../arm-none-eabi/lib/thumb/v7e-m+fp/hard\libc_nano.a(libc_a-nano-vfprintf_i.o)
                0x0800c228                _printf_i
 .text.memmove  0x0800c474       0x32 C:/ST/STM32CubeIDE_1.19.0/STM32CubeIDE/plugins/com.st.stm32cube.ide.mcu.externaltools.gnu-tools-for-stm32.14.3.rel1.win32_1.0.100.202602081740/tools/bin/../lib/gcc/arm-none-eabi/14.3.1/../../../../arm-none-eabi/lib/thumb/v7e-m+fp/hard\libc_nano.a(libc_a-memmove.o)
                0x0800c474                memmove
 *fill*         0x0800c4a6        0x2 
 .text._sbrk_r  0x0800c4a8       0x20 C:/ST/STM32CubeIDE_1.19.0/STM32CubeIDE/plugins/com.st.stm32cube.ide.mcu.externaltools.gnu-tools-for-stm32.14.3.rel1.win32_1.0.100.202602081740/tools/bin/../lib/gcc/arm-none-eabi/14.3.1/../../../../arm-none-eabi/lib/thumb/v7e-m+fp/hard\libc_nano.a(libc_a-sbrkr.o)
                0x0800c4a8                _sbrk_r
 .text._realloc_r
                0x0800c4c8       0x5c C:/ST/STM32CubeIDE_1.19.0/STM32CubeIDE/plugins/com.st.stm32cube.ide.mcu.externaltools.gnu-tools-for-stm32.14.3.rel1.win32_1.0.100.202602081740/tools/bin/../lib/gcc/arm-none-eabi/14.3.1/../../../../arm-none-eabi/lib/thumb/v7e-m+fp/hard\libc_nano.a(libc_a-reallocr.o)
                0x0800c4c8                _realloc_r
 .text._malloc_usable_size_r
                0x0800c524       0x10 C:/ST/STM32CubeIDE_1.19.0/STM32CubeIDE/plugins/com.st.stm32cube.ide.mcu.externaltools.gnu-tools-for-stm32.14.3.rel1.win32_1.0.100.202602081740/tools/bin/../lib/gcc/arm-none-eabi/14.3.1/../../../../arm-none-eabi/lib/thumb/v7e-m+fp/hard\libc_nano.a(libc_a-msizer.o)
                0x0800c524                _malloc_usable_size_r
 *(.glue_7)
 .glue_7        0x0800c534        0x0 linker stubs
 *(.glue_7t)
 .glue_7t       0x0800c534        0x0 linker stubs
 *(.eh_frame)
 .eh_frame      0x0800c534        0x0 C:/ST/STM32CubeIDE_1.19.0/STM32CubeIDE/plugins/com.st.stm32cube.ide.mcu.externaltools.gnu-tools-for-stm32.14.3.rel1.win32_1.0.100.202602081740/tools/bin/../lib/gcc/arm-none-eabi/14.3.1/thumb/v7e-m+fp/hard/crtbegin.o
 *(.init)
 .init          0x0800c534        0x4 C:/ST/STM32CubeIDE_1.19.0/STM32CubeIDE/plugins/com.st.stm32cube.ide.mcu.externaltools.gnu-tools-for-stm32.14.3.rel1.win32_1.0.100.202602081740/tools/bin/../lib/gcc/arm-none-eabi/14.3.1/thumb/v7e-m+fp/hard/crti.o
                0x0800c534                _init
 .init          0x0800c538        0x8 C:/ST/STM32CubeIDE_1.19.0/STM32CubeIDE/plugins/com.st.stm32cube.ide.mcu.externaltools.gnu-tools-for-stm32.14.3.rel1.win32_1.0.100.202602081740/tools/bin/../lib/gcc/arm-none-eabi/14.3.1/thumb/v7e-m+fp/hard/crtn.o
 *(.fini)
 .fini          0x0800c540        0x4 C:/ST/STM32CubeIDE_1.19.0/STM32CubeIDE/plugins/com.st.stm32cube.ide.mcu.externaltools.gnu-tools-for-stm32.14.3.rel1.win32_1.0.100.202602081740/tools/bin/../lib/gcc/arm-none-eabi/14.3.1/thumb/v7e-m+fp/hard/crti.o
                0x0800c540                _fini
 .fini          0x0800c544        0x8 C:/ST/STM32CubeIDE_1.19.0/STM32CubeIDE/plugins/com.st.stm32cube.ide.mcu.externaltools.gnu-tools-for-stm32.14.3.rel1.win32_1.0.100.202602081740/tools/bin/../lib/gcc/arm-none-eabi/14.3.1/thumb/v7e-m+fp/hard/crtn.o
                0x0800c54c                        . = ALIGN (0x4)
                0x0800c54c                        _etext = .

.vfp11_veneer   0x0800c54c        0x0
 .vfp11_veneer  0x0800c54c        0x0 linker stubs

.v4_bx          0x0800c54c        0x0
 .v4_bx         0x0800c54c        0x0 linker stubs

.iplt           0x0800c54c        0x0
 .iplt          0x0800c54c        0x0 C:/ST/STM32CubeIDE_1.19.0/STM32CubeIDE/plugins/com.st.stm32cube.ide.mcu.externaltools.gnu-tools-for-stm32.14.3.rel1.win32_1.0.100.202602081740/tools/bin/../lib/gcc/arm-none-eabi/14.3.1/thumb/v7e-m+fp/hard/crtbegin.o

.rodata         0x0800c54c      0x5ec
                0x0800c54c                        . = ALIGN (0x4)
 *(.rodata)
 .rodata        0x0800c54c       0x11 ./Core/Src/app/log.o
 *fill*         0x0800c55d        0x3 
 .rodata        0x0800c560      0x278 ./Core/Src/app/tasks.o
 .rodata        0x0800c7d8        0xc ./Core/Src/app_freertos.o
 .rodata        0x0800c7e4      0x1ee ./Core/Src/drivers/ads1232.o
 *fill*         0x0800c9d2        0x2 
 .rodata        0x0800c9d4        0x5 ./Middlewares/Third_Party/FreeRTOS/Source/tasks.o
 *fill*         0x0800c9d9        0x3 
 .rodata        0x0800c9dc        0xd ./Middlewares/Third_Party/FreeRTOS/Source/timers.o
 *(.rodata*)
 *fill*         0x0800c9e9        0x3 
 .rodata.s_attr_safety
                0x0800c9ec       0x24 ./Core/Src/app/tasks.o
 .rodata.s_attr_seq
                0x0800ca10       0x24 ./Core/Src/app/tasks.o
 .rodata.s_attr_comms
                0x0800ca34       0x24 ./Core/Src/app/tasks.o
 .rodata.s_attr_logger
                0x0800ca58       0x24 ./Core/Src/app/tasks.o
 .rodata.s_attr_ads1232
                0x0800ca7c       0x24 ./Core/Src/app/tasks.o
 .rodata.defaultTask_attributes
                0x0800caa0       0x24 ./Core/Src/app_freertos.o
                0x0800caa0                defaultTask_attributes
 .rodata.AHBPrescTable
                0x0800cac4       0x10 ./Core/Src/system_stm32g4xx.o
                0x0800cac4                AHBPrescTable
 .rodata.APBPrescTable
                0x0800cad4        0x8 ./Core/Src/system_stm32g4xx.o
                0x0800cad4                APBPrescTable
 .rodata.UARTPrescTable
                0x0800cadc       0x18 ./Drivers/STM32G4xx_HAL_Driver/Src/stm32g4xx_hal_uart.o
                0x0800cadc                UARTPrescTable
 .rodata.numerator.1
                0x0800caf4        0x8 ./Drivers/STM32G4xx_HAL_Driver/Src/stm32g4xx_hal_uart_ex.o
 .rodata.denominator.0
                0x0800cafc        0x8 ./Drivers/STM32G4xx_HAL_Driver/Src/stm32g4xx_hal_uart_ex.o
 .rodata._svfprintf_r.str1.1
                0x0800cb04       0x33 C:/ST/STM32CubeIDE_1.19.0/STM32CubeIDE/plugins/com.st.stm32cube.ide.mcu.externaltools.gnu-tools-for-stm32.14.3.rel1.win32_1.0.100.202602081740/tools/bin/../lib/gcc/arm-none-eabi/14.3.1/../../../../arm-none-eabi/lib/thumb/v7e-m+fp/hard\libc_nano.a(libc_a-nano-svfprintf.o)
                                 0x11 (size before relaxing)
 .rodata._printf_i.str1.1
                0x0800cb37       0x22 C:/ST/STM32CubeIDE_1.19.0/STM32CubeIDE/plugins/com.st.stm32cube.ide.mcu.externaltools.gnu-tools-for-stm32.14.3.rel1.win32_1.0.100.202602081740/tools/bin/../lib/gcc/arm-none-eabi/14.3.1/../../../../arm-none-eabi/lib/thumb/v7e-m+fp/hard\libc_nano.a(libc_a-nano-vfprintf_i.o)
                0x0800cb5c                        . = ALIGN (0x4)
 *fill*         0x0800cb37        0x1 

.ARM.extab      0x0800cb38        0x0
                0x0800cb38                        . = ALIGN (0x4)
 *(.ARM.extab* .gnu.linkonce.armextab.*)
                0x0800cb38                        . = ALIGN (0x4)

.ARM            0x0800cb38        0x8
                0x0800cb38                        . = ALIGN (0x4)
                0x0800cb38                        __exidx_start = .
 *(.ARM.exidx*)
 .ARM.exidx     0x0800cb38        0x8 C:/ST/STM32CubeIDE_1.19.0/STM32CubeIDE/plugins/com.st.stm32cube.ide.mcu.externaltools.gnu-tools-for-stm32.14.3.rel1.win32_1.0.100.202602081740/tools/bin/../lib/gcc/arm-none-eabi/14.3.1/../../../../arm-none-eabi/lib/thumb/v7e-m+fp/hard\libc_nano.a(libc_a-strlen.o)
 .ARM.exidx     0x0800cb40        0x0 C:/ST/STM32CubeIDE_1.19.0/STM32CubeIDE/plugins/com.st.stm32cube.ide.mcu.externaltools.gnu-tools-for-stm32.14.3.rel1.win32_1.0.100.202602081740/tools/bin/../lib/gcc/arm-none-eabi/14.3.1/../../../../arm-none-eabi/lib/thumb/v7e-m+fp/hard\libc_nano.a(libc_a-memchr.o)
                                  0x8 (size before relaxing)
 .ARM.exidx     0x0800cb40        0x0 C:/ST/STM32CubeIDE_1.19.0/STM32CubeIDE/plugins/com.st.stm32cube.ide.mcu.externaltools.gnu-tools-for-stm32.14.3.rel1.win32_1.0.100.202602081740/tools/bin/../lib/gcc/arm-none-eabi/14.3.1/thumb/v7e-m+fp/hard\libgcc.a(_udivmoddi4.o)
                                  0x8 (size before relaxing)
                0x0800cb40                        __exidx_end = .
                0x0800cb40                        . = ALIGN (0x4)

.preinit_array  0x0800cb40        0x0
                0x0800cb40                        . = ALIGN (0x4)
                0x0800cb40                        PROVIDE (__preinit_array_start = .)
 *(.preinit_array*)
                0x0800cb40                        PROVIDE (__preinit_array_end = .)
                0x0800cb40                        . = ALIGN (0x4)

.init_array     0x0800cb40        0x4
                0x0800cb40                        . = ALIGN (0x4)
                0x0800cb40                        PROVIDE (__init_array_start = .)
 *(SORT_BY_NAME(.init_array.*))
 *(.init_array*)
 .init_array    0x0800cb40        0x4 C:/ST/STM32CubeIDE_1.19.0/STM32CubeIDE/plugins/com.st.stm32cube.ide.mcu.externaltools.gnu-tools-for-stm32.14.3.rel1.win32_1.0.100.202602081740/tools/bin/../lib/gcc/arm-none-eabi/14.3.1/thumb/v7e-m+fp/hard/crtbegin.o
                0x0800cb44                        PROVIDE (__init_array_end = .)
                0x0800cb44                        . = ALIGN (0x4)

.fini_array     0x0800cb44        0x4
                0x0800cb44                        . = ALIGN (0x4)
                [!provide]                        PROVIDE (__fini_array_start = .)
 *(SORT_BY_NAME(.fini_array.*))
 *(.fini_array*)
 .fini_array    0x0800cb44        0x4 C:/ST/STM32CubeIDE_1.19.0/STM32CubeIDE/plugins/com.st.stm32cube.ide.mcu.externaltools.gnu-tools-for-stm32.14.3.rel1.win32_1.0.100.202602081740/tools/bin/../lib/gcc/arm-none-eabi/14.3.1/thumb/v7e-m+fp/hard/crtbegin.o
                [!provide]                        PROVIDE (__fini_array_end = .)
                0x0800cb48                        . = ALIGN (0x4)
                0x0800cb48                        _sidata = LOADADDR (.data)

.rel.dyn        0x0800cb48        0x0
 .rel.iplt      0x0800cb48        0x0 C:/ST/STM32CubeIDE_1.19.0/STM32CubeIDE/plugins/com.st.stm32cube.ide.mcu.externaltools.gnu-tools-for-stm32.14.3.rel1.win32_1.0.100.202602081740/tools/bin/../lib/gcc/arm-none-eabi/14.3.1/thumb/v7e-m+fp/hard/crtbegin.o

.data           0x20000000       0x60 load address 0x0800cb48
                0x20000000                        . = ALIGN (0x4)
                0x20000000                        _sdata = .
 *(.data)
 *(.data*)
 .data.SystemCoreClock
                0x20000000        0x4 ./Core/Src/system_stm32g4xx.o
                0x20000000                SystemCoreClock
 .data.uwTickPrio
                0x20000004        0x4 ./Drivers/STM32G4xx_HAL_Driver/Src/stm32g4xx_hal.o
                0x20000004                uwTickPrio
 .data.uwTickFreq
                0x20000008        0x4 ./Drivers/STM32G4xx_HAL_Driver/Src/stm32g4xx_hal.o
                0x20000008                uwTickFreq
 .data.uxCriticalNesting
                0x2000000c        0x4 ./Middlewares/Third_Party/FreeRTOS/Source/portable/GCC/ARM_CM4F/port.o
 .data._impure_ptr
                0x20000010        0x4 C:/ST/STM32CubeIDE_1.19.0/STM32CubeIDE/plugins/com.st.stm32cube.ide.mcu.externaltools.gnu-tools-for-stm32.14.3.rel1.win32_1.0.100.202602081740/tools/bin/../lib/gcc/arm-none-eabi/14.3.1/../../../../arm-none-eabi/lib/thumb/v7e-m+fp/hard\libc_nano.a(libc_a-impure.o)
                0x20000010                _impure_ptr
 .data._impure_data
                0x20000014       0x4c C:/ST/STM32CubeIDE_1.19.0/STM32CubeIDE/plugins/com.st.stm32cube.ide.mcu.externaltools.gnu-tools-for-stm32.14.3.rel1.win32_1.0.100.202602081740/tools/bin/../lib/gcc/arm-none-eabi/14.3.1/../../../../arm-none-eabi/lib/thumb/v7e-m+fp/hard\libc_nano.a(libc_a-impure.o)
                0x20000014                _impure_data
 *(.RamFunc)
 *(.RamFunc*)
                0x20000060                        . = ALIGN (0x4)
                0x20000060                        _edata = .

.igot.plt       0x20000060        0x0 load address 0x0800cba8
 .igot.plt      0x20000060        0x0 C:/ST/STM32CubeIDE_1.19.0/STM32CubeIDE/plugins/com.st.stm32cube.ide.mcu.externaltools.gnu-tools-for-stm32.14.3.rel1.win32_1.0.100.202602081740/tools/bin/../lib/gcc/arm-none-eabi/14.3.1/thumb/v7e-m+fp/hard/crtbegin.o
                0x20000060                        . = ALIGN (0x4)

.bss            0x20000060     0x5530 load address 0x0800cba8
                0x20000060                        _sbss = .
                0x20000060                        __bss_start__ = _sbss
 *(.bss)
 .bss           0x20000060       0x1c C:/ST/STM32CubeIDE_1.19.0/STM32CubeIDE/plugins/com.st.stm32cube.ide.mcu.externaltools.gnu-tools-for-stm32.14.3.rel1.win32_1.0.100.202602081740/tools/bin/../lib/gcc/arm-none-eabi/14.3.1/thumb/v7e-m+fp/hard/crtbegin.o
 *(.bss*)
 .bss.s_logq    0x2000007c        0x4 ./Core/Src/app/log.o
 .bss.s_uart    0x20000080        0x4 ./Core/Src/app/log.o
 .bss.s_hlpuart1
                0x20000084       0x94 ./Core/Src/app/log.o
 .bss.s_cmdq    0x20000118        0x4 ./Core/Src/app/tasks.o
 .bss.s_hwmtx   0x2000011c        0x4 ./Core/Src/app/tasks.o
 .bss.s_console
                0x20000120        0x4 ./Core/Src/app/tasks.o
 .bss.s_fault   0x20000124        0x1 ./Core/Src/app/tasks.o
 .bss.s_hv_active
                0x20000125        0x1 ./Core/Src/app/tasks.o
 *fill*         0x20000126        0x2 
 .bss.s_safety  0x20000128        0x4 ./Core/Src/app/tasks.o
 .bss.s_seq     0x2000012c        0x4 ./Core/Src/app/tasks.o
 .bss.s_comms   0x20000130        0x4 ./Core/Src/app/tasks.o
 .bss.s_logger  0x20000134        0x4 ./Core/Src/app/tasks.o
 .bss.s_ads1232
                0x20000138        0x4 ./Core/Src/app/tasks.o
 .bss.defaultTaskHandle
                0x2000013c        0x4 ./Core/Src/app_freertos.o
                0x2000013c                defaultTaskHandle
 .bss.hi2c2     0x20000140       0x54 ./Core/Src/i2c.o
                0x20000140                hi2c2
 .bss.hi2c3     0x20000194       0x54 ./Core/Src/i2c.o
                0x20000194                hi2c3
 .bss.hspi1     0x200001e8       0x64 ./Core/Src/spi.o
                0x200001e8                hspi1
 .bss.hspi2     0x2000024c       0x64 ./Core/Src/spi.o
                0x2000024c                hspi2
 .bss.hspi3     0x200002b0       0x64 ./Core/Src/spi.o
                0x200002b0                hspi3
 .bss.htim1     0x20000314       0x4c ./Core/Src/stm32g4xx_hal_timebase_tim.o
                0x20000314                htim1
 .bss.__sbrk_heap_end
                0x20000360        0x4 ./Core/Src/sysmem.o
 .bss.huart4    0x20000364       0x94 ./Core/Src/usart.o
                0x20000364                huart4
 .bss.huart2    0x200003f8       0x94 ./Core/Src/usart.o
                0x200003f8                huart2
 .bss.huart3    0x2000048c       0x94 ./Core/Src/usart.o
                0x2000048c                huart3
 .bss.g_matrix  0x20000520       0x3c ./Core/Src/bsp/board.o
                0x20000520                g_matrix
 .bss.g_frontend
                0x2000055c       0x28 ./Core/Src/bsp/board.o
                0x2000055c                g_frontend
 .bss.g_hv      0x20000584       0x90 ./Core/Src/bsp/board.o
                0x20000584                g_hv
 .bss.g_ads1232
                0x20000614       0x44 ./Core/Src/drivers/ads1232.o
                0x20000614                g_ads1232
 .bss.s_retries
                0x20000658        0x2 ./Core/Src/drivers/ads1232.o
 *fill*         0x2000065a        0x2 
 .bss.uwTick    0x2000065c        0x4 ./Drivers/STM32G4xx_HAL_Driver/Src/stm32g4xx_hal.o
                0x2000065c                uwTick
 .bss.KernelState
                0x20000660        0x4 ./Middlewares/Third_Party/FreeRTOS/Source/CMSIS_RTOS_V2/cmsis_os2.o
 .bss.Idle_TCB.3
                0x20000664       0xa8 ./Middlewares/Third_Party/FreeRTOS/Source/CMSIS_RTOS_V2/cmsis_os2.o
 .bss.Idle_Stack.2
                0x2000070c      0x200 ./Middlewares/Third_Party/FreeRTOS/Source/CMSIS_RTOS_V2/cmsis_os2.o
 .bss.Timer_TCB.1
                0x2000090c       0xa8 ./Middlewares/Third_Party/FreeRTOS/Source/CMSIS_RTOS_V2/cmsis_os2.o
 .bss.Timer_Stack.0
                0x200009b4      0x400 ./Middlewares/Third_Party/FreeRTOS/Source/CMSIS_RTOS_V2/cmsis_os2.o
 .bss.xQueueRegistry
                0x20000db4       0x40 ./Middlewares/Third_Party/FreeRTOS/Source/queue.o
                0x20000db4                xQueueRegistry
 .bss.pxCurrentTCB
                0x20000df4        0x4 ./Middlewares/Third_Party/FreeRTOS/Source/tasks.o
                0x20000df4                pxCurrentTCB
 .bss.pxReadyTasksLists
                0x20000df8      0x460 ./Middlewares/Third_Party/FreeRTOS/Source/tasks.o
 .bss.xDelayedTaskList1
                0x20001258       0x14 ./Middlewares/Third_Party/FreeRTOS/Source/tasks.o
 .bss.xDelayedTaskList2
                0x2000126c       0x14 ./Middlewares/Third_Party/FreeRTOS/Source/tasks.o
 .bss.pxDelayedTaskList
                0x20001280        0x4 ./Middlewares/Third_Party/FreeRTOS/Source/tasks.o
 .bss.pxOverflowDelayedTaskList
                0x20001284        0x4 ./Middlewares/Third_Party/FreeRTOS/Source/tasks.o
 .bss.xPendingReadyList
                0x20001288       0x14 ./Middlewares/Third_Party/FreeRTOS/Source/tasks.o
 .bss.xTasksWaitingTermination
                0x2000129c       0x14 ./Middlewares/Third_Party/FreeRTOS/Source/tasks.o
 .bss.uxDeletedTasksWaitingCleanUp
                0x200012b0        0x4 ./Middlewares/Third_Party/FreeRTOS/Source/tasks.o
 .bss.xSuspendedTaskList
                0x200012b4       0x14 ./Middlewares/Third_Party/FreeRTOS/Source/tasks.o
 .bss.uxCurrentNumberOfTasks
                0x200012c8        0x4 ./Middlewares/Third_Party/FreeRTOS/Source/tasks.o
 .bss.xTickCount
                0x200012cc        0x4 ./Middlewares/Third_Party/FreeRTOS/Source/tasks.o
 .bss.uxTopReadyPriority
                0x200012d0        0x4 ./Middlewares/Third_Party/FreeRTOS/Source/tasks.o
 .bss.xSchedulerRunning
                0x200012d4        0x4 ./Middlewares/Third_Party/FreeRTOS/Source/tasks.o
 .bss.xPendedTicks
                0x200012d8        0x4 ./Middlewares/Third_Party/FreeRTOS/Source/tasks.o
 .bss.xYieldPending
                0x200012dc        0x4 ./Middlewares/Third_Party/FreeRTOS/Source/tasks.o
 .bss.xNumOfOverflows
                0x200012e0        0x4 ./Middlewares/Third_Party/FreeRTOS/Source/tasks.o
 .bss.uxTaskNumber
                0x200012e4        0x4 ./Middlewares/Third_Party/FreeRTOS/Source/tasks.o
 .bss.xNextTaskUnblockTime
                0x200012e8        0x4 ./Middlewares/Third_Party/FreeRTOS/Source/tasks.o
 .bss.xIdleTaskHandle
                0x200012ec        0x4 ./Middlewares/Third_Party/FreeRTOS/Source/tasks.o
 .bss.uxSchedulerSuspended
                0x200012f0        0x4 ./Middlewares/Third_Party/FreeRTOS/Source/tasks.o
 .bss.xActiveTimerList1
                0x200012f4       0x14 ./Middlewares/Third_Party/FreeRTOS/Source/timers.o
 .bss.xActiveTimerList2
                0x20001308       0x14 ./Middlewares/Third_Party/FreeRTOS/Source/timers.o
 .bss.pxCurrentTimerList
                0x2000131c        0x4 ./Middlewares/Third_Party/FreeRTOS/Source/timers.o
 .bss.pxOverflowTimerList
                0x20001320        0x4 ./Middlewares/Third_Party/FreeRTOS/Source/timers.o
 .bss.xTimerQueue
                0x20001324        0x4 ./Middlewares/Third_Party/FreeRTOS/Source/timers.o
 .bss.xTimerTaskHandle
                0x20001328        0x4 ./Middlewares/Third_Party/FreeRTOS/Source/timers.o
 .bss.xLastTime.2
                0x2000132c        0x4 ./Middlewares/Third_Party/FreeRTOS/Source/timers.o
 .bss.ucStaticTimerQueueStorage.1
                0x20001330       0xa0 ./Middlewares/Third_Party/FreeRTOS/Source/timers.o
 .bss.xStaticTimerQueue.0
                0x200013d0       0x50 ./Middlewares/Third_Party/FreeRTOS/Source/timers.o
 .bss.ucMaxSysCallPriority
                0x20001420        0x1 ./Middlewares/Third_Party/FreeRTOS/Source/portable/GCC/ARM_CM4F/port.o
 *fill*         0x20001421        0x3 
 .bss.ulMaxPRIGROUPValue
                0x20001424        0x4 ./Middlewares/Third_Party/FreeRTOS/Source/portable/GCC/ARM_CM4F/port.o
 .bss.ucHeap    0x20001428     0x4000 ./Middlewares/Third_Party/FreeRTOS/Source/portable/MemMang/heap_4.o
 .bss.xStart    0x20005428        0x8 ./Middlewares/Third_Party/FreeRTOS/Source/portable/MemMang/heap_4.o
 .bss.pxEnd     0x20005430        0x4 ./Middlewares/Third_Party/FreeRTOS/Source/portable/MemMang/heap_4.o
 .bss.xFreeBytesRemaining
                0x20005434        0x4 ./Middlewares/Third_Party/FreeRTOS/Source/portable/MemMang/heap_4.o
 .bss.xMinimumEverFreeBytesRemaining
                0x20005438        0x4 ./Middlewares/Third_Party/FreeRTOS/Source/portable/MemMang/heap_4.o
 .bss.xNumberOfSuccessfulAllocations
                0x2000543c        0x4 ./Middlewares/Third_Party/FreeRTOS/Source/portable/MemMang/heap_4.o
 .bss.xNumberOfSuccessfulFrees
                0x20005440        0x4 ./Middlewares/Third_Party/FreeRTOS/Source/portable/MemMang/heap_4.o
 .bss.xBlockAllocatedBit
                0x20005444        0x4 ./Middlewares/Third_Party/FreeRTOS/Source/portable/MemMang/heap_4.o
 .bss.__sf      0x20005448      0x138 C:/ST/STM32CubeIDE_1.19.0/STM32CubeIDE/plugins/com.st.stm32cube.ide.mcu.externaltools.gnu-tools-for-stm32.14.3.rel1.win32_1.0.100.202602081740/tools/bin/../lib/gcc/arm-none-eabi/14.3.1/../../../../arm-none-eabi/lib/thumb/v7e-m+fp/hard\libc_nano.a(libc_a-findfp.o)
                0x20005448                __sf
 .bss.errno     0x20005580        0x4 C:/ST/STM32CubeIDE_1.19.0/STM32CubeIDE/plugins/com.st.stm32cube.ide.mcu.externaltools.gnu-tools-for-stm32.14.3.rel1.win32_1.0.100.202602081740/tools/bin/../lib/gcc/arm-none-eabi/14.3.1/../../../../arm-none-eabi/lib/thumb/v7e-m+fp/hard\libc_nano.a(libc_a-reent.o)
                0x20005580                errno
 .bss.__lock___malloc_recursive_mutex
                0x20005584        0x1 C:/ST/STM32CubeIDE_1.19.0/STM32CubeIDE/plugins/com.st.stm32cube.ide.mcu.externaltools.gnu-tools-for-stm32.14.3.rel1.win32_1.0.100.202602081740/tools/bin/../lib/gcc/arm-none-eabi/14.3.1/../../../../arm-none-eabi/lib/thumb/v7e-m+fp/hard\libc_nano.a(libc_a-lock.o)
                0x20005584                __lock___malloc_recursive_mutex
 *fill*         0x20005585        0x3 
 .bss.__malloc_sbrk_start
                0x20005588        0x4 C:/ST/STM32CubeIDE_1.19.0/STM32CubeIDE/plugins/com.st.stm32cube.ide.mcu.externaltools.gnu-tools-for-stm32.14.3.rel1.win32_1.0.100.202602081740/tools/bin/../lib/gcc/arm-none-eabi/14.3.1/../../../../arm-none-eabi/lib/thumb/v7e-m+fp/hard\libc_nano.a(libc_a-mallocr.o)
                0x20005588                __malloc_sbrk_start
 .bss.__malloc_free_list
                0x2000558c        0x4 C:/ST/STM32CubeIDE_1.19.0/STM32CubeIDE/plugins/com.st.stm32cube.ide.mcu.externaltools.gnu-tools-for-stm32.14.3.rel1.win32_1.0.100.202602081740/tools/bin/../lib/gcc/arm-none-eabi/14.3.1/../../../../arm-none-eabi/lib/thumb/v7e-m+fp/hard\libc_nano.a(libc_a-mallocr.o)
                0x2000558c                __malloc_free_list
 *(COMMON)
                0x20005590                        . = ALIGN (0x4)
                0x20005590                        _ebss = .
                0x20005590                        __bss_end__ = _ebss

._user_heap_stack
                0x20005590      0x600 load address 0x0800cba8
                0x20005590                        . = ALIGN (0x8)
                [!provide]                        PROVIDE (end = .)
                0x20005590                        PROVIDE (_end = .)
                0x20005790                        . = (. + _Min_Heap_Size)
 *fill*         0x20005590      0x200 
                0x20005b90                        . = (. + _Min_Stack_Size)
 *fill*         0x20005790      0x400 
                0x20005b90                        . = ALIGN (0x8)

/DISCARD/
 libc.a(*)
 libm.a(*)
 libgcc.a(*)

.ARM.attributes
                0x00000000       0x30
 *(.ARM.attributes)
 .ARM.attributes
                0x00000000       0x22 C:/ST/STM32CubeIDE_1.19.0/STM32CubeIDE/plugins/com.st.stm32cube.ide.mcu.externaltools.gnu-tools-for-stm32.14.3.rel1.win32_1.0.100.202602081740/tools/bin/../lib/gcc/arm-none-eabi/14.3.1/thumb/v7e-m+fp/hard/crti.o
 .ARM.attributes
                0x00000022       0x34 C:/ST/STM32CubeIDE_1.19.0/STM32CubeIDE/plugins/com.st.stm32cube.ide.mcu.externaltools.gnu-tools-for-stm32.14.3.rel1.win32_1.0.100.202602081740/tools/bin/../lib/gcc/arm-none-eabi/14.3.1/thumb/v7e-m+fp/hard/crtbegin.o
 .ARM.attributes
                0x00000056       0x34 ./Core/Src/app/log.o
 .ARM.attributes
                0x0000008a       0x34 ./Core/Src/app/tasks.o
 .ARM.attributes
                0x000000be       0x34 ./Core/Src/app_freertos.o
 .ARM.attributes
                0x000000f2       0x34 ./Core/Src/gpio.o
 .ARM.attributes
                0x00000126       0x34 ./Core/Src/i2c.o
 .ARM.attributes
                0x0000015a       0x34 ./Core/Src/main.o
 .ARM.attributes
                0x0000018e       0x34 ./Core/Src/spi.o
 .ARM.attributes
                0x000001c2       0x34 ./Core/Src/stm32g4xx_hal_msp.o
 .ARM.attributes
                0x000001f6       0x34 ./Core/Src/stm32g4xx_hal_timebase_tim.o
 .ARM.attributes
                0x0000022a       0x34 ./Core/Src/stm32g4xx_it.o
 .ARM.attributes
                0x0000025e       0x34 ./Core/Src/sysmem.o
 .ARM.attributes
                0x00000292       0x34 ./Core/Src/system_stm32g4xx.o
 .ARM.attributes
                0x000002c6       0x34 ./Core/Src/usart.o
 .ARM.attributes
                0x000002fa       0x34 ./Core/Src/bsp/board.o
 .ARM.attributes
                0x0000032e       0x34 ./Core/Src/cards/control_frontend.o
 .ARM.attributes
                0x00000362       0x34 ./Core/Src/cards/hv_card.o
 .ARM.attributes
                0x00000396       0x34 ./Core/Src/cards/matrix_card.o
 .ARM.attributes
                0x000003ca       0x34 ./Core/Src/drivers/ad7476.o
 .ARM.attributes
                0x000003fe       0x34 ./Core/Src/drivers/ads1232.o
 .ARM.attributes
                0x00000432       0x34 ./Core/Src/drivers/dac8775.o
 .ARM.attributes
                0x00000466       0x34 ./Core/Src/drivers/dac8830.o
 .ARM.attributes
                0x0000049a       0x34 ./Core/Src/drivers/mcp23017.o
 .ARM.attributes
                0x000004ce       0x34 ./Core/Src/test/continuity.o
 .ARM.attributes
                0x00000502       0x34 ./Core/Src/test/insulation.o
 .ARM.attributes
                0x00000536       0x34 ./Core/Src/test/kelvin.o
 .ARM.attributes
                0x0000056a       0x21 ./Core/Startup/startup_stm32g474retx.o
 .ARM.attributes
                0x0000058b       0x34 ./Drivers/STM32G4xx_HAL_Driver/Src/stm32g4xx_hal.o
 .ARM.attributes
                0x000005bf       0x34 ./Drivers/STM32G4xx_HAL_Driver/Src/stm32g4xx_hal_cortex.o
 .ARM.attributes