2026-08-05T19:49:09.794 [gui] session log opened
2026-08-05T19:49:09.794 [gui] connected 127.0.0.1:51817
2026-08-05T19:49:09.794 [rx] # HT_MK1 simulator scenario=pass
2026-08-05T19:49:09.794 [tx] >STATUS
2026-08-05T19:49:09.794 [rx] <STATUS state=idle fixture=none hv_mv=0
2026-08-05T19:49:09.794 [tx] >CAL GET
2026-08-05T19:49:09.794 [rx] <CAL current_ua=1000 gain=16 rref_mohm=100000
2026-08-05T19:49:09.795 [tx] >LIMITS GET
2026-08-05T19:49:09.795 [rx] <LIMITS r_max_mohm=1000 ins_min_mohm=100
2026-08-05T19:49:11.795 [tx] >FIXTURE hv
2026-08-05T19:49:11.795 [rx] !FIXTURE hv
2026-08-05T19:49:11.796 [rx] <OK
2026-08-05T19:49:12.596 [tx] >INSUL ARM
2026-08-05T19:49:12.596 [rx] !STATE hv_armed
2026-08-05T19:49:12.596 [rx] <OK armed
2026-08-05T19:49:13.397 [tx] >FIXTURE mtx
2026-08-05T19:49:13.397 [rx] !SAFE
2026-08-05T19:49:13.397 [rx] !STATE idle
2026-08-05T19:49:13.397 [rx] !FIXTURE mtx
2026-08-05T19:49:13.397 [rx] <OK
2026-08-05T19:49:14.201 [gui] disconnected
