2026-08-05T19:37:16.548 [gui] session log opened
2026-08-05T19:37:16.548 [gui] connected 127.0.0.1:51215
2026-08-05T19:37:16.549 [rx] # HT_MK1 simulator scenario=pass
2026-08-05T19:37:16.549 [tx] >STATUS
2026-08-05T19:37:16.549 [rx] <STATUS state=idle fixture=none hv_mv=0
2026-08-05T19:37:16.549 [tx] >CAL GET
2026-08-05T19:37:16.549 [rx] <CAL current_ua=1000 gain=16 rref_mohm=100000
2026-08-05T19:37:16.549 [tx] >LIMITS GET
2026-08-05T19:37:16.549 [rx] <LIMITS r_max_mohm=1000 ins_min_mohm=100
2026-08-05T19:37:18.552 [tx] >FIXTURE hv
2026-08-05T19:37:18.552 [rx] !FIXTURE hv
2026-08-05T19:37:18.553 [rx] <OK
2026-08-05T19:37:19.354 [tx] >INSUL ARM
2026-08-05T19:37:19.354 [rx] !STATE hv_armed
2026-08-05T19:37:19.355 [rx] <OK armed
2026-08-05T19:37:20.157 [tx] >FIXTURE mtx
2026-08-05T19:37:20.157 [rx] !SAFE
2026-08-05T19:37:20.157 [rx] !STATE idle
2026-08-05T19:37:20.157 [rx] !FIXTURE mtx
2026-08-05T19:37:20.157 [rx] <OK
2026-08-05T19:37:20.960 [gui] disconnected
