2026-08-05T19:33:47.889 [gui] session log opened
2026-08-05T19:33:47.890 [gui] connected 127.0.0.1:46137
2026-08-05T19:33:47.890 [rx] # HT_MK1 simulator scenario=opens_shorts
2026-08-05T19:33:47.890 [tx] >STATUS
2026-08-05T19:33:47.891 [rx] <STATUS state=idle fixture=none hv_mv=0
2026-08-05T19:33:47.891 [tx] >CAL GET
2026-08-05T19:33:47.891 [rx] <CAL current_ua=1000 gain=16 rref_mohm=100000
2026-08-05T19:33:47.891 [tx] >LIMITS GET
2026-08-05T19:33:47.891 [rx] <LIMITS r_max_mohm=1000 ins_min_mohm=100
2026-08-05T19:33:51.131 [tx] >CONT RUN verify
2026-08-05T19:33:51.131 [rx] <ERR ERANGE no netlist
2026-08-05T19:33:52.141 [tx] >FIXTURE mtx
2026-08-05T19:33:52.141 [rx] !FIXTURE mtx
2026-08-05T19:33:52.141 [rx] <OK
2026-08-05T19:33:52.548 [tx] >NETLIST BEGIN 8
2026-08-05T19:33:52.548 [rx] <OK
2026-08-05T19:33:52.548 [tx] >NETLIST ADD 1 101
2026-08-05T19:33:52.548 [rx] <OK
2026-08-05T19:33:52.549 [tx] >NETLIST ADD 2 102
2026-08-05T19:33:52.549 [rx] <OK
2026-08-05T19:33:52.549 [tx] >NETLIST ADD 3 103
2026-08-05T19:33:52.549 [rx] <OK
2026-08-05T19:33:52.549 [tx] >NETLIST ADD 4 104
2026-08-05T19:33:52.549 [rx] <OK
2026-08-05T19:33:52.549 [tx] >NETLIST ADD 5 105
2026-08-05T19:33:52.549 [rx] <OK
2026-08-05T19:33:52.549 [tx] >NETLIST ADD 6 106
2026-08-05T19:33:52.549 [rx] <OK
2026-08-05T19:33:52.549 [tx] >NETLIST ADD 7 107
2026-08-05T19:33:52.549 [rx] <OK
2026-08-05T19:33:52.549 [tx] >NETLIST ADD 8 108
2026-08-05T19:33:52.549 [rx] <OK
2026-08-05T19:33:52.549 [tx] >NETLIST END
2026-08-05T19:33:52.550 [rx] <OK loaded=8
2026-08-05T19:33:54.052 [tx] >CONT RUN verify
2026-08-05T19:33:54.052 [rx] <OK started
2026-08-05T19:33:54.052 [rx] !STATE running
2026-08-05T19:33:54.052 [rx] !CONT 1 101 open
2026-08-05T19:33:54.052 [rx] !PROGRESS 1 8
2026-08-05T19:33:54.063 [rx] !CONT 2 102 open
2026-08-05T19:33:54.063 [rx] !PROGRESS 2 8
2026-08-05T19:33:54.074 [rx] !CONT 3 103 open
2026-08-05T19:33:54.074 [rx] !PROGRESS 3 8
2026-08-05T19:33:54.084 [rx] !CONT 4 104 open
2026-08-05T19:33:54.084 [rx] !PROGRESS 4 8
2026-08-05T19:33:54.094 [rx] !CONT 5 105 open
2026-08-05T19:33:54.094 [rx] !PROGRESS 5 8
2026-08-05T19:33:54.105 [rx] !CONT 6 106 open
2026-08-05T19:33:54.105 [rx] !PROGRESS 6 8
2026-08-05T19:33:54.116 [rx] !CONT 7 107 open
2026-08-05T19:33:54.116 [rx] !PROGRESS 7 8
2026-08-05T19:33:54.126 [rx] !CONT 8 108 open
2026-08-05T19:33:54.126 [rx] !PROGRESS 8 8
2026-08-05T19:33:54.137 [rx] !STATE idle
2026-08-05T19:33:54.137 [rx] !DONE cont 0 8
2026-08-05T19:33:57.062 [tx] >ABORT
2026-08-05T19:33:57.062 [rx] !SAFE
2026-08-05T19:33:57.062 [rx] <OK
2026-08-05T19:33:57.570 [gui] disconnected
