2026-08-05T19:38:16.815 [gui] session log opened
2026-08-05T19:38:16.815 [gui] connected 127.0.0.1:53713
2026-08-05T19:38:16.815 [rx] # HT_MK1 simulator scenario=pass
2026-08-05T19:38:16.815 [tx] >STATUS
2026-08-05T19:38:16.815 [rx] <STATUS state=idle fixture=none hv_mv=0
2026-08-05T19:38:16.815 [tx] >CAL GET
2026-08-05T19:38:16.816 [rx] <CAL current_ua=1000 gain=16 rref_mohm=100000
2026-08-05T19:38:16.816 [tx] >LIMITS GET
2026-08-05T19:38:16.816 [rx] <LIMITS r_max_mohm=1000 ins_min_mohm=100
2026-08-05T19:38:18.816 [tx] >FIXTURE hv
2026-08-05T19:38:18.816 [rx] !FIXTURE hv
2026-08-05T19:38:18.816 [rx] <OK
2026-08-05T19:38:19.619 [tx] >INSUL ARM
2026-08-05T19:38:19.619 [rx] !STATE hv_armed
2026-08-05T19:38:19.620 [rx] <OK armed
2026-08-05T19:38:20.421 [tx] >FIXTURE mtx
2026-08-05T19:38:20.421 [rx] !SAFE
2026-08-05T19:38:20.421 [rx] !STATE idle
2026-08-05T19:38:20.421 [rx] !FIXTURE mtx
2026-08-05T19:38:20.421 [rx] <OK
2026-08-05T19:38:21.224 [gui] disconnected
