2026-08-05T19:49:31.596 [gui] session log opened
2026-08-05T19:49:31.597 [gui] connected 127.0.0.1:51857
2026-08-05T19:49:31.597 [rx] # HT_MK1 simulator scenario=pass
2026-08-05T19:49:31.597 [tx] >STATUS
2026-08-05T19:49:31.597 [rx] <STATUS state=idle fixture=none hv_mv=0
2026-08-05T19:49:31.606 [tx] >PING
2026-08-05T19:49:31.606 [rx] <PONG
2026-08-05T19:49:31.608 [gui] disconnected
2026-08-05T19:49:31.625 [gui] session log opened
2026-08-05T19:49:31.625 [gui] connected 127.0.0.1:51857
2026-08-05T19:49:31.626 [rx] # HT_MK1 simulator scenario=pass
2026-08-05T19:49:31.626 [tx] >STATUS
2026-08-05T19:49:31.627 [rx] <STATUS state=idle fixture=none hv_mv=0
2026-08-05T19:49:31.628 [tx] >NONSENSE
2026-08-05T19:49:31.628 [rx] <ERR ESYNTAX unrecognised command: NONSENSE
2026-08-05T19:49:31.632 [gui] disconnected
2026-08-05T19:49:31.633 [gui] session log opened
2026-08-05T19:49:31.633 [gui] connected 127.0.0.1:51857
2026-08-05T19:49:31.633 [rx] # HT_MK1 simulator scenario=pass
2026-08-05T19:49:31.633 [tx] >STATUS
2026-08-05T19:49:31.633 [rx] <STATUS state=idle fixture=none hv_mv=0
2026-08-05T19:49:31.634 [tx] >NETLIST BEGIN 6
2026-08-05T19:49:31.634 [rx] <OK
2026-08-05T19:49:31.634 [tx] >NETLIST ADD 1 2
2026-08-05T19:49:31.634 [rx] <OK
2026-08-05T19:49:31.635 [tx] >NETLIST ADD 2 3
2026-08-05T19:49:31.635 [rx] <OK
2026-08-05T19:49:31.635 [tx] >NETLIST ADD 3 4
2026-08-05T19:49:31.635 [rx] <OK
2026-08-05T19:49:31.635 [tx] >NETLIST ADD 4 5
2026-08-05T19:49:31.635 [rx] <OK
2026-08-05T19:49:31.635 [tx] >NETLIST ADD 5 6
2026-08-05T19:49:31.635 [rx] <OK
2026-08-05T19:49:31.635 [tx] >NETLIST ADD 6 7
2026-08-05T19:49:31.635 [rx] <OK
2026-08-05T19:49:31.635 [tx] >NETLIST END
2026-08-05T19:49:31.635 [rx] <OK loaded=6
2026-08-05T19:49:31.636 [tx] >NETLIST GET
2026-08-05T19:49:31.636 [rx] <NETLIST 6
2026-08-05T19:49:31.636 [rx] <NET 1 2
2026-08-05T19:49:31.636 [rx] <NET 2 3
2026-08-05T19:49:31.636 [rx] <NET 3 4
2026-08-05T19:49:31.636 [rx] <NET 4 5
2026-08-05T19:49:31.636 [rx] <NET 5 6
2026-08-05T19:49:31.636 [rx] <NET 6 7
2026-08-05T19:49:31.639 [gui] disconnected
2026-08-05T19:49:31.640 [gui] session log opened
2026-08-05T19:49:31.640 [gui] connected 127.0.0.1:51857
2026-08-05T19:49:31.640 [rx] # HT_MK1 simulator scenario=pass
2026-08-05T19:49:31.641 [tx] >STATUS
2026-08-05T19:49:31.641 [rx] <STATUS state=idle fixture=none hv_mv=0
2026-08-05T19:49:31.658 [tx] >FIXTURE mtx
2026-08-05T19:49:31.659 [rx] !FIXTURE mtx
2026-08-05T19:49:31.659 [rx] <OK
2026-08-05T19:49:31.660 [tx] >NETLIST BEGIN 6
2026-08-05T19:49:31.660 [rx] <OK
2026-08-05T19:49:31.660 [tx] >NETLIST ADD 1 2
2026-08-05T19:49:31.660 [rx] <OK
2026-08-05T19:49:31.660 [tx] >NETLIST ADD 2 3
2026-08-05T19:49:31.660 [rx] <OK
2026-08-05T19:49:31.660 [tx] >NETLIST ADD 3 4
2026-08-05T19:49:31.660 [rx] <OK
2026-08-05T19:49:31.660 [tx] >NETLIST ADD 4 5
2026-08-05T19:49:31.660 [rx] <OK
2026-08-05T19:49:31.660 [tx] >NETLIST ADD 5 6
2026-08-05T19:49:31.660 [rx] <OK
2026-08-05T19:49:31.661 [tx] >NETLIST ADD 6 7
2026-08-05T19:49:31.661 [rx] <OK
2026-08-05T19:49:31.661 [tx] >NETLIST END
2026-08-05T19:49:31.661 [rx] <OK loaded=6
2026-08-05T19:49:31.662 [tx] >CONT RUN verify
2026-08-05T19:49:31.662 [rx] <OK started
2026-08-05T19:49:31.662 [rx] !STATE running
2026-08-05T19:49:31.662 [rx] !CONT 1 2 pass
2026-08-05T19:49:31.662 [rx] !PROGRESS 1 6
2026-08-05T19:49:31.662 [rx] !CONT 2 3 open
2026-08-05T19:49:31.662 [rx] !PROGRESS 2 6
2026-08-05T19:49:31.662 [rx] !CONT 3 4 pass
2026-08-05T19:49:31.662 [rx] !PROGRESS 3 6
2026-08-05T19:49:31.662 [rx] !CONT 4 5 open
2026-08-05T19:49:31.663 [rx] !PROGRESS 4 6
2026-08-05T19:49:31.663 [rx] !CONT 5 6 pass
2026-08-05T19:49:31.663 [rx] !PROGRESS 5 6
2026-08-05T19:49:31.663 [rx] !CONT 6 7 open
2026-08-05T19:49:31.663 [rx] !PROGRESS 6 6
2026-08-05T19:49:31.663 [rx] !STATE idle
2026-08-05T19:49:31.663 [rx] !DONE cont 3 3
