2026-08-05T19:35:57.141 [gui] session log opened
2026-08-05T19:35:57.141 [gui] connected 127.0.0.1:46137
2026-08-05T19:35:57.141 [rx] # HT_MK1 simulator scenario=opens_shorts
2026-08-05T19:35:57.141 [tx] >STATUS
2026-08-05T19:35:57.141 [rx] <STATUS state=idle fixture=none hv_mv=0
2026-08-05T19:35:57.141 [tx] >CAL GET
2026-08-05T19:35:57.142 [rx] <CAL current_ua=1000 gain=16 rref_mohm=100000
2026-08-05T19:35:57.142 [tx] >LIMITS GET
2026-08-05T19:35:57.142 [rx] <LIMITS r_max_mohm=1000 ins_min_mohm=100
2026-08-05T19:36:00.378 [tx] >CONT RUN verify
2026-08-05T19:36:00.378 [rx] <ERR ERANGE no netlist
2026-08-05T19:36:01.384 [tx] >FIXTURE mtx
2026-08-05T19:36:01.384 [rx] !FIXTURE mtx
2026-08-05T19:36:01.384 [rx] <OK
2026-08-05T19:36:01.793 [tx] >NETLIST BEGIN 8
2026-08-05T19:36:01.793 [rx] <OK
2026-08-05T19:36:01.793 [tx] >NETLIST ADD 1 101
2026-08-05T19:36:01.793 [rx] <OK
2026-08-05T19:36:01.793 [tx] >NETLIST ADD 2 102
2026-08-05T19:36:01.793 [rx] <OK
2026-08-05T19:36:01.793 [tx] >NETLIST ADD 3 103
2026-08-05T19:36:01.793 [rx] <OK
2026-08-05T19:36:01.793 [tx] >NETLIST ADD 4 104
2026-08-05T19:36:01.793 [rx] <OK
2026-08-05T19:36:01.793 [tx] >NETLIST ADD 5 105
2026-08-05T19:36:01.793 [rx] <OK
2026-08-05T19:36:01.793 [tx] >NETLIST ADD 6 106
2026-08-05T19:36:01.793 [rx] <OK
2026-08-05T19:36:01.793 [tx] >NETLIST ADD 7 107
2026-08-05T19:36:01.793 [rx] <OK
2026-08-05T19:36:01.793 [tx] >NETLIST ADD 8 108
2026-08-05T19:36:01.793 [rx] <OK
2026-08-05T19:36:01.794 [tx] >NETLIST END
2026-08-05T19:36:01.794 [rx] <OK loaded=8
2026-08-05T19:36:03.296 [tx] >CONT RUN verify
2026-08-05T19:36:03.296 [rx] <OK started
2026-08-05T19:36:03.296 [rx] !STATE running
2026-08-05T19:36:03.296 [rx] !CONT 1 101 open
2026-08-05T19:36:03.296 [rx] !PROGRESS 1 8
2026-08-05T19:36:03.306 [rx] !CONT 2 102 open
2026-08-05T19:36:03.306 [rx] !PROGRESS 2 8
2026-08-05T19:36:03.317 [rx] !CONT 3 103 open
2026-08-05T19:36:03.317 [rx] !PROGRESS 3 8
2026-08-05T19:36:03.327 [rx] !CONT 4 104 open
2026-08-05T19:36:03.327 [rx] !PROGRESS 4 8
2026-08-05T19:36:03.337 [rx] !CONT 5 105 open
2026-08-05T19:36:03.337 [rx] !PROGRESS 5 8
2026-08-05T19:36:03.348 [rx] !CONT 6 106 open
2026-08-05T19:36:03.348 [rx] !PROGRESS 6 8
2026-08-05T19:36:03.358 [rx] !CONT 7 107 open
2026-08-05T19:36:03.358 [rx] !PROGRESS 7 8
2026-08-05T19:36:03.368 [rx] !CONT 8 108 open
2026-08-05T19:36:03.368 [rx] !PROGRESS 8 8
2026-08-05T19:36:03.378 [rx] !STATE idle
2026-08-05T19:36:03.378 [rx] !DONE cont 0 8
2026-08-05T19:36:06.506 [tx] >FIXTURE hv
2026-08-05T19:36:06.507 [rx] !FIXTURE hv
2026-08-05T19:36:06.507 [rx] <OK
2026-08-05T19:36:07.316 [tx] >INSUL ARM
2026-08-05T19:36:07.316 [rx] !STATE hv_armed
2026-08-05T19:36:07.316 [rx] <OK armed
2026-08-05T19:36:08.120 [tx] >FIXTURE mtx
2026-08-05T19:36:08.120 [rx] !SAFE
2026-08-05T19:36:08.120 [rx] !STATE idle
2026-08-05T19:36:08.120 [rx] !FIXTURE mtx
2026-08-05T19:36:08.120 [rx] <OK
2026-08-05T19:36:08.923 [tx] >ABORT
2026-08-05T19:36:08.923 [rx] !SAFE
2026-08-05T19:36:08.923 [rx] <OK
2026-08-05T19:36:09.424 [tx] >FAULT CLEAR
2026-08-05T19:36:09.425 [rx] !SAFE
2026-08-05T19:36:09.425 [rx] <OK started
2026-08-05T19:36:10.029 [gui] disconnected
