2026-08-05T19:49:20.573 [gui] session log opened
2026-08-05T19:49:20.573 [gui] connected 127.0.0.1:51817
2026-08-05T19:49:20.573 [rx] # HT_MK1 simulator scenario=pass
2026-08-05T19:49:20.573 [tx] >STATUS
2026-08-05T19:49:20.573 [rx] <STATUS state=idle fixture=none hv_mv=0
2026-08-05T19:49:20.574 [tx] >CAL GET
2026-08-05T19:49:20.574 [rx] <CAL current_ua=1000 gain=16 rref_mohm=100000
2026-08-05T19:49:20.574 [tx] >LIMITS GET
2026-08-05T19:49:20.574 [rx] <LIMITS r_max_mohm=1000 ins_min_mohm=100
2026-08-05T19:49:22.576 [tx] >FIXTURE mtx
2026-08-05T19:49:22.576 [rx] !FIXTURE mtx
2026-08-05T19:49:22.577 [rx] <OK
2026-08-05T19:49:23.080 [tx] >NETLIST BEGIN 6
2026-08-05T19:49:23.080 [rx] <OK
2026-08-05T19:49:23.080 [tx] >NETLIST ADD 1 2
2026-08-05T19:49:23.080 [rx] <OK
2026-08-05T19:49:23.080 [tx] >NETLIST ADD 2 3
2026-08-05T19:49:23.080 [rx] <OK
2026-08-05T19:49:23.080 [tx] >NETLIST ADD 3 4
2026-08-05T19:49:23.080 [rx] <OK
2026-08-05T19:49:23.080 [tx] >NETLIST ADD 4 5
2026-08-05T19:49:23.080 [rx] <OK
2026-08-05T19:49:23.080 [tx] >NETLIST ADD 5 6
2026-08-05T19:49:23.080 [rx] <OK
2026-08-05T19:49:23.080 [tx] >NETLIST ADD 6 7
2026-08-05T19:49:23.080 [rx] <OK
2026-08-05T19:49:23.081 [tx] >NETLIST END
2026-08-05T19:49:23.081 [rx] <OK loaded=6
2026-08-05T19:49:24.581 [tx] >CONT RUN verify
2026-08-05T19:49:24.581 [rx] <OK started
2026-08-05T19:49:24.581 [rx] !STATE running
2026-08-05T19:49:24.582 [rx] !CONT 1 2 pass
2026-08-05T19:49:24.582 [rx] !PROGRESS 1 6
2026-08-05T19:49:24.582 [rx] !CONT 2 3 open
2026-08-05T19:49:24.582 [rx] !PROGRESS 2 6
2026-08-05T19:49:24.582 [rx] !CONT 3 4 pass
2026-08-05T19:49:24.582 [rx] !PROGRESS 3 6
2026-08-05T19:49:24.582 [rx] !CONT 4 5 open
2026-08-05T19:49:24.582 [rx] !PROGRESS 4 6
2026-08-05T19:49:24.582 [rx] !CONT 5 6 pass
2026-08-05T19:49:24.582 [rx] !PROGRESS 5 6
2026-08-05T19:49:24.582 [rx] !CONT 6 7 open
2026-08-05T19:49:24.582 [rx] !PROGRESS 6 6
2026-08-05T19:49:24.582 [rx] !STATE idle
2026-08-05T19:49:24.582 [rx] !DONE cont 3 3
2026-08-05T19:49:27.586 [gui] disconnected
