2026-08-05T19:48:41.275 [gui] session log opened
2026-08-05T19:48:41.275 [gui] connected 127.0.0.1:53342
2026-08-05T19:48:41.275 [rx] # HT_MK1 simulator scenario=pass
2026-08-05T19:48:41.276 [tx] >STATUS
2026-08-05T19:48:41.276 [rx] <STATUS state=idle fixture=none hv_mv=0
2026-08-05T19:48:41.277 [tx] >PING
2026-08-05T19:48:41.277 [rx] <PONG
2026-08-05T19:48:41.290 [gui] disconnected
2026-08-05T19:48:41.307 [gui] session log opened
2026-08-05T19:48:41.307 [gui] connected 127.0.0.1:53342
2026-08-05T19:48:41.308 [rx] # HT_MK1 simulator scenario=pass
2026-08-05T19:48:41.308 [tx] >STATUS
2026-08-05T19:48:41.309 [rx] <STATUS state=idle fixture=none hv_mv=0
2026-08-05T19:48:41.311 [tx] >NONSENSE
2026-08-05T19:48:41.311 [rx] <ERR ESYNTAX unrecognised command: NONSENSE
2026-08-05T19:48:41.314 [gui] disconnected
2026-08-05T19:48:41.325 [gui] session log opened
2026-08-05T19:48:41.325 [gui] connected 127.0.0.1:53342
2026-08-05T19:48:41.325 [rx] # HT_MK1 simulator scenario=pass
2026-08-05T19:48:41.325 [tx] >STATUS
2026-08-05T19:48:41.325 [rx] <STATUS state=idle fixture=none hv_mv=0
2026-08-05T19:48:41.326 [tx] >NETLIST BEGIN 6
2026-08-05T19:48:41.326 [rx] <OK
2026-08-05T19:48:41.326 [tx] >NETLIST ADD 1 2
2026-08-05T19:48:41.326 [rx] <OK
2026-08-05T19:48:41.327 [tx] >NETLIST ADD 2 3
2026-08-05T19:48:41.327 [rx] <OK
2026-08-05T19:48:41.327 [tx] >NETLIST ADD 3 4
2026-08-05T19:48:41.327 [rx] <OK
2026-08-05T19:48:41.327 [tx] >NETLIST ADD 4 5
2026-08-05T19:48:41.327 [rx] <OK
2026-08-05T19:48:41.327 [tx] >NETLIST ADD 5 6
2026-08-05T19:48:41.327 [rx] <OK
2026-08-05T19:48:41.327 [tx] >NETLIST ADD 6 7
2026-08-05T19:48:41.327 [rx] <OK
2026-08-05T19:48:41.327 [tx] >NETLIST END
2026-08-05T19:48:41.327 [rx] <OK loaded=6
2026-08-05T19:48:41.328 [tx] >NETLIST GET
2026-08-05T19:48:41.328 [rx] <NETLIST 6
2026-08-05T19:48:41.328 [rx] <NET 1 2
2026-08-05T19:48:41.328 [rx] <NET 2 3
2026-08-05T19:48:41.328 [rx] <NET 3 4
2026-08-05T19:48:41.328 [rx] <NET 4 5
2026-08-05T19:48:41.328 [rx] <NET 5 6
2026-08-05T19:48:41.328 [rx] <NET 6 7
2026-08-05T19:48:41.331 [gui] disconnected
2026-08-05T19:48:41.332 [gui] session log opened
2026-08-05T19:48:41.332 [gui] connected 127.0.0.1:53342
2026-08-05T19:48:41.333 [rx] # HT_MK1 simulator scenario=pass
2026-08-05T19:48:41.333 [tx] >STATUS
2026-08-05T19:48:41.333 [rx] <STATUS state=idle fixture=none hv_mv=0
2026-08-05T19:48:41.334 [tx] >FIXTURE mtx
2026-08-05T19:48:41.334 [rx] !FIXTURE mtx
2026-08-05T19:48:41.334 [rx] <OK
2026-08-05T19:48:41.335 [tx] >NETLIST BEGIN 6
2026-08-05T19:48:41.335 [rx] <OK
2026-08-05T19:48:41.335 [tx] >NETLIST ADD 1 2
2026-08-05T19:48:41.335 [rx] <OK
2026-08-05T19:48:41.335 [tx] >NETLIST ADD 2 3
2026-08-05T19:48:41.335 [rx] <OK
2026-08-05T19:48:41.335 [tx] >NETLIST ADD 3 4
2026-08-05T19:48:41.335 [rx] <OK
2026-08-05T19:48:41.335 [tx] >NETLIST ADD 4 5
2026-08-05T19:48:41.335 [rx] <OK
2026-08-05T19:48:41.335 [tx] >NETLIST ADD 5 6
2026-08-05T19:48:41.335 [rx] <OK
2026-08-05T19:48:41.335 [tx] >NETLIST ADD 6 7
2026-08-05T19:48:41.335 [rx] <OK
2026-08-05T19:48:41.335 [tx] >NETLIST END
2026-08-05T19:48:41.335 [rx] <OK loaded=6
2026-08-05T19:48:41.336 [tx] >CONT RUN verify
2026-08-05T19:48:41.336 [rx] <OK started
2026-08-05T19:48:41.337 [rx] !STATE running
2026-08-05T19:48:41.337 [rx] !CONT 1 2 pass
2026-08-05T19:48:41.337 [rx] !PROGRESS 1 6
2026-08-05T19:48:41.337 [rx] !CONT 2 3 open
2026-08-05T19:48:41.337 [rx] !PROGRESS 2 6
2026-08-05T19:48:41.337 [rx] !CONT 3 4 pass
2026-08-05T19:48:41.337 [rx] !PROGRESS 3 6
2026-08-05T19:48:41.337 [rx] !CONT 4 5 open
2026-08-05T19:48:41.337 [rx] !PROGRESS 4 6
2026-08-05T19:48:41.337 [rx] !CONT 5 6 pass
2026-08-05T19:48:41.337 [rx] !PROGRESS 5 6
2026-08-05T19:48:41.338 [rx] !CONT 6 7 open
2026-08-05T19:48:41.338 [rx] !PROGRESS 6 6
2026-08-05T19:48:41.338 [rx] !STATE idle
2026-08-05T19:48:41.338 [rx] !DONE cont 3 3
