2026-08-05T19:37:27.318 [gui] session log opened
2026-08-05T19:37:27.318 [gui] connected 127.0.0.1:51215
2026-08-05T19:37:27.318 [rx] # HT_MK1 simulator scenario=pass
2026-08-05T19:37:27.318 [tx] >STATUS
2026-08-05T19:37:27.318 [rx] <STATUS state=idle fixture=none hv_mv=0
2026-08-05T19:37:27.318 [tx] >CAL GET
2026-08-05T19:37:27.318 [rx] <CAL current_ua=1000 gain=16 rref_mohm=100000
2026-08-05T19:37:27.318 [tx] >LIMITS GET
2026-08-05T19:37:27.319 [rx] <LIMITS r_max_mohm=1000 ins_min_mohm=100
2026-08-05T19:37:29.317 [tx] >FIXTURE mtx
2026-08-05T19:37:29.318 [rx] !FIXTURE mtx
2026-08-05T19:37:29.319 [rx] <OK
2026-08-05T19:37:29.820 [tx] >NETLIST BEGIN 6
2026-08-05T19:37:29.820 [rx] <OK
2026-08-05T19:37:29.820 [tx] >NETLIST ADD 1 2
2026-08-05T19:37:29.820 [rx] <OK
2026-08-05T19:37:29.820 [tx] >NETLIST ADD 2 3
2026-08-05T19:37:29.820 [rx] <OK
2026-08-05T19:37:29.820 [tx] >NETLIST ADD 3 4
2026-08-05T19:37:29.820 [rx] <OK
2026-08-05T19:37:29.820 [tx] >NETLIST ADD 4 5
2026-08-05T19:37:29.821 [rx] <OK
2026-08-05T19:37:29.821 [tx] >NETLIST ADD 5 6
2026-08-05T19:37:29.821 [rx] <OK
2026-08-05T19:37:29.821 [tx] >NETLIST ADD 6 7
2026-08-05T19:37:29.821 [rx] <OK
2026-08-05T19:37:29.821 [tx] >NETLIST END
2026-08-05T19:37:29.821 [rx] <OK loaded=6
2026-08-05T19:37:31.325 [tx] >CONT RUN verify
2026-08-05T19:37:31.325 [rx] <OK started
2026-08-05T19:37:31.325 [rx] !STATE running
2026-08-05T19:37:31.325 [rx] !CONT 1 2 pass
2026-08-05T19:37:31.325 [rx] !PROGRESS 1 6
2026-08-05T19:37:31.325 [rx] !CONT 2 3 open
2026-08-05T19:37:31.325 [rx] !PROGRESS 2 6
2026-08-05T19:37:31.325 [rx] !CONT 3 4 pass
2026-08-05T19:37:31.325 [rx] !PROGRESS 3 6
2026-08-05T19:37:31.325 [rx] !CONT 4 5 open
2026-08-05T19:37:31.325 [rx] !PROGRESS 4 6
2026-08-05T19:37:31.325 [rx] !CONT 5 6 pass
2026-08-05T19:37:31.325 [rx] !PROGRESS 5 6
2026-08-05T19:37:31.325 [rx] !CONT 6 7 open
2026-08-05T19:37:31.325 [rx] !PROGRESS 6 6
2026-08-05T19:37:31.325 [rx] !STATE idle
2026-08-05T19:37:31.325 [rx] !DONE cont 3 3
2026-08-05T19:37:34.329 [gui] disconnected
