2026-08-05T19:48:19.248 [gui] session log opened
2026-08-05T19:48:19.248 [gui] connected 127.0.0.1:53299
2026-08-05T19:48:19.248 [rx] # HT_MK1 simulator scenario=pass
2026-08-05T19:48:19.249 [tx] >STATUS
2026-08-05T19:48:19.249 [rx] <STATUS state=idle fixture=none hv_mv=0
2026-08-05T19:48:19.249 [tx] >CAL GET
2026-08-05T19:48:19.249 [rx] <CAL current_ua=1000 gain=16 rref_mohm=100000
2026-08-05T19:48:19.249 [tx] >LIMITS GET
2026-08-05T19:48:19.249 [rx] <LIMITS r_max_mohm=1000 ins_min_mohm=100
2026-08-05T19:48:21.248 [tx] >FIXTURE hv
2026-08-05T19:48:21.248 [rx] !FIXTURE hv
2026-08-05T19:48:21.249 [rx] <OK
2026-08-05T19:48:22.052 [tx] >INSUL ARM
2026-08-05T19:48:22.052 [rx] !STATE hv_armed
2026-08-05T19:48:22.052 [rx] <OK armed
2026-08-05T19:48:22.853 [tx] >FIXTURE mtx
2026-08-05T19:48:22.853 [rx] !SAFE
2026-08-05T19:48:22.853 [rx] !STATE idle
2026-08-05T19:48:22.854 [rx] !FIXTURE mtx
2026-08-05T19:48:22.854 [rx] <OK
2026-08-05T19:48:23.658 [gui] disconnected
