2026-08-05T19:38:27.566 [gui] session log opened
2026-08-05T19:38:27.566 [gui] connected 127.0.0.1:53713
2026-08-05T19:38:27.566 [rx] # HT_MK1 simulator scenario=pass
2026-08-05T19:38:27.566 [tx] >STATUS
2026-08-05T19:38:27.566 [rx] <STATUS state=idle fixture=none hv_mv=0
2026-08-05T19:38:27.567 [tx] >CAL GET
2026-08-05T19:38:27.567 [rx] <CAL current_ua=1000 gain=16 rref_mohm=100000
2026-08-05T19:38:27.567 [tx] >LIMITS GET
2026-08-05T19:38:27.567 [rx] <LIMITS r_max_mohm=1000 ins_min_mohm=100
2026-08-05T19:38:29.567 [tx] >FIXTURE mtx
2026-08-05T19:38:29.567 [rx] !FIXTURE mtx
2026-08-05T19:38:29.568 [rx] <OK
2026-08-05T19:38:30.069 [tx] >NETLIST BEGIN 6
2026-08-05T19:38:30.069 [rx] <OK
2026-08-05T19:38:30.069 [tx] >NETLIST ADD 1 2
2026-08-05T19:38:30.069 [rx] <OK
2026-08-05T19:38:30.069 [tx] >NETLIST ADD 2 3
2026-08-05T19:38:30.069 [rx] <OK
2026-08-05T19:38:30.069 [tx] >NETLIST ADD 3 4
2026-08-05T19:38:30.069 [rx] <OK
2026-08-05T19:38:30.069 [tx] >NETLIST ADD 4 5
2026-08-05T19:38:30.069 [rx] <OK
2026-08-05T19:38:30.069 [tx] >NETLIST ADD 5 6
2026-08-05T19:38:30.069 [rx] <OK
2026-08-05T19:38:30.069 [tx] >NETLIST ADD 6 7
2026-08-05T19:38:30.069 [rx] <OK
2026-08-05T19:38:30.069 [tx] >NETLIST END
2026-08-05T19:38:30.069 [rx] <OK loaded=6
2026-08-05T19:38:31.573 [tx] >CONT RUN verify
2026-08-05T19:38:31.574 [rx] <OK started
2026-08-05T19:38:31.574 [rx] !STATE running
2026-08-05T19:38:31.574 [rx] !CONT 1 2 pass
2026-08-05T19:38:31.574 [rx] !PROGRESS 1 6
2026-08-05T19:38:31.574 [rx] !CONT 2 3 open
2026-08-05T19:38:31.574 [rx] !PROGRESS 2 6
2026-08-05T19:38:31.574 [rx] !CONT 3 4 pass
2026-08-05T19:38:31.574 [rx] !PROGRESS 3 6
2026-08-05T19:38:31.574 [rx] !CONT 4 5 open
2026-08-05T19:38:31.574 [rx] !PROGRESS 4 6
2026-08-05T19:38:31.574 [rx] !CONT 5 6 pass
2026-08-05T19:38:31.574 [rx] !PROGRESS 5 6
2026-08-05T19:38:31.574 [rx] !CONT 6 7 open
2026-08-05T19:38:31.574 [rx] !PROGRESS 6 6
2026-08-05T19:38:31.574 [rx] !STATE idle
2026-08-05T19:38:31.574 [rx] !DONE cont 3 3
2026-08-05T19:38:34.577 [gui] disconnected
