../Core/Src/app/proto.c:57:13:proto_line	16	static
../Core/Src/app/proto.c:74:13:proto_emit	132	static
../Core/Src/app/proto.c:108:13:proto_err	16	static
../Core/Src/app/proto.c:113:6:Proto_EvtProgress	16	static
../Core/Src/app/proto.c:118:6:Proto_EvtCont	24	static
../Core/Src/app/proto.c:123:6:Proto_EvtRes	32	static
../Core/Src/app/proto.c:129:6:Proto_EvtInsul	32	static
../Core/Src/app/proto.c:134:6:Proto_EvtFault	16	static
../Core/Src/app/proto.c:146:6:Proto_EvtDone	24	static
../Core/Src/app/proto.c:153:6:Proto_EvtState	16	static
../Core/Src/app/proto.c:166:20:proto_state_name	8	static
../Core/Src/app/proto.c:192:6:Proto_EvtHeartbeat	8	static
../Core/Src/app/proto.c:202:6:Proto_EvtHv	16	static
../Core/Src/app/proto.c:208:6:Proto_EvtSafe	8	static
../Core/Src/app/proto.c:219:10:Proto_NetlistCount	4	static
../Core/Src/app/proto.c:220:10:Proto_Busy	4	static
../Core/Src/app/proto.c:221:10:Proto_AbortRequested	4	static
../Core/Src/app/proto.c:222:10:Proto_HvArmed	4	static
../Core/Src/app/proto.c:223:10:Proto_ClearArm	4	static
../Core/Src/app/proto.c:224:10:Proto_LimitRMaxMohm	4	static
../Core/Src/app/proto.c:225:10:Proto_LimitInsMinMohm	4	static
../Core/Src/app/proto.c:227:5:Proto_NetlistGet	24	static
../Core/Src/app/proto.c:238:13:proto_fixture_name	16	static
../Core/Src/app/proto.c:256:6:Proto_SetFixture	32	static
../Core/Src/app/proto.c:296:6:Proto_EvtFixture	16	static
../Core/Src/app/proto.c:312:16:proto_split	32	static
../Core/Src/app/proto.c:333:12:proto_int	24	static
../Core/Src/app/proto.c:352:13:proto_post	32	static
../Core/Src/app/proto.c:375:13:proto_post_run	16	static
../Core/Src/app/proto.c:395:13:proto_exec	72	static
../Core/Src/app/proto.c:640:6:Proto_Init	16	static
../Core/Src/app/proto.c:663:6:Proto_RxByte	16	static
