../Core/Src/app/proto.c:58:13:proto_line	16	static
../Core/Src/app/proto.c:75:13:proto_emit	132	static
../Core/Src/app/proto.c:109:13:proto_err	16	static
../Core/Src/app/proto.c:114:6:Proto_EvtProgress	16	static
../Core/Src/app/proto.c:119:6:Proto_EvtCont	24	static
../Core/Src/app/proto.c:124:6:Proto_EvtRes	32	static
../Core/Src/app/proto.c:130:6:Proto_EvtInsul	32	static
../Core/Src/app/proto.c:135:6:Proto_EvtFault	16	static
../Core/Src/app/proto.c:147:6:Proto_EvtDone	24	static
../Core/Src/app/proto.c:154:6:Proto_EvtState	16	static
../Core/Src/app/proto.c:167:20:proto_state_name	8	static
../Core/Src/app/proto.c:193:6:Proto_EvtHeartbeat	8	static
../Core/Src/app/proto.c:203:6:Proto_EvtHv	16	static
../Core/Src/app/proto.c:209:6:Proto_EvtSafe	8	static
../Core/Src/app/proto.c:220:10:Proto_NetlistCount	4	static
../Core/Src/app/proto.c:221:10:Proto_Busy	4	static
../Core/Src/app/proto.c:222:10:Proto_AbortRequested	4	static
../Core/Src/app/proto.c:223:10:Proto_HvArmed	4	static
../Core/Src/app/proto.c:224:10:Proto_ClearArm	4	static
../Core/Src/app/proto.c:225:10:Proto_LimitRMaxMohm	4	static
../Core/Src/app/proto.c:226:10:Proto_LimitInsMinMohm	4	static
../Core/Src/app/proto.c:228:5:Proto_NetlistGet	24	static
../Core/Src/app/proto.c:239:13:proto_fixture_name	16	static
../Core/Src/app/proto.c:257:6:Proto_SetFixture	32	static
../Core/Src/app/proto.c:297:6:Proto_EvtFixture	16	static
../Core/Src/app/proto.c:313:16:proto_split	32	static
../Core/Src/app/proto.c:334:12:proto_int	24	static
../Core/Src/app/proto.c:353:13:proto_post	32	static
../Core/Src/app/proto.c:379:12:proto_hw_ready	8	static
../Core/Src/app/proto.c:398:13:proto_post_run	16	static
../Core/Src/app/proto.c:418:13:proto_exec	72	static
../Core/Src/app/proto.c:672:6:Proto_Init	16	static
../Core/Src/app/proto.c:695:6:Proto_RxByte	16	static
