../Core/Src/app/proto.c:58:13:proto_line	16	static
../Core/Src/app/proto.c:75:13:proto_emit	132	static
../Core/Src/app/proto.c:109:13:proto_err	16	static
../Core/Src/app/proto.c:114:6:Proto_EvtProgress	16	static
../Core/Src/app/proto.c:119:6:Proto_EvtCont	24	static
../Core/Src/app/proto.c:124:6:Proto_EvtRes	32	static
../Core/Src/app/proto.c:130:6:Proto_EvtInsul	32	static
../Core/Src/app/proto.c:135:6:Proto_EvtFault	16	static
../Core/Src/app/proto.c:147:6:Proto_EvtDone	24	static
../Core/Src/app/proto.c:154:6:Proto_EvtState	16	static
../Core/Src/app/proto.c:167:20:proto_state_name	8	static
../Core/Src/app/proto.c:193:6:Proto_EvtHeartbeat	8	static
../Core/Src/app/proto.c:203:6:Proto_EvtHv	16	static
../Core/Src/app/proto.c:209:6:Proto_EvtSafe	8	static
../Core/Src/app/proto.c:216:6:Proto_EvtTemp	16	static
../Core/Src/app/proto.c:225:10:Proto_NetlistCount	4	static
../Core/Src/app/proto.c:226:10:Proto_Busy	4	static
../Core/Src/app/proto.c:227:10:Proto_AbortRequested	4	static
../Core/Src/app/proto.c:228:10:Proto_HvArmed	4	static
../Core/Src/app/proto.c:229:10:Proto_ClearArm	4	static
../Core/Src/app/proto.c:230:10:Proto_LimitRMaxMohm	4	static
../Core/Src/app/proto.c:231:10:Proto_LimitInsMinMohm	4	static
../Core/Src/app/proto.c:233:5:Proto_NetlistGet	24	static
../Core/Src/app/proto.c:244:13:proto_fixture_name	16	static
../Core/Src/app/proto.c:262:6:Proto_SetFixture	32	static
../Core/Src/app/proto.c:302:6:Proto_EvtFixture	16	static
../Core/Src/app/proto.c:318:16:proto_split	32	static
../Core/Src/app/proto.c:339:12:proto_int	24	static
../Core/Src/app/proto.c:358:13:proto_post	32	static
../Core/Src/app/proto.c:384:12:proto_hw_ready	8	static
../Core/Src/app/proto.c:403:13:proto_post_run	16	static
../Core/Src/app/proto.c:423:13:proto_exec	72	static
../Core/Src/app/proto.c:686:6:Proto_Init	16	static
../Core/Src/app/proto.c:709:6:Proto_RxByte	16	static
