../Core/Src/app/proto.c:57:13:proto_line	16	static
../Core/Src/app/proto.c:74:13:proto_emit	132	static
../Core/Src/app/proto.c:108:13:proto_err	16	static
../Core/Src/app/proto.c:113:6:Proto_EvtProgress	16	static
../Core/Src/app/proto.c:118:6:Proto_EvtCont	24	static
../Core/Src/app/proto.c:123:6:Proto_EvtRes	32	static
../Core/Src/app/proto.c:129:6:Proto_EvtInsul	32	static
../Core/Src/app/proto.c:134:6:Proto_EvtFault	16	static
../Core/Src/app/proto.c:146:6:Proto_EvtDone	24	static
../Core/Src/app/proto.c:153:6:Proto_EvtState	16	static
../Core/Src/app/proto.c:166:20:proto_state_name	4	static
../Core/Src/app/proto.c:188:6:Proto_EvtHeartbeat	8	static
../Core/Src/app/proto.c:198:6:Proto_EvtHv	16	static
../Core/Src/app/proto.c:204:6:Proto_EvtSafe	8	static
../Core/Src/app/proto.c:215:10:Proto_NetlistCount	4	static
../Core/Src/app/proto.c:216:10:Proto_Busy	4	static
../Core/Src/app/proto.c:217:10:Proto_AbortRequested	4	static
../Core/Src/app/proto.c:218:10:Proto_HvArmed	4	static
../Core/Src/app/proto.c:219:10:Proto_ClearArm	4	static
../Core/Src/app/proto.c:220:10:Proto_LimitRMaxMohm	4	static
../Core/Src/app/proto.c:221:10:Proto_LimitInsMinMohm	4	static
../Core/Src/app/proto.c:223:5:Proto_NetlistGet	24	static
../Core/Src/app/proto.c:234:13:proto_fixture_name	16	static
../Core/Src/app/proto.c:252:6:Proto_SetFixture	32	static
../Core/Src/app/proto.c:292:6:Proto_EvtFixture	16	static
../Core/Src/app/proto.c:308:16:proto_split	32	static
../Core/Src/app/proto.c:329:12:proto_int	24	static
../Core/Src/app/proto.c:348:13:proto_post	32	static
../Core/Src/app/proto.c:371:13:proto_post_run	16	static
../Core/Src/app/proto.c:391:13:proto_exec	72	static
../Core/Src/app/proto.c:636:6:Proto_Init	16	static
../Core/Src/app/proto.c:659:6:Proto_RxByte	16	static
