../Core/Src/app/tasks.c:49:13:Ads1232BenchTask	16	static
../Core/Src/app/tasks.c:100:6:Safety_SignalFault	16	static
../Core/Src/app/tasks.c:110:6:Safety_ClearFault	4	static
../Core/Src/app/tasks.c:116:6:Safety_InFault	4	static
../Core/Src/app/tasks.c:124:13:force_safe_all	16	static
../Core/Src/app/tasks.c:144:13:SafetyTask	24	static
../Core/Src/app/tasks.c:184:13:run_command	80	static
../Core/Src/app/tasks.c:242:13:SequencerTask	32	static
../Core/Src/app/tasks.c:268:13:post_simple	48	static
../Core/Src/app/tasks.c:283:13:CommsTask	24	static
../Core/Src/app/tasks.c:321:5:Tasks_PostCommand	16	static
../Core/Src/app/tasks.c:338:13:console_puts	24	static
../Core/Src/app/tasks.c:355:6:Tasks_Init	8	static
