../Core/Src/cards/hv_card.c:21:13:hv_map	32	static
../Core/Src/cards/hv_card.c:34:26:hv_side_open	24	static
../Core/Src/cards/hv_card.c:59:26:hv_side_close_one	24	static
../Core/Src/cards/hv_card.c:85:19:HvCard_OpenAllRelays	24	static
../Core/Src/cards/hv_card.c:112:19:HvCard_Init	32	static
../Core/Src/cards/hv_card.c:166:19:HvCard_CloseInject	16	static
../Core/Src/cards/hv_card.c:177:19:HvCard_CloseReturn	16	static
../Core/Src/cards/hv_card.c:193:19:HvCard_ConnectPair	24	static
../Core/Src/cards/hv_card.c:211:19:HvCard_SetVoltageCode	16	static
../Core/Src/cards/hv_card.c:223:19:HvCard_SetVoltageFraction	16	static
../Core/Src/cards/hv_card.c:234:19:HvCard_HvOff	16	static
../Core/Src/cards/hv_card.c:248:19:HvCard_HvEnable	16	static
../Core/Src/cards/hv_card.c:266:19:HvCard_Discharge	16	static
../Core/Src/cards/hv_card.c:278:19:HvCard_ReadRailRaw	16	static
../Core/Src/cards/hv_card.c:291:19:HvCard_ReadRailVolts	16	static
../Core/Src/cards/hv_card.c:303:19:HvCard_ReadLeakageRaw	16	static
../Core/Src/cards/hv_card.c:314:19:HvCard_ReadLeakageVolts	16	static
