../Core/Src/cards/matrix_card.c:28:13:matrix_map_pin	32	static
../Core/Src/cards/matrix_card.c:41:20:matrix_force_dev	16	static
../Core/Src/cards/matrix_card.c:52:20:matrix_sense_dev	16	static
../Core/Src/cards/matrix_card.c:68:26:matrix_drive_enables	24	static
../Core/Src/cards/matrix_card.c:92:13:matrix_stage_channel	24	static
../Core/Src/cards/matrix_card.c:106:26:matrix_flush_select	16	static
../Core/Src/cards/matrix_card.c:126:19:MatrixCard_Init	24	static
../Core/Src/cards/matrix_card.c:195:19:MatrixCard_SetSensePaired	24	static
../Core/Src/cards/matrix_card.c:228:19:MatrixCard_BankOff	16	static
../Core/Src/cards/matrix_card.c:244:19:MatrixCard_AllOff	24	static
../Core/Src/cards/matrix_card.c:273:19:MatrixCard_SelectPin	24	static
../Core/Src/cards/matrix_card.c:313:19:MatrixCard_ConnectPair	24	static
../Core/Src/cards/matrix_card.c:364:19:MatrixCard_InitAdc	32	static
../Core/Src/cards/matrix_card.c:381:19:MatrixCard_ReadRaw	16	static
../Core/Src/cards/matrix_card.c:392:19:MatrixCard_ReadVolts	16	static
