../Core/Src/drivers/ads124s08.c:39:26:ads_cs	16	static
../Core/Src/drivers/ads124s08.c:52:26:ads_xfer	40	static
../Core/Src/drivers/ads124s08.c:80:26:ads_framed	32	static
../Core/Src/drivers/ads124s08.c:105:10:ADS124S08_GainValue	16	static
../Core/Src/drivers/ads124s08.c:115:10:ADS124S08_PeriodMs	16	static
../Core/Src/drivers/ads124s08.c:129:19:ADS124S08_Command	24	static
../Core/Src/drivers/ads124s08.c:148:19:ADS124S08_WriteReg	24	static
../Core/Src/drivers/ads124s08.c:170:19:ADS124S08_ReadReg	32	static
../Core/Src/drivers/ads124s08.c:198:19:ADS124S08_Reset	24	static
../Core/Src/drivers/ads124s08.c:233:19:ADS124S08_CheckId	24	static
../Core/Src/drivers/ads124s08.c:256:19:ADS124S08_SetMux	16	static
../Core/Src/drivers/ads124s08.c:270:19:ADS124S08_SetIdac	24	static
../Core/Src/drivers/ads124s08.c:295:19:ADS124S08_SetGain	24	static
../Core/Src/drivers/ads124s08.c:317:19:ADS124S08_BypassPga	24	static
../Core/Src/drivers/ads124s08.c:342:19:ADS124S08_SetRate	24	static
../Core/Src/drivers/ads124s08.c:368:19:ADS124S08_Init	40	static
../Core/Src/drivers/ads124s08.c:439:19:ADS124S08_SelfOffsetCal	24	static
../Core/Src/drivers/ads124s08.c:478:26:ads_rdata	32	static
../Core/Src/drivers/ads124s08.c:508:19:ADS124S08_ConvertOnce	24	static
../Core/Src/drivers/ads124s08.c:553:19:ADS124S08_ConvertAverage	72	static
../Core/Src/drivers/ads124s08.c:600:7:ADS124S08_CodeToVolts	24	static
../Core/Src/drivers/ads124s08.c:617:7:ADS124S08_OhmsRatiometric	32	static
../Core/Src/drivers/ads124s08.c:634:7:ADS124S08_OhmsFromCurrent	24	static
